<!doctype html public "-//w3c//dtd html 4.0 transitional//en">
<html><head>
<title>Static Call Graph - [.\Objects\Laminating.axf]</title></head>
<body><HR>
<H1>Static Call Graph for image .\Objects\Laminating.axf</H1><HR>
<BR><P>#&#060CALLGRAPH&#062# ARM Linker, 5050106: Last Updated: Tue Feb 19 09:44:39 2019
<BR><P>
<H3>Maximum Stack Usage =        128 bytes + Unknown(Cycles, Untraceable Function Pointers)</H3><H3>
Call chain for Maximum Stack Depth:</H3>
main &rArr; Comm_Process &rArr; Comm_CanRxDataGet &rArr; Comm_CanDirectSend &rArr; Comm_CAN_SendOnePackage &rArr; CAN_TransmitStatus
<P>
<H3>
Mutually Recursive functions
</H3> <LI><a href="#[1c]">ADC1_2_IRQHandler</a>&nbsp;&nbsp;&nbsp;&rArr;&nbsp;&nbsp;&nbsp;<a href="#[1c]">ADC1_2_IRQHandler</a><BR>
</UL>
<P>
<H3>
Function Pointers
</H3><UL>
 <LI><a href="#[1c]">ADC1_2_IRQHandler</a> from startup_stm32f10x_hd.o(.text) referenced from startup_stm32f10x_hd.o(RESET)
 <LI><a href="#[39]">ADC3_IRQHandler</a> from startup_stm32f10x_hd.o(.text) referenced from startup_stm32f10x_hd.o(RESET)
 <LI><a href="#[4]">BusFault_Handler</a> from stm32f10x_it.o(i.BusFault_Handler) referenced from startup_stm32f10x_hd.o(RESET)
 <LI><a href="#[1f]">CAN1_RX1_IRQHandler</a> from startup_stm32f10x_hd.o(.text) referenced from startup_stm32f10x_hd.o(RESET)
 <LI><a href="#[20]">CAN1_SCE_IRQHandler</a> from startup_stm32f10x_hd.o(.text) referenced from startup_stm32f10x_hd.o(RESET)
 <LI><a href="#[15]">DMA1_Channel1_IRQHandler</a> from startup_stm32f10x_hd.o(.text) referenced from startup_stm32f10x_hd.o(RESET)
 <LI><a href="#[16]">DMA1_Channel2_IRQHandler</a> from startup_stm32f10x_hd.o(.text) referenced from startup_stm32f10x_hd.o(RESET)
 <LI><a href="#[17]">DMA1_Channel3_IRQHandler</a> from startup_stm32f10x_hd.o(.text) referenced from startup_stm32f10x_hd.o(RESET)
 <LI><a href="#[18]">DMA1_Channel4_IRQHandler</a> from startup_stm32f10x_hd.o(.text) referenced from startup_stm32f10x_hd.o(RESET)
 <LI><a href="#[19]">DMA1_Channel5_IRQHandler</a> from startup_stm32f10x_hd.o(.text) referenced from startup_stm32f10x_hd.o(RESET)
 <LI><a href="#[1a]">DMA1_Channel6_IRQHandler</a> from startup_stm32f10x_hd.o(.text) referenced from startup_stm32f10x_hd.o(RESET)
 <LI><a href="#[1b]">DMA1_Channel7_IRQHandler</a> from startup_stm32f10x_hd.o(.text) referenced from startup_stm32f10x_hd.o(RESET)
 <LI><a href="#[42]">DMA2_Channel1_IRQHandler</a> from startup_stm32f10x_hd.o(.text) referenced from startup_stm32f10x_hd.o(RESET)
 <LI><a href="#[43]">DMA2_Channel2_IRQHandler</a> from startup_stm32f10x_hd.o(.text) referenced from startup_stm32f10x_hd.o(RESET)
 <LI><a href="#[44]">DMA2_Channel3_IRQHandler</a> from startup_stm32f10x_hd.o(.text) referenced from startup_stm32f10x_hd.o(RESET)
 <LI><a href="#[45]">DMA2_Channel4_5_IRQHandler</a> from startup_stm32f10x_hd.o(.text) referenced from startup_stm32f10x_hd.o(RESET)
 <LI><a href="#[7]">DebugMon_Handler</a> from stm32f10x_it.o(i.DebugMon_Handler) referenced from startup_stm32f10x_hd.o(RESET)
 <LI><a href="#[10]">EXTI0_IRQHandler</a> from stm32f10x_it.o(i.EXTI0_IRQHandler) referenced from startup_stm32f10x_hd.o(RESET)
 <LI><a href="#[32]">EXTI15_10_IRQHandler</a> from stm32f10x_it.o(i.EXTI15_10_IRQHandler) referenced from startup_stm32f10x_hd.o(RESET)
 <LI><a href="#[11]">EXTI1_IRQHandler</a> from stm32f10x_it.o(i.EXTI1_IRQHandler) referenced from startup_stm32f10x_hd.o(RESET)
 <LI><a href="#[12]">EXTI2_IRQHandler</a> from stm32f10x_it.o(i.EXTI2_IRQHandler) referenced from startup_stm32f10x_hd.o(RESET)
 <LI><a href="#[13]">EXTI3_IRQHandler</a> from stm32f10x_it.o(i.EXTI3_IRQHandler) referenced from startup_stm32f10x_hd.o(RESET)
 <LI><a href="#[14]">EXTI4_IRQHandler</a> from stm32f10x_it.o(i.EXTI4_IRQHandler) referenced from startup_stm32f10x_hd.o(RESET)
 <LI><a href="#[21]">EXTI9_5_IRQHandler</a> from stm32f10x_it.o(i.EXTI9_5_IRQHandler) referenced from startup_stm32f10x_hd.o(RESET)
 <LI><a href="#[e]">FLASH_IRQHandler</a> from startup_stm32f10x_hd.o(.text) referenced from startup_stm32f10x_hd.o(RESET)
 <LI><a href="#[3a]">FSMC_IRQHandler</a> from startup_stm32f10x_hd.o(.text) referenced from startup_stm32f10x_hd.o(RESET)
 <LI><a href="#[2]">HardFault_Handler</a> from stm32f10x_it.o(i.HardFault_Handler) referenced from startup_stm32f10x_hd.o(RESET)
 <LI><a href="#[2a]">I2C1_ER_IRQHandler</a> from startup_stm32f10x_hd.o(.text) referenced from startup_stm32f10x_hd.o(RESET)
 <LI><a href="#[29]">I2C1_EV_IRQHandler</a> from startup_stm32f10x_hd.o(.text) referenced from startup_stm32f10x_hd.o(RESET)
 <LI><a href="#[2c]">I2C2_ER_IRQHandler</a> from startup_stm32f10x_hd.o(.text) referenced from startup_stm32f10x_hd.o(RESET)
 <LI><a href="#[2b]">I2C2_EV_IRQHandler</a> from startup_stm32f10x_hd.o(.text) referenced from startup_stm32f10x_hd.o(RESET)
 <LI><a href="#[3]">MemManage_Handler</a> from stm32f10x_it.o(i.MemManage_Handler) referenced from startup_stm32f10x_hd.o(RESET)
 <LI><a href="#[1]">NMI_Handler</a> from stm32f10x_it.o(i.NMI_Handler) referenced from startup_stm32f10x_hd.o(RESET)
 <LI><a href="#[b]">PVD_IRQHandler</a> from startup_stm32f10x_hd.o(.text) referenced from startup_stm32f10x_hd.o(RESET)
 <LI><a href="#[8]">PendSV_Handler</a> from stm32f10x_it.o(i.PendSV_Handler) referenced from startup_stm32f10x_hd.o(RESET)
 <LI><a href="#[f]">RCC_IRQHandler</a> from startup_stm32f10x_hd.o(.text) referenced from startup_stm32f10x_hd.o(RESET)
 <LI><a href="#[33]">RTCAlarm_IRQHandler</a> from startup_stm32f10x_hd.o(.text) referenced from startup_stm32f10x_hd.o(RESET)
 <LI><a href="#[d]">RTC_IRQHandler</a> from startup_stm32f10x_hd.o(.text) referenced from startup_stm32f10x_hd.o(RESET)
 <LI><a href="#[0]">Reset_Handler</a> from startup_stm32f10x_hd.o(.text) referenced from startup_stm32f10x_hd.o(RESET)
 <LI><a href="#[3b]">SDIO_IRQHandler</a> from startup_stm32f10x_hd.o(.text) referenced from startup_stm32f10x_hd.o(RESET)
 <LI><a href="#[2d]">SPI1_IRQHandler</a> from startup_stm32f10x_hd.o(.text) referenced from startup_stm32f10x_hd.o(RESET)
 <LI><a href="#[2e]">SPI2_IRQHandler</a> from startup_stm32f10x_hd.o(.text) referenced from startup_stm32f10x_hd.o(RESET)
 <LI><a href="#[3d]">SPI3_IRQHandler</a> from startup_stm32f10x_hd.o(.text) referenced from startup_stm32f10x_hd.o(RESET)
 <LI><a href="#[6]">SVC_Handler</a> from stm32f10x_it.o(i.SVC_Handler) referenced from startup_stm32f10x_hd.o(RESET)
 <LI><a href="#[9]">SysTick_Handler</a> from stm32f10x_it.o(i.SysTick_Handler) referenced from startup_stm32f10x_hd.o(RESET)
 <LI><a href="#[47]">SystemInit</a> from system_stm32f10x.o(i.SystemInit) referenced from startup_stm32f10x_hd.o(.text)
 <LI><a href="#[c]">TAMPER_IRQHandler</a> from startup_stm32f10x_hd.o(.text) referenced from startup_stm32f10x_hd.o(RESET)
 <LI><a href="#[22]">TIM1_BRK_IRQHandler</a> from startup_stm32f10x_hd.o(.text) referenced from startup_stm32f10x_hd.o(RESET)
 <LI><a href="#[25]">TIM1_CC_IRQHandler</a> from startup_stm32f10x_hd.o(.text) referenced from startup_stm32f10x_hd.o(RESET)
 <LI><a href="#[24]">TIM1_TRG_COM_IRQHandler</a> from startup_stm32f10x_hd.o(.text) referenced from startup_stm32f10x_hd.o(RESET)
 <LI><a href="#[23]">TIM1_UP_IRQHandler</a> from motor.o(i.TIM1_UP_IRQHandler) referenced from startup_stm32f10x_hd.o(RESET)
 <LI><a href="#[26]">TIM2_IRQHandler</a> from motor.o(i.TIM2_IRQHandler) referenced from startup_stm32f10x_hd.o(RESET)
 <LI><a href="#[27]">TIM3_IRQHandler</a> from motor.o(i.TIM3_IRQHandler) referenced from startup_stm32f10x_hd.o(RESET)
 <LI><a href="#[28]">TIM4_IRQHandler</a> from motor.o(i.TIM4_IRQHandler) referenced from startup_stm32f10x_hd.o(RESET)
 <LI><a href="#[3c]">TIM5_IRQHandler</a> from motor.o(i.TIM5_IRQHandler) referenced from startup_stm32f10x_hd.o(RESET)
 <LI><a href="#[40]">TIM6_IRQHandler</a> from motor.o(i.TIM6_IRQHandler) referenced from startup_stm32f10x_hd.o(RESET)
 <LI><a href="#[41]">TIM7_IRQHandler</a> from motor.o(i.TIM7_IRQHandler) referenced from startup_stm32f10x_hd.o(RESET)
 <LI><a href="#[35]">TIM8_BRK_IRQHandler</a> from startup_stm32f10x_hd.o(.text) referenced from startup_stm32f10x_hd.o(RESET)
 <LI><a href="#[38]">TIM8_CC_IRQHandler</a> from startup_stm32f10x_hd.o(.text) referenced from startup_stm32f10x_hd.o(RESET)
 <LI><a href="#[37]">TIM8_TRG_COM_IRQHandler</a> from startup_stm32f10x_hd.o(.text) referenced from startup_stm32f10x_hd.o(RESET)
 <LI><a href="#[36]">TIM8_UP_IRQHandler</a> from motor.o(i.TIM8_UP_IRQHandler) referenced from startup_stm32f10x_hd.o(RESET)
 <LI><a href="#[3e]">UART4_IRQHandler</a> from startup_stm32f10x_hd.o(.text) referenced from startup_stm32f10x_hd.o(RESET)
 <LI><a href="#[3f]">UART5_IRQHandler</a> from startup_stm32f10x_hd.o(.text) referenced from startup_stm32f10x_hd.o(RESET)
 <LI><a href="#[2f]">USART1_IRQHandler</a> from hostcomm.o(i.USART1_IRQHandler) referenced from startup_stm32f10x_hd.o(RESET)
 <LI><a href="#[30]">USART2_IRQHandler</a> from startup_stm32f10x_hd.o(.text) referenced from startup_stm32f10x_hd.o(RESET)
 <LI><a href="#[31]">USART3_IRQHandler</a> from startup_stm32f10x_hd.o(.text) referenced from startup_stm32f10x_hd.o(RESET)
 <LI><a href="#[34]">USBWakeUp_IRQHandler</a> from startup_stm32f10x_hd.o(.text) referenced from startup_stm32f10x_hd.o(RESET)
 <LI><a href="#[1d]">USB_HP_CAN1_TX_IRQHandler</a> from startup_stm32f10x_hd.o(.text) referenced from startup_stm32f10x_hd.o(RESET)
 <LI><a href="#[1e]">USB_LP_CAN1_RX0_IRQHandler</a> from comm_can.o(i.USB_LP_CAN1_RX0_IRQHandler) referenced from startup_stm32f10x_hd.o(RESET)
 <LI><a href="#[5]">UsageFault_Handler</a> from stm32f10x_it.o(i.UsageFault_Handler) referenced from startup_stm32f10x_hd.o(RESET)
 <LI><a href="#[a]">WWDG_IRQHandler</a> from startup_stm32f10x_hd.o(.text) referenced from startup_stm32f10x_hd.o(RESET)
 <LI><a href="#[48]">__main</a> from entry.o(.ARM.Collect$$$$00000000) referenced from startup_stm32f10x_hd.o(.text)
 <LI><a href="#[46]">main</a> from main.o(i.main) referenced from entry9a.o(.ARM.Collect$$$$0000000B)
</UL>
<P>
<H3>
Global Symbols
</H3>
<P><STRONG><a name="[48]"></a>__main</STRONG> (Thumb, 0 bytes, Stack size unknown bytes, entry.o(.ARM.Collect$$$$00000000))
<BR>[Address Reference Count : 1]<UL><LI> startup_stm32f10x_hd.o(.text)
</UL>
<P><STRONG><a name="[f1]"></a>_main_stk</STRONG> (Thumb, 0 bytes, Stack size unknown bytes, entry2.o(.ARM.Collect$$$$00000001))

<P><STRONG><a name="[49]"></a>_main_scatterload</STRONG> (Thumb, 0 bytes, Stack size unknown bytes, entry5.o(.ARM.Collect$$$$00000004))
<BR><BR>[Calls]<UL><LI><a href="#[4a]">&gt;&gt;</a>&nbsp;&nbsp;&nbsp;__scatterload
</UL>

<P><STRONG><a name="[4e]"></a>__main_after_scatterload</STRONG> (Thumb, 0 bytes, Stack size unknown bytes, entry5.o(.ARM.Collect$$$$00000004))
<BR><BR>[Called By]<UL><LI><a href="#[4a]">&gt;&gt;</a>&nbsp;&nbsp;&nbsp;__scatterload
</UL>

<P><STRONG><a name="[f2]"></a>_main_clock</STRONG> (Thumb, 0 bytes, Stack size unknown bytes, entry7b.o(.ARM.Collect$$$$00000008))

<P><STRONG><a name="[f3]"></a>_main_cpp_init</STRONG> (Thumb, 0 bytes, Stack size unknown bytes, entry8b.o(.ARM.Collect$$$$0000000A))

<P><STRONG><a name="[f4]"></a>_main_init</STRONG> (Thumb, 0 bytes, Stack size unknown bytes, entry9a.o(.ARM.Collect$$$$0000000B))

<P><STRONG><a name="[f5]"></a>__rt_final_cpp</STRONG> (Thumb, 0 bytes, Stack size unknown bytes, entry10a.o(.ARM.Collect$$$$0000000D))

<P><STRONG><a name="[f6]"></a>__rt_final_exit</STRONG> (Thumb, 0 bytes, Stack size unknown bytes, entry11a.o(.ARM.Collect$$$$0000000F))

<P><STRONG><a name="[0]"></a>Reset_Handler</STRONG> (Thumb, 8 bytes, Stack size 0 bytes, startup_stm32f10x_hd.o(.text))
<BR>[Address Reference Count : 1]<UL><LI> startup_stm32f10x_hd.o(RESET)
</UL>
<P><STRONG><a name="[1c]"></a>ADC1_2_IRQHandler</STRONG> (Thumb, 0 bytes, Stack size 0 bytes, startup_stm32f10x_hd.o(.text))
<BR><BR>[Calls]<UL><LI><a href="#[1c]">&gt;&gt;</a>&nbsp;&nbsp;&nbsp;ADC1_2_IRQHandler
</UL>
<BR>[Called By]<UL><LI><a href="#[1c]">&gt;&gt;</a>&nbsp;&nbsp;&nbsp;ADC1_2_IRQHandler
</UL>
<BR>[Address Reference Count : 1]<UL><LI> startup_stm32f10x_hd.o(RESET)
</UL>
<P><STRONG><a name="[39]"></a>ADC3_IRQHandler</STRONG> (Thumb, 0 bytes, Stack size 0 bytes, startup_stm32f10x_hd.o(.text))
<BR>[Address Reference Count : 1]<UL><LI> startup_stm32f10x_hd.o(RESET)
</UL>
<P><STRONG><a name="[1f]"></a>CAN1_RX1_IRQHandler</STRONG> (Thumb, 0 bytes, Stack size 0 bytes, startup_stm32f10x_hd.o(.text))
<BR>[Address Reference Count : 1]<UL><LI> startup_stm32f10x_hd.o(RESET)
</UL>
<P><STRONG><a name="[20]"></a>CAN1_SCE_IRQHandler</STRONG> (Thumb, 0 bytes, Stack size 0 bytes, startup_stm32f10x_hd.o(.text))
<BR>[Address Reference Count : 1]<UL><LI> startup_stm32f10x_hd.o(RESET)
</UL>
<P><STRONG><a name="[15]"></a>DMA1_Channel1_IRQHandler</STRONG> (Thumb, 0 bytes, Stack size 0 bytes, startup_stm32f10x_hd.o(.text))
<BR>[Address Reference Count : 1]<UL><LI> startup_stm32f10x_hd.o(RESET)
</UL>
<P><STRONG><a name="[16]"></a>DMA1_Channel2_IRQHandler</STRONG> (Thumb, 0 bytes, Stack size 0 bytes, startup_stm32f10x_hd.o(.text))
<BR>[Address Reference Count : 1]<UL><LI> startup_stm32f10x_hd.o(RESET)
</UL>
<P><STRONG><a name="[17]"></a>DMA1_Channel3_IRQHandler</STRONG> (Thumb, 0 bytes, Stack size 0 bytes, startup_stm32f10x_hd.o(.text))
<BR>[Address Reference Count : 1]<UL><LI> startup_stm32f10x_hd.o(RESET)
</UL>
<P><STRONG><a name="[18]"></a>DMA1_Channel4_IRQHandler</STRONG> (Thumb, 0 bytes, Stack size 0 bytes, startup_stm32f10x_hd.o(.text))
<BR>[Address Reference Count : 1]<UL><LI> startup_stm32f10x_hd.o(RESET)
</UL>
<P><STRONG><a name="[19]"></a>DMA1_Channel5_IRQHandler</STRONG> (Thumb, 0 bytes, Stack size 0 bytes, startup_stm32f10x_hd.o(.text))
<BR>[Address Reference Count : 1]<UL><LI> startup_stm32f10x_hd.o(RESET)
</UL>
<P><STRONG><a name="[1a]"></a>DMA1_Channel6_IRQHandler</STRONG> (Thumb, 0 bytes, Stack size 0 bytes, startup_stm32f10x_hd.o(.text))
<BR>[Address Reference Count : 1]<UL><LI> startup_stm32f10x_hd.o(RESET)
</UL>
<P><STRONG><a name="[1b]"></a>DMA1_Channel7_IRQHandler</STRONG> (Thumb, 0 bytes, Stack size 0 bytes, startup_stm32f10x_hd.o(.text))
<BR>[Address Reference Count : 1]<UL><LI> startup_stm32f10x_hd.o(RESET)
</UL>
<P><STRONG><a name="[42]"></a>DMA2_Channel1_IRQHandler</STRONG> (Thumb, 0 bytes, Stack size 0 bytes, startup_stm32f10x_hd.o(.text))
<BR>[Address Reference Count : 1]<UL><LI> startup_stm32f10x_hd.o(RESET)
</UL>
<P><STRONG><a name="[43]"></a>DMA2_Channel2_IRQHandler</STRONG> (Thumb, 0 bytes, Stack size 0 bytes, startup_stm32f10x_hd.o(.text))
<BR>[Address Reference Count : 1]<UL><LI> startup_stm32f10x_hd.o(RESET)
</UL>
<P><STRONG><a name="[44]"></a>DMA2_Channel3_IRQHandler</STRONG> (Thumb, 0 bytes, Stack size 0 bytes, startup_stm32f10x_hd.o(.text))
<BR>[Address Reference Count : 1]<UL><LI> startup_stm32f10x_hd.o(RESET)
</UL>
<P><STRONG><a name="[45]"></a>DMA2_Channel4_5_IRQHandler</STRONG> (Thumb, 0 bytes, Stack size 0 bytes, startup_stm32f10x_hd.o(.text))
<BR>[Address Reference Count : 1]<UL><LI> startup_stm32f10x_hd.o(RESET)
</UL>
<P><STRONG><a name="[e]"></a>FLASH_IRQHandler</STRONG> (Thumb, 0 bytes, Stack size 0 bytes, startup_stm32f10x_hd.o(.text))
<BR>[Address Reference Count : 1]<UL><LI> startup_stm32f10x_hd.o(RESET)
</UL>
<P><STRONG><a name="[3a]"></a>FSMC_IRQHandler</STRONG> (Thumb, 0 bytes, Stack size 0 bytes, startup_stm32f10x_hd.o(.text))
<BR>[Address Reference Count : 1]<UL><LI> startup_stm32f10x_hd.o(RESET)
</UL>
<P><STRONG><a name="[2a]"></a>I2C1_ER_IRQHandler</STRONG> (Thumb, 0 bytes, Stack size 0 bytes, startup_stm32f10x_hd.o(.text))
<BR>[Address Reference Count : 1]<UL><LI> startup_stm32f10x_hd.o(RESET)
</UL>
<P><STRONG><a name="[29]"></a>I2C1_EV_IRQHandler</STRONG> (Thumb, 0 bytes, Stack size 0 bytes, startup_stm32f10x_hd.o(.text))
<BR>[Address Reference Count : 1]<UL><LI> startup_stm32f10x_hd.o(RESET)
</UL>
<P><STRONG><a name="[2c]"></a>I2C2_ER_IRQHandler</STRONG> (Thumb, 0 bytes, Stack size 0 bytes, startup_stm32f10x_hd.o(.text))
<BR>[Address Reference Count : 1]<UL><LI> startup_stm32f10x_hd.o(RESET)
</UL>
<P><STRONG><a name="[2b]"></a>I2C2_EV_IRQHandler</STRONG> (Thumb, 0 bytes, Stack size 0 bytes, startup_stm32f10x_hd.o(.text))
<BR>[Address Reference Count : 1]<UL><LI> startup_stm32f10x_hd.o(RESET)
</UL>
<P><STRONG><a name="[b]"></a>PVD_IRQHandler</STRONG> (Thumb, 0 bytes, Stack size 0 bytes, startup_stm32f10x_hd.o(.text))
<BR>[Address Reference Count : 1]<UL><LI> startup_stm32f10x_hd.o(RESET)
</UL>
<P><STRONG><a name="[f]"></a>RCC_IRQHandler</STRONG> (Thumb, 0 bytes, Stack size 0 bytes, startup_stm32f10x_hd.o(.text))
<BR>[Address Reference Count : 1]<UL><LI> startup_stm32f10x_hd.o(RESET)
</UL>
<P><STRONG><a name="[33]"></a>RTCAlarm_IRQHandler</STRONG> (Thumb, 0 bytes, Stack size 0 bytes, startup_stm32f10x_hd.o(.text))
<BR>[Address Reference Count : 1]<UL><LI> startup_stm32f10x_hd.o(RESET)
</UL>
<P><STRONG><a name="[d]"></a>RTC_IRQHandler</STRONG> (Thumb, 0 bytes, Stack size 0 bytes, startup_stm32f10x_hd.o(.text))
<BR>[Address Reference Count : 1]<UL><LI> startup_stm32f10x_hd.o(RESET)
</UL>
<P><STRONG><a name="[3b]"></a>SDIO_IRQHandler</STRONG> (Thumb, 0 bytes, Stack size 0 bytes, startup_stm32f10x_hd.o(.text))
<BR>[Address Reference Count : 1]<UL><LI> startup_stm32f10x_hd.o(RESET)
</UL>
<P><STRONG><a name="[2d]"></a>SPI1_IRQHandler</STRONG> (Thumb, 0 bytes, Stack size 0 bytes, startup_stm32f10x_hd.o(.text))
<BR>[Address Reference Count : 1]<UL><LI> startup_stm32f10x_hd.o(RESET)
</UL>
<P><STRONG><a name="[2e]"></a>SPI2_IRQHandler</STRONG> (Thumb, 0 bytes, Stack size 0 bytes, startup_stm32f10x_hd.o(.text))
<BR>[Address Reference Count : 1]<UL><LI> startup_stm32f10x_hd.o(RESET)
</UL>
<P><STRONG><a name="[3d]"></a>SPI3_IRQHandler</STRONG> (Thumb, 0 bytes, Stack size 0 bytes, startup_stm32f10x_hd.o(.text))
<BR>[Address Reference Count : 1]<UL><LI> startup_stm32f10x_hd.o(RESET)
</UL>
<P><STRONG><a name="[c]"></a>TAMPER_IRQHandler</STRONG> (Thumb, 0 bytes, Stack size 0 bytes, startup_stm32f10x_hd.o(.text))
<BR>[Address Reference Count : 1]<UL><LI> startup_stm32f10x_hd.o(RESET)
</UL>
<P><STRONG><a name="[22]"></a>TIM1_BRK_IRQHandler</STRONG> (Thumb, 0 bytes, Stack size 0 bytes, startup_stm32f10x_hd.o(.text))
<BR>[Address Reference Count : 1]<UL><LI> startup_stm32f10x_hd.o(RESET)
</UL>
<P><STRONG><a name="[25]"></a>TIM1_CC_IRQHandler</STRONG> (Thumb, 0 bytes, Stack size 0 bytes, startup_stm32f10x_hd.o(.text))
<BR>[Address Reference Count : 1]<UL><LI> startup_stm32f10x_hd.o(RESET)
</UL>
<P><STRONG><a name="[24]"></a>TIM1_TRG_COM_IRQHandler</STRONG> (Thumb, 0 bytes, Stack size 0 bytes, startup_stm32f10x_hd.o(.text))
<BR>[Address Reference Count : 1]<UL><LI> startup_stm32f10x_hd.o(RESET)
</UL>
<P><STRONG><a name="[35]"></a>TIM8_BRK_IRQHandler</STRONG> (Thumb, 0 bytes, Stack size 0 bytes, startup_stm32f10x_hd.o(.text))
<BR>[Address Reference Count : 1]<UL><LI> startup_stm32f10x_hd.o(RESET)
</UL>
<P><STRONG><a name="[38]"></a>TIM8_CC_IRQHandler</STRONG> (Thumb, 0 bytes, Stack size 0 bytes, startup_stm32f10x_hd.o(.text))
<BR>[Address Reference Count : 1]<UL><LI> startup_stm32f10x_hd.o(RESET)
</UL>
<P><STRONG><a name="[37]"></a>TIM8_TRG_COM_IRQHandler</STRONG> (Thumb, 0 bytes, Stack size 0 bytes, startup_stm32f10x_hd.o(.text))
<BR>[Address Reference Count : 1]<UL><LI> startup_stm32f10x_hd.o(RESET)
</UL>
<P><STRONG><a name="[3e]"></a>UART4_IRQHandler</STRONG> (Thumb, 0 bytes, Stack size 0 bytes, startup_stm32f10x_hd.o(.text))
<BR>[Address Reference Count : 1]<UL><LI> startup_stm32f10x_hd.o(RESET)
</UL>
<P><STRONG><a name="[3f]"></a>UART5_IRQHandler</STRONG> (Thumb, 0 bytes, Stack size 0 bytes, startup_stm32f10x_hd.o(.text))
<BR>[Address Reference Count : 1]<UL><LI> startup_stm32f10x_hd.o(RESET)
</UL>
<P><STRONG><a name="[30]"></a>USART2_IRQHandler</STRONG> (Thumb, 0 bytes, Stack size 0 bytes, startup_stm32f10x_hd.o(.text))
<BR>[Address Reference Count : 1]<UL><LI> startup_stm32f10x_hd.o(RESET)
</UL>
<P><STRONG><a name="[31]"></a>USART3_IRQHandler</STRONG> (Thumb, 0 bytes, Stack size 0 bytes, startup_stm32f10x_hd.o(.text))
<BR>[Address Reference Count : 1]<UL><LI> startup_stm32f10x_hd.o(RESET)
</UL>
<P><STRONG><a name="[34]"></a>USBWakeUp_IRQHandler</STRONG> (Thumb, 0 bytes, Stack size 0 bytes, startup_stm32f10x_hd.o(.text))
<BR>[Address Reference Count : 1]<UL><LI> startup_stm32f10x_hd.o(RESET)
</UL>
<P><STRONG><a name="[1d]"></a>USB_HP_CAN1_TX_IRQHandler</STRONG> (Thumb, 0 bytes, Stack size 0 bytes, startup_stm32f10x_hd.o(.text))
<BR>[Address Reference Count : 1]<UL><LI> startup_stm32f10x_hd.o(RESET)
</UL>
<P><STRONG><a name="[a]"></a>WWDG_IRQHandler</STRONG> (Thumb, 0 bytes, Stack size 0 bytes, startup_stm32f10x_hd.o(.text))
<BR>[Address Reference Count : 1]<UL><LI> startup_stm32f10x_hd.o(RESET)
</UL>
<P><STRONG><a name="[5a]"></a>__aeabi_memcpy</STRONG> (Thumb, 36 bytes, Stack size 0 bytes, memcpya.o(.text))
<BR><BR>[Called By]<UL><LI><a href="#[59]">&gt;&gt;</a>&nbsp;&nbsp;&nbsp;Comm_CAN_FIFO_RxDataPut
<LI><a href="#[5b]">&gt;&gt;</a>&nbsp;&nbsp;&nbsp;Comm_CAN_FIFO_TxDataGet
<LI><a href="#[50]">&gt;&gt;</a>&nbsp;&nbsp;&nbsp;HostComm_Cmd_Send_RawData
<LI><a href="#[2f]">&gt;&gt;</a>&nbsp;&nbsp;&nbsp;USART1_IRQHandler
</UL>

<P><STRONG><a name="[f7]"></a>__aeabi_memcpy4</STRONG> (Thumb, 0 bytes, Stack size 0 bytes, memcpya.o(.text), UNUSED)

<P><STRONG><a name="[f8]"></a>__aeabi_memcpy8</STRONG> (Thumb, 0 bytes, Stack size 0 bytes, memcpya.o(.text), UNUSED)

<P><STRONG><a name="[4c]"></a>__aeabi_memset</STRONG> (Thumb, 14 bytes, Stack size 0 bytes, memseta.o(.text))
<BR><BR>[Called By]<UL><LI><a href="#[4d]">&gt;&gt;</a>&nbsp;&nbsp;&nbsp;_memset$wrapper
<LI><a href="#[4b]">&gt;&gt;</a>&nbsp;&nbsp;&nbsp;__aeabi_memclr
</UL>

<P><STRONG><a name="[f9]"></a>__aeabi_memset4</STRONG> (Thumb, 0 bytes, Stack size 0 bytes, memseta.o(.text), UNUSED)

<P><STRONG><a name="[fa]"></a>__aeabi_memset8</STRONG> (Thumb, 0 bytes, Stack size 0 bytes, memseta.o(.text), UNUSED)

<P><STRONG><a name="[4b]"></a>__aeabi_memclr</STRONG> (Thumb, 4 bytes, Stack size 0 bytes, memseta.o(.text))
<BR><BR>[Calls]<UL><LI><a href="#[4c]">&gt;&gt;</a>&nbsp;&nbsp;&nbsp;__aeabi_memset
</UL>
<BR>[Called By]<UL><LI><a href="#[58]">&gt;&gt;</a>&nbsp;&nbsp;&nbsp;Comm_CAN_FIFO_Init
<LI><a href="#[87]">&gt;&gt;</a>&nbsp;&nbsp;&nbsp;HostComm_Cmd_Process
<LI><a href="#[2f]">&gt;&gt;</a>&nbsp;&nbsp;&nbsp;USART1_IRQHandler
</UL>

<P><STRONG><a name="[fb]"></a>__aeabi_memclr4</STRONG> (Thumb, 0 bytes, Stack size 0 bytes, memseta.o(.text), UNUSED)

<P><STRONG><a name="[fc]"></a>__aeabi_memclr8</STRONG> (Thumb, 0 bytes, Stack size 0 bytes, memseta.o(.text), UNUSED)

<P><STRONG><a name="[4d]"></a>_memset$wrapper</STRONG> (Thumb, 18 bytes, Stack size 8 bytes, memseta.o(.text), UNUSED)
<BR><BR>[Calls]<UL><LI><a href="#[4c]">&gt;&gt;</a>&nbsp;&nbsp;&nbsp;__aeabi_memset
</UL>

<P><STRONG><a name="[4a]"></a>__scatterload</STRONG> (Thumb, 28 bytes, Stack size 0 bytes, init.o(.text))
<BR><BR>[Calls]<UL><LI><a href="#[4e]">&gt;&gt;</a>&nbsp;&nbsp;&nbsp;__main_after_scatterload
</UL>
<BR>[Called By]<UL><LI><a href="#[49]">&gt;&gt;</a>&nbsp;&nbsp;&nbsp;_main_scatterload
</UL>

<P><STRONG><a name="[fd]"></a>__scatterload_rt2</STRONG> (Thumb, 0 bytes, Stack size 0 bytes, init.o(.text), UNUSED)

<P><STRONG><a name="[4f]"></a>Bump_Initialize</STRONG> (Thumb, 76 bytes, Stack size 8 bytes, device_action.o(i.Bump_Initialize))
<BR><BR>[Stack]<UL><LI>Max Depth = 96<LI>Call Chain = Bump_Initialize &rArr; Comm_CanDirectSend &rArr; Comm_CAN_SendOnePackage &rArr; CAN_TransmitStatus
</UL>
<BR>[Calls]<UL><LI><a href="#[51]">&gt;&gt;</a>&nbsp;&nbsp;&nbsp;Comm_CanDirectSend
<LI><a href="#[50]">&gt;&gt;</a>&nbsp;&nbsp;&nbsp;HostComm_Cmd_Send_RawData
<LI><a href="#[52]">&gt;&gt;</a>&nbsp;&nbsp;&nbsp;Delay_ms_SW
</UL>
<BR>[Called By]<UL><LI><a href="#[87]">&gt;&gt;</a>&nbsp;&nbsp;&nbsp;HostComm_Cmd_Process
</UL>

<P><STRONG><a name="[53]"></a>Bump_Wash_Act</STRONG> (Thumb, 104 bytes, Stack size 8 bytes, device_action.o(i.Bump_Wash_Act))
<BR><BR>[Stack]<UL><LI>Max Depth = 96<LI>Call Chain = Bump_Wash_Act &rArr; Comm_CanDirectSend &rArr; Comm_CAN_SendOnePackage &rArr; CAN_TransmitStatus
</UL>
<BR>[Calls]<UL><LI><a href="#[51]">&gt;&gt;</a>&nbsp;&nbsp;&nbsp;Comm_CanDirectSend
<LI><a href="#[50]">&gt;&gt;</a>&nbsp;&nbsp;&nbsp;HostComm_Cmd_Send_RawData
</UL>
<BR>[Called By]<UL><LI><a href="#[87]">&gt;&gt;</a>&nbsp;&nbsp;&nbsp;HostComm_Cmd_Process
</UL>

<P><STRONG><a name="[4]"></a>BusFault_Handler</STRONG> (Thumb, 4 bytes, Stack size 0 bytes, stm32f10x_it.o(i.BusFault_Handler))
<BR>[Address Reference Count : 1]<UL><LI> startup_stm32f10x_hd.o(RESET)
</UL>
<P><STRONG><a name="[e5]"></a>CAN_ClearITPendingBit</STRONG> (Thumb, 162 bytes, Stack size 0 bytes, stm32f10x_can.o(i.CAN_ClearITPendingBit))
<BR><BR>[Called By]<UL><LI><a href="#[1e]">&gt;&gt;</a>&nbsp;&nbsp;&nbsp;USB_LP_CAN1_RX0_IRQHandler
</UL>

<P><STRONG><a name="[5e]"></a>CAN_FilterInit</STRONG> (Thumb, 258 bytes, Stack size 8 bytes, stm32f10x_can.o(i.CAN_FilterInit))
<BR><BR>[Stack]<UL><LI>Max Depth = 8<LI>Call Chain = CAN_FilterInit
</UL>
<BR>[Called By]<UL><LI><a href="#[5d]">&gt;&gt;</a>&nbsp;&nbsp;&nbsp;Comm_CAN_FilterNumInit
</UL>

<P><STRONG><a name="[54]"></a>CAN_GetITStatus</STRONG> (Thumb, 284 bytes, Stack size 16 bytes, stm32f10x_can.o(i.CAN_GetITStatus))
<BR><BR>[Stack]<UL><LI>Max Depth = 16<LI>Call Chain = CAN_GetITStatus
</UL>
<BR>[Calls]<UL><LI><a href="#[55]">&gt;&gt;</a>&nbsp;&nbsp;&nbsp;CheckITStatus
</UL>
<BR>[Called By]<UL><LI><a href="#[1e]">&gt;&gt;</a>&nbsp;&nbsp;&nbsp;USB_LP_CAN1_RX0_IRQHandler
</UL>

<P><STRONG><a name="[67]"></a>CAN_ITConfig</STRONG> (Thumb, 18 bytes, Stack size 0 bytes, stm32f10x_can.o(i.CAN_ITConfig))
<BR><BR>[Called By]<UL><LI><a href="#[5f]">&gt;&gt;</a>&nbsp;&nbsp;&nbsp;Comm_CAN_Init
</UL>

<P><STRONG><a name="[66]"></a>CAN_Init</STRONG> (Thumb, 276 bytes, Stack size 12 bytes, stm32f10x_can.o(i.CAN_Init))
<BR><BR>[Stack]<UL><LI>Max Depth = 12<LI>Call Chain = CAN_Init
</UL>
<BR>[Called By]<UL><LI><a href="#[5f]">&gt;&gt;</a>&nbsp;&nbsp;&nbsp;Comm_CAN_Init
</UL>

<P><STRONG><a name="[e3]"></a>CAN_Receive</STRONG> (Thumb, 240 bytes, Stack size 8 bytes, stm32f10x_can.o(i.CAN_Receive))
<BR><BR>[Stack]<UL><LI>Max Depth = 8<LI>Call Chain = CAN_Receive
</UL>
<BR>[Called By]<UL><LI><a href="#[1e]">&gt;&gt;</a>&nbsp;&nbsp;&nbsp;USB_LP_CAN1_RX0_IRQHandler
</UL>

<P><STRONG><a name="[69]"></a>CAN_Transmit</STRONG> (Thumb, 294 bytes, Stack size 8 bytes, stm32f10x_can.o(i.CAN_Transmit))
<BR><BR>[Stack]<UL><LI>Max Depth = 8<LI>Call Chain = CAN_Transmit
</UL>
<BR>[Called By]<UL><LI><a href="#[6d]">&gt;&gt;</a>&nbsp;&nbsp;&nbsp;Comm_CanTxDataSend
<LI><a href="#[68]">&gt;&gt;</a>&nbsp;&nbsp;&nbsp;Comm_CAN_SendOnePackage
</UL>

<P><STRONG><a name="[6a]"></a>CAN_TransmitStatus</STRONG> (Thumb, 138 bytes, Stack size 8 bytes, stm32f10x_can.o(i.CAN_TransmitStatus))
<BR><BR>[Stack]<UL><LI>Max Depth = 8<LI>Call Chain = CAN_TransmitStatus
</UL>
<BR>[Called By]<UL><LI><a href="#[6d]">&gt;&gt;</a>&nbsp;&nbsp;&nbsp;Comm_CanTxDataSend
<LI><a href="#[68]">&gt;&gt;</a>&nbsp;&nbsp;&nbsp;Comm_CAN_SendOnePackage
</UL>

<P><STRONG><a name="[56]"></a>CRC16_Calculate</STRONG> (Thumb, 54 bytes, Stack size 32 bytes, crc16.o(i.CRC16_Calculate))
<BR><BR>[Stack]<UL><LI>Max Depth = 32<LI>Call Chain = CRC16_Calculate
</UL>
<BR>[Calls]<UL><LI><a href="#[57]">&gt;&gt;</a>&nbsp;&nbsp;&nbsp;Calc4BitsCRC
</UL>
<BR>[Called By]<UL><LI><a href="#[92]">&gt;&gt;</a>&nbsp;&nbsp;&nbsp;HostComm_Cmd_Respond_Common
</UL>

<P><STRONG><a name="[58]"></a>Comm_CAN_FIFO_Init</STRONG> (Thumb, 54 bytes, Stack size 16 bytes, comm_can_fifo.o(i.Comm_CAN_FIFO_Init))
<BR><BR>[Stack]<UL><LI>Max Depth = 16<LI>Call Chain = Comm_CAN_FIFO_Init
</UL>
<BR>[Calls]<UL><LI><a href="#[4b]">&gt;&gt;</a>&nbsp;&nbsp;&nbsp;__aeabi_memclr
</UL>
<BR>[Called By]<UL><LI><a href="#[6e]">&gt;&gt;</a>&nbsp;&nbsp;&nbsp;Comm_Init
</UL>

<P><STRONG><a name="[6c]"></a>Comm_CAN_FIFO_RxDataGet</STRONG> (Thumb, 90 bytes, Stack size 16 bytes, comm_can_fifo.o(i.Comm_CAN_FIFO_RxDataGet))
<BR><BR>[Stack]<UL><LI>Max Depth = 16<LI>Call Chain = Comm_CAN_FIFO_RxDataGet
</UL>
<BR>[Called By]<UL><LI><a href="#[6b]">&gt;&gt;</a>&nbsp;&nbsp;&nbsp;Comm_CanRxDataGet
</UL>

<P><STRONG><a name="[59]"></a>Comm_CAN_FIFO_RxDataPut</STRONG> (Thumb, 122 bytes, Stack size 16 bytes, comm_can_fifo.o(i.Comm_CAN_FIFO_RxDataPut))
<BR><BR>[Stack]<UL><LI>Max Depth = 16<LI>Call Chain = Comm_CAN_FIFO_RxDataPut
</UL>
<BR>[Calls]<UL><LI><a href="#[5a]">&gt;&gt;</a>&nbsp;&nbsp;&nbsp;__aeabi_memcpy
</UL>
<BR>[Called By]<UL><LI><a href="#[1e]">&gt;&gt;</a>&nbsp;&nbsp;&nbsp;USB_LP_CAN1_RX0_IRQHandler
</UL>

<P><STRONG><a name="[5b]"></a>Comm_CAN_FIFO_TxDataGet</STRONG> (Thumb, 112 bytes, Stack size 16 bytes, comm_can_fifo.o(i.Comm_CAN_FIFO_TxDataGet))
<BR><BR>[Stack]<UL><LI>Max Depth = 16<LI>Call Chain = Comm_CAN_FIFO_TxDataGet
</UL>
<BR>[Calls]<UL><LI><a href="#[5a]">&gt;&gt;</a>&nbsp;&nbsp;&nbsp;__aeabi_memcpy
</UL>
<BR>[Called By]<UL><LI><a href="#[6d]">&gt;&gt;</a>&nbsp;&nbsp;&nbsp;Comm_CanTxDataSend
</UL>

<P><STRONG><a name="[5f]"></a>Comm_CAN_Init</STRONG> (Thumb, 202 bytes, Stack size 24 bytes, comm_can.o(i.Comm_CAN_Init))
<BR><BR>[Stack]<UL><LI>Max Depth = 80<LI>Call Chain = Comm_CAN_Init &rArr; Comm_CAN_FilterInit &rArr; Comm_CAN_FilterNumInit &rArr; CAN_FilterInit
</UL>
<BR>[Calls]<UL><LI><a href="#[62]">&gt;&gt;</a>&nbsp;&nbsp;&nbsp;GPIO_PinRemapConfig
<LI><a href="#[64]">&gt;&gt;</a>&nbsp;&nbsp;&nbsp;GPIO_Init
<LI><a href="#[61]">&gt;&gt;</a>&nbsp;&nbsp;&nbsp;NVIC_PriorityGroupConfig
<LI><a href="#[65]">&gt;&gt;</a>&nbsp;&nbsp;&nbsp;NVIC_Init
<LI><a href="#[60]">&gt;&gt;</a>&nbsp;&nbsp;&nbsp;RCC_APB2PeriphClockCmd
<LI><a href="#[63]">&gt;&gt;</a>&nbsp;&nbsp;&nbsp;RCC_APB1PeriphClockCmd
<LI><a href="#[66]">&gt;&gt;</a>&nbsp;&nbsp;&nbsp;CAN_Init
<LI><a href="#[67]">&gt;&gt;</a>&nbsp;&nbsp;&nbsp;CAN_ITConfig
<LI><a href="#[5c]">&gt;&gt;</a>&nbsp;&nbsp;&nbsp;Comm_CAN_FilterInit
</UL>
<BR>[Called By]<UL><LI><a href="#[6e]">&gt;&gt;</a>&nbsp;&nbsp;&nbsp;Comm_Init
</UL>

<P><STRONG><a name="[68]"></a>Comm_CAN_SendOnePackage</STRONG> (Thumb, 90 bytes, Stack size 48 bytes, comm.o(i.Comm_CAN_SendOnePackage))
<BR><BR>[Stack]<UL><LI>Max Depth = 56<LI>Call Chain = Comm_CAN_SendOnePackage &rArr; CAN_TransmitStatus
</UL>
<BR>[Calls]<UL><LI><a href="#[6a]">&gt;&gt;</a>&nbsp;&nbsp;&nbsp;CAN_TransmitStatus
<LI><a href="#[69]">&gt;&gt;</a>&nbsp;&nbsp;&nbsp;CAN_Transmit
</UL>
<BR>[Called By]<UL><LI><a href="#[51]">&gt;&gt;</a>&nbsp;&nbsp;&nbsp;Comm_CanDirectSend
</UL>

<P><STRONG><a name="[51]"></a>Comm_CanDirectSend</STRONG> (Thumb, 120 bytes, Stack size 32 bytes, comm.o(i.Comm_CanDirectSend))
<BR><BR>[Stack]<UL><LI>Max Depth = 88<LI>Call Chain = Comm_CanDirectSend &rArr; Comm_CAN_SendOnePackage &rArr; CAN_TransmitStatus
</UL>
<BR>[Calls]<UL><LI><a href="#[68]">&gt;&gt;</a>&nbsp;&nbsp;&nbsp;Comm_CAN_SendOnePackage
</UL>
<BR>[Called By]<UL><LI><a href="#[6b]">&gt;&gt;</a>&nbsp;&nbsp;&nbsp;Comm_CanRxDataGet
<LI><a href="#[89]">&gt;&gt;</a>&nbsp;&nbsp;&nbsp;Start_Filling
<LI><a href="#[91]">&gt;&gt;</a>&nbsp;&nbsp;&nbsp;Injucet_Volume7
<LI><a href="#[90]">&gt;&gt;</a>&nbsp;&nbsp;&nbsp;Injucet_Volume6
<LI><a href="#[8f]">&gt;&gt;</a>&nbsp;&nbsp;&nbsp;Injucet_Volume5
<LI><a href="#[8e]">&gt;&gt;</a>&nbsp;&nbsp;&nbsp;Injucet_Volume4
<LI><a href="#[8d]">&gt;&gt;</a>&nbsp;&nbsp;&nbsp;Injucet_Volume3
<LI><a href="#[8c]">&gt;&gt;</a>&nbsp;&nbsp;&nbsp;Injucet_Volume2
<LI><a href="#[8b]">&gt;&gt;</a>&nbsp;&nbsp;&nbsp;Injucet_Volume1
<LI><a href="#[8a]">&gt;&gt;</a>&nbsp;&nbsp;&nbsp;Injucet_Bump_Switch
<LI><a href="#[88]">&gt;&gt;</a>&nbsp;&nbsp;&nbsp;Infusion_Act
<LI><a href="#[53]">&gt;&gt;</a>&nbsp;&nbsp;&nbsp;Bump_Wash_Act
<LI><a href="#[4f]">&gt;&gt;</a>&nbsp;&nbsp;&nbsp;Bump_Initialize
<LI><a href="#[87]">&gt;&gt;</a>&nbsp;&nbsp;&nbsp;HostComm_Cmd_Process
</UL>

<P><STRONG><a name="[e4]"></a>Comm_CanRxData</STRONG> (Thumb, 20 bytes, Stack size 0 bytes, comm.o(i.Comm_CanRxData))
<BR><BR>[Called By]<UL><LI><a href="#[1e]">&gt;&gt;</a>&nbsp;&nbsp;&nbsp;USB_LP_CAN1_RX0_IRQHandler
</UL>

<P><STRONG><a name="[6b]"></a>Comm_CanRxDataGet</STRONG> (Thumb, 92 bytes, Stack size 32 bytes, comm.o(i.Comm_CanRxDataGet))
<BR><BR>[Stack]<UL><LI>Max Depth = 120<LI>Call Chain = Comm_CanRxDataGet &rArr; Comm_CanDirectSend &rArr; Comm_CAN_SendOnePackage &rArr; CAN_TransmitStatus
</UL>
<BR>[Calls]<UL><LI><a href="#[6c]">&gt;&gt;</a>&nbsp;&nbsp;&nbsp;Comm_CAN_FIFO_RxDataGet
<LI><a href="#[51]">&gt;&gt;</a>&nbsp;&nbsp;&nbsp;Comm_CanDirectSend
<LI><a href="#[50]">&gt;&gt;</a>&nbsp;&nbsp;&nbsp;HostComm_Cmd_Send_RawData
<LI><a href="#[52]">&gt;&gt;</a>&nbsp;&nbsp;&nbsp;Delay_ms_SW
</UL>
<BR>[Called By]<UL><LI><a href="#[6f]">&gt;&gt;</a>&nbsp;&nbsp;&nbsp;Comm_Process
</UL>

<P><STRONG><a name="[6d]"></a>Comm_CanTxDataSend</STRONG> (Thumb, 76 bytes, Stack size 40 bytes, comm.o(i.Comm_CanTxDataSend))
<BR><BR>[Stack]<UL><LI>Max Depth = 56<LI>Call Chain = Comm_CanTxDataSend &rArr; Comm_CAN_FIFO_TxDataGet
</UL>
<BR>[Calls]<UL><LI><a href="#[6a]">&gt;&gt;</a>&nbsp;&nbsp;&nbsp;CAN_TransmitStatus
<LI><a href="#[69]">&gt;&gt;</a>&nbsp;&nbsp;&nbsp;CAN_Transmit
<LI><a href="#[5b]">&gt;&gt;</a>&nbsp;&nbsp;&nbsp;Comm_CAN_FIFO_TxDataGet
</UL>
<BR>[Called By]<UL><LI><a href="#[6f]">&gt;&gt;</a>&nbsp;&nbsp;&nbsp;Comm_Process
</UL>

<P><STRONG><a name="[6e]"></a>Comm_Init</STRONG> (Thumb, 20 bytes, Stack size 8 bytes, comm.o(i.Comm_Init))
<BR><BR>[Stack]<UL><LI>Max Depth = 88<LI>Call Chain = Comm_Init &rArr; Comm_CAN_Init &rArr; Comm_CAN_FilterInit &rArr; Comm_CAN_FilterNumInit &rArr; CAN_FilterInit
</UL>
<BR>[Calls]<UL><LI><a href="#[5f]">&gt;&gt;</a>&nbsp;&nbsp;&nbsp;Comm_CAN_Init
<LI><a href="#[58]">&gt;&gt;</a>&nbsp;&nbsp;&nbsp;Comm_CAN_FIFO_Init
</UL>
<BR>[Called By]<UL><LI><a href="#[46]">&gt;&gt;</a>&nbsp;&nbsp;&nbsp;main
</UL>

<P><STRONG><a name="[6f]"></a>Comm_Process</STRONG> (Thumb, 12 bytes, Stack size 8 bytes, comm.o(i.Comm_Process))
<BR><BR>[Stack]<UL><LI>Max Depth = 128<LI>Call Chain = Comm_Process &rArr; Comm_CanRxDataGet &rArr; Comm_CanDirectSend &rArr; Comm_CAN_SendOnePackage &rArr; CAN_TransmitStatus
</UL>
<BR>[Calls]<UL><LI><a href="#[6d]">&gt;&gt;</a>&nbsp;&nbsp;&nbsp;Comm_CanTxDataSend
<LI><a href="#[6b]">&gt;&gt;</a>&nbsp;&nbsp;&nbsp;Comm_CanRxDataGet
</UL>
<BR>[Called By]<UL><LI><a href="#[46]">&gt;&gt;</a>&nbsp;&nbsp;&nbsp;main
</UL>

<P><STRONG><a name="[70]"></a>Common_EXTI_Init</STRONG> (Thumb, 192 bytes, Stack size 56 bytes, common.o(i.Common_EXTI_Init))
<BR><BR>[Stack]<UL><LI>Max Depth = 80<LI>Call Chain = Common_EXTI_Init &rArr; GPIO_Init
</UL>
<BR>[Calls]<UL><LI><a href="#[64]">&gt;&gt;</a>&nbsp;&nbsp;&nbsp;GPIO_Init
<LI><a href="#[71]">&gt;&gt;</a>&nbsp;&nbsp;&nbsp;GPIO_EXTILineConfig
<LI><a href="#[72]">&gt;&gt;</a>&nbsp;&nbsp;&nbsp;EXTI_Init
<LI><a href="#[73]">&gt;&gt;</a>&nbsp;&nbsp;&nbsp;EXTI_ClearITPendingBit
<LI><a href="#[65]">&gt;&gt;</a>&nbsp;&nbsp;&nbsp;NVIC_Init
<LI><a href="#[60]">&gt;&gt;</a>&nbsp;&nbsp;&nbsp;RCC_APB2PeriphClockCmd
</UL>
<BR>[Called By]<UL><LI><a href="#[d9]">&gt;&gt;</a>&nbsp;&nbsp;&nbsp;PosSensor_Init
</UL>

<P><STRONG><a name="[94]"></a>Common_HiByte</STRONG> (Thumb, 6 bytes, Stack size 0 bytes, common.o(i.Common_HiByte))
<BR><BR>[Called By]<UL><LI><a href="#[92]">&gt;&gt;</a>&nbsp;&nbsp;&nbsp;HostComm_Cmd_Respond_Common
</UL>

<P><STRONG><a name="[93]"></a>Common_LoByte</STRONG> (Thumb, 6 bytes, Stack size 0 bytes, common.o(i.Common_LoByte))
<BR><BR>[Called By]<UL><LI><a href="#[92]">&gt;&gt;</a>&nbsp;&nbsp;&nbsp;HostComm_Cmd_Respond_Common
</UL>

<P><STRONG><a name="[74]"></a>DIAP_PUMP_CLOSED</STRONG> (Thumb, 100 bytes, Stack size 8 bytes, devices.o(i.DIAP_PUMP_CLOSED))
<BR><BR>[Stack]<UL><LI>Max Depth = 40<LI>Call Chain = DIAP_PUMP_CLOSED &rArr; DIAP_PUMP_Control &rArr; DIAP_PUMP_Set
</UL>
<BR>[Calls]<UL><LI><a href="#[75]">&gt;&gt;</a>&nbsp;&nbsp;&nbsp;DIAP_PUMP_Control
</UL>
<BR>[Called By]<UL><LI><a href="#[7a]">&gt;&gt;</a>&nbsp;&nbsp;&nbsp;Devices_Init
</UL>

<P><STRONG><a name="[75]"></a>DIAP_PUMP_Control</STRONG> (Thumb, 182 bytes, Stack size 16 bytes, devices.o(i.DIAP_PUMP_Control))
<BR><BR>[Stack]<UL><LI>Max Depth = 32<LI>Call Chain = DIAP_PUMP_Control &rArr; DIAP_PUMP_Set
</UL>
<BR>[Calls]<UL><LI><a href="#[76]">&gt;&gt;</a>&nbsp;&nbsp;&nbsp;DIAP_PUMP_Set
</UL>
<BR>[Called By]<UL><LI><a href="#[74]">&gt;&gt;</a>&nbsp;&nbsp;&nbsp;DIAP_PUMP_CLOSED
</UL>

<P><STRONG><a name="[77]"></a>DIAP_PUMP_Init</STRONG> (Thumb, 424 bytes, Stack size 8 bytes, devices.o(i.DIAP_PUMP_Init))
<BR><BR>[Stack]<UL><LI>Max Depth = 32<LI>Call Chain = DIAP_PUMP_Init &rArr; GPIO_Init
</UL>
<BR>[Calls]<UL><LI><a href="#[78]">&gt;&gt;</a>&nbsp;&nbsp;&nbsp;GPIO_ResetBits
<LI><a href="#[62]">&gt;&gt;</a>&nbsp;&nbsp;&nbsp;GPIO_PinRemapConfig
<LI><a href="#[64]">&gt;&gt;</a>&nbsp;&nbsp;&nbsp;GPIO_Init
<LI><a href="#[60]">&gt;&gt;</a>&nbsp;&nbsp;&nbsp;RCC_APB2PeriphClockCmd
</UL>
<BR>[Called By]<UL><LI><a href="#[7a]">&gt;&gt;</a>&nbsp;&nbsp;&nbsp;Devices_Init
</UL>

<P><STRONG><a name="[76]"></a>DIAP_PUMP_Set</STRONG> (Thumb, 32 bytes, Stack size 16 bytes, devices.o(i.DIAP_PUMP_Set))
<BR><BR>[Stack]<UL><LI>Max Depth = 16<LI>Call Chain = DIAP_PUMP_Set
</UL>
<BR>[Calls]<UL><LI><a href="#[79]">&gt;&gt;</a>&nbsp;&nbsp;&nbsp;GPIO_SetBits
<LI><a href="#[78]">&gt;&gt;</a>&nbsp;&nbsp;&nbsp;GPIO_ResetBits
</UL>
<BR>[Called By]<UL><LI><a href="#[75]">&gt;&gt;</a>&nbsp;&nbsp;&nbsp;DIAP_PUMP_Control
</UL>

<P><STRONG><a name="[7]"></a>DebugMon_Handler</STRONG> (Thumb, 2 bytes, Stack size 0 bytes, stm32f10x_it.o(i.DebugMon_Handler))
<BR>[Address Reference Count : 1]<UL><LI> startup_stm32f10x_hd.o(RESET)
</UL>
<P><STRONG><a name="[52]"></a>Delay_ms_SW</STRONG> (Thumb, 30 bytes, Stack size 8 bytes, common.o(i.Delay_ms_SW))
<BR><BR>[Stack]<UL><LI>Max Depth = 8<LI>Call Chain = Delay_ms_SW
</UL>
<BR>[Called By]<UL><LI><a href="#[6b]">&gt;&gt;</a>&nbsp;&nbsp;&nbsp;Comm_CanRxDataGet
<LI><a href="#[91]">&gt;&gt;</a>&nbsp;&nbsp;&nbsp;Injucet_Volume7
<LI><a href="#[90]">&gt;&gt;</a>&nbsp;&nbsp;&nbsp;Injucet_Volume6
<LI><a href="#[8f]">&gt;&gt;</a>&nbsp;&nbsp;&nbsp;Injucet_Volume5
<LI><a href="#[8e]">&gt;&gt;</a>&nbsp;&nbsp;&nbsp;Injucet_Volume4
<LI><a href="#[8d]">&gt;&gt;</a>&nbsp;&nbsp;&nbsp;Injucet_Volume3
<LI><a href="#[8c]">&gt;&gt;</a>&nbsp;&nbsp;&nbsp;Injucet_Volume2
<LI><a href="#[8b]">&gt;&gt;</a>&nbsp;&nbsp;&nbsp;Injucet_Volume1
<LI><a href="#[8a]">&gt;&gt;</a>&nbsp;&nbsp;&nbsp;Injucet_Bump_Switch
<LI><a href="#[88]">&gt;&gt;</a>&nbsp;&nbsp;&nbsp;Infusion_Act
<LI><a href="#[4f]">&gt;&gt;</a>&nbsp;&nbsp;&nbsp;Bump_Initialize
</UL>

<P><STRONG><a name="[7a]"></a>Devices_Init</STRONG> (Thumb, 24 bytes, Stack size 8 bytes, devices.o(i.Devices_Init))
<BR><BR>[Stack]<UL><LI>Max Depth = 88<LI>Call Chain = Devices_Init &rArr; Motor_Init &rArr; RAM_PUMP_Init &rArr; Motor_M9_Init &rArr; GPIO_Init
</UL>
<BR>[Calls]<UL><LI><a href="#[7c]">&gt;&gt;</a>&nbsp;&nbsp;&nbsp;Motor_Init
<LI><a href="#[7b]">&gt;&gt;</a>&nbsp;&nbsp;&nbsp;VAVLE_Init
<LI><a href="#[7d]">&gt;&gt;</a>&nbsp;&nbsp;&nbsp;VAVLE_CLOSED
<LI><a href="#[77]">&gt;&gt;</a>&nbsp;&nbsp;&nbsp;DIAP_PUMP_Init
<LI><a href="#[74]">&gt;&gt;</a>&nbsp;&nbsp;&nbsp;DIAP_PUMP_CLOSED
</UL>
<BR>[Called By]<UL><LI><a href="#[46]">&gt;&gt;</a>&nbsp;&nbsp;&nbsp;main
</UL>

<P><STRONG><a name="[10]"></a>EXTI0_IRQHandler</STRONG> (Thumb, 30 bytes, Stack size 8 bytes, stm32f10x_it.o(i.EXTI0_IRQHandler))
<BR><BR>[Stack]<UL><LI>Max Depth = 24<LI>Call Chain = EXTI0_IRQHandler &rArr; Movement_M4_Stop &rArr; Movement_M4_MotorDriver_PWM
</UL>
<BR>[Calls]<UL><LI><a href="#[7e]">&gt;&gt;</a>&nbsp;&nbsp;&nbsp;EXTI_GetITStatus
<LI><a href="#[73]">&gt;&gt;</a>&nbsp;&nbsp;&nbsp;EXTI_ClearITPendingBit
<LI><a href="#[7f]">&gt;&gt;</a>&nbsp;&nbsp;&nbsp;Movement_M4_Stop
</UL>
<BR>[Address Reference Count : 1]<UL><LI> startup_stm32f10x_hd.o(RESET)
</UL>
<P><STRONG><a name="[32]"></a>EXTI15_10_IRQHandler</STRONG> (Thumb, 136 bytes, Stack size 8 bytes, stm32f10x_it.o(i.EXTI15_10_IRQHandler))
<BR><BR>[Stack]<UL><LI>Max Depth = 24<LI>Call Chain = EXTI15_10_IRQHandler &rArr; Movement_M9_Stop &rArr; Movement_M9_MotorDriver_PWM
</UL>
<BR>[Calls]<UL><LI><a href="#[7e]">&gt;&gt;</a>&nbsp;&nbsp;&nbsp;EXTI_GetITStatus
<LI><a href="#[73]">&gt;&gt;</a>&nbsp;&nbsp;&nbsp;EXTI_ClearITPendingBit
<LI><a href="#[80]">&gt;&gt;</a>&nbsp;&nbsp;&nbsp;Movement_M9_Stop
<LI><a href="#[81]">&gt;&gt;</a>&nbsp;&nbsp;&nbsp;Movement_M10_Stop
</UL>
<BR>[Address Reference Count : 1]<UL><LI> startup_stm32f10x_hd.o(RESET)
</UL>
<P><STRONG><a name="[11]"></a>EXTI1_IRQHandler</STRONG> (Thumb, 30 bytes, Stack size 8 bytes, stm32f10x_it.o(i.EXTI1_IRQHandler))
<BR><BR>[Stack]<UL><LI>Max Depth = 24<LI>Call Chain = EXTI1_IRQHandler &rArr; Movement_M5_Stop &rArr; Movement_M5_MotorDriver_PWM
</UL>
<BR>[Calls]<UL><LI><a href="#[7e]">&gt;&gt;</a>&nbsp;&nbsp;&nbsp;EXTI_GetITStatus
<LI><a href="#[73]">&gt;&gt;</a>&nbsp;&nbsp;&nbsp;EXTI_ClearITPendingBit
<LI><a href="#[82]">&gt;&gt;</a>&nbsp;&nbsp;&nbsp;Movement_M5_Stop
</UL>
<BR>[Address Reference Count : 1]<UL><LI> startup_stm32f10x_hd.o(RESET)
</UL>
<P><STRONG><a name="[12]"></a>EXTI2_IRQHandler</STRONG> (Thumb, 18 bytes, Stack size 8 bytes, stm32f10x_it.o(i.EXTI2_IRQHandler))
<BR><BR>[Stack]<UL><LI>Max Depth = 8<LI>Call Chain = EXTI2_IRQHandler
</UL>
<BR>[Calls]<UL><LI><a href="#[7e]">&gt;&gt;</a>&nbsp;&nbsp;&nbsp;EXTI_GetITStatus
<LI><a href="#[73]">&gt;&gt;</a>&nbsp;&nbsp;&nbsp;EXTI_ClearITPendingBit
</UL>
<BR>[Address Reference Count : 1]<UL><LI> startup_stm32f10x_hd.o(RESET)
</UL>
<P><STRONG><a name="[13]"></a>EXTI3_IRQHandler</STRONG> (Thumb, 30 bytes, Stack size 8 bytes, stm32f10x_it.o(i.EXTI3_IRQHandler))
<BR><BR>[Stack]<UL><LI>Max Depth = 24<LI>Call Chain = EXTI3_IRQHandler &rArr; Movement_M8_Stop &rArr; Movement_M8_MotorDriver_PWM
</UL>
<BR>[Calls]<UL><LI><a href="#[7e]">&gt;&gt;</a>&nbsp;&nbsp;&nbsp;EXTI_GetITStatus
<LI><a href="#[73]">&gt;&gt;</a>&nbsp;&nbsp;&nbsp;EXTI_ClearITPendingBit
<LI><a href="#[83]">&gt;&gt;</a>&nbsp;&nbsp;&nbsp;Movement_M8_Stop
</UL>
<BR>[Address Reference Count : 1]<UL><LI> startup_stm32f10x_hd.o(RESET)
</UL>
<P><STRONG><a name="[14]"></a>EXTI4_IRQHandler</STRONG> (Thumb, 30 bytes, Stack size 8 bytes, stm32f10x_it.o(i.EXTI4_IRQHandler))
<BR><BR>[Stack]<UL><LI>Max Depth = 24<LI>Call Chain = EXTI4_IRQHandler &rArr; Movement_M9_Stop &rArr; Movement_M9_MotorDriver_PWM
</UL>
<BR>[Calls]<UL><LI><a href="#[7e]">&gt;&gt;</a>&nbsp;&nbsp;&nbsp;EXTI_GetITStatus
<LI><a href="#[73]">&gt;&gt;</a>&nbsp;&nbsp;&nbsp;EXTI_ClearITPendingBit
<LI><a href="#[80]">&gt;&gt;</a>&nbsp;&nbsp;&nbsp;Movement_M9_Stop
</UL>
<BR>[Address Reference Count : 1]<UL><LI> startup_stm32f10x_hd.o(RESET)
</UL>
<P><STRONG><a name="[21]"></a>EXTI9_5_IRQHandler</STRONG> (Thumb, 130 bytes, Stack size 8 bytes, stm32f10x_it.o(i.EXTI9_5_IRQHandler))
<BR><BR>[Stack]<UL><LI>Max Depth = 24<LI>Call Chain = EXTI9_5_IRQHandler &rArr; Movement_M8_Stop &rArr; Movement_M8_MotorDriver_PWM
</UL>
<BR>[Calls]<UL><LI><a href="#[7e]">&gt;&gt;</a>&nbsp;&nbsp;&nbsp;EXTI_GetITStatus
<LI><a href="#[73]">&gt;&gt;</a>&nbsp;&nbsp;&nbsp;EXTI_ClearITPendingBit
<LI><a href="#[83]">&gt;&gt;</a>&nbsp;&nbsp;&nbsp;Movement_M8_Stop
<LI><a href="#[86]">&gt;&gt;</a>&nbsp;&nbsp;&nbsp;Movement_M7_Stop
<LI><a href="#[85]">&gt;&gt;</a>&nbsp;&nbsp;&nbsp;Movement_M6_Stop
<LI><a href="#[84]">&gt;&gt;</a>&nbsp;&nbsp;&nbsp;Movement_M3_Stop
</UL>
<BR>[Address Reference Count : 1]<UL><LI> startup_stm32f10x_hd.o(RESET)
</UL>
<P><STRONG><a name="[73]"></a>EXTI_ClearITPendingBit</STRONG> (Thumb, 6 bytes, Stack size 0 bytes, stm32f10x_exti.o(i.EXTI_ClearITPendingBit))
<BR><BR>[Called By]<UL><LI><a href="#[21]">&gt;&gt;</a>&nbsp;&nbsp;&nbsp;EXTI9_5_IRQHandler
<LI><a href="#[14]">&gt;&gt;</a>&nbsp;&nbsp;&nbsp;EXTI4_IRQHandler
<LI><a href="#[13]">&gt;&gt;</a>&nbsp;&nbsp;&nbsp;EXTI3_IRQHandler
<LI><a href="#[12]">&gt;&gt;</a>&nbsp;&nbsp;&nbsp;EXTI2_IRQHandler
<LI><a href="#[11]">&gt;&gt;</a>&nbsp;&nbsp;&nbsp;EXTI1_IRQHandler
<LI><a href="#[32]">&gt;&gt;</a>&nbsp;&nbsp;&nbsp;EXTI15_10_IRQHandler
<LI><a href="#[10]">&gt;&gt;</a>&nbsp;&nbsp;&nbsp;EXTI0_IRQHandler
<LI><a href="#[70]">&gt;&gt;</a>&nbsp;&nbsp;&nbsp;Common_EXTI_Init
</UL>

<P><STRONG><a name="[7e]"></a>EXTI_GetITStatus</STRONG> (Thumb, 34 bytes, Stack size 0 bytes, stm32f10x_exti.o(i.EXTI_GetITStatus))
<BR><BR>[Called By]<UL><LI><a href="#[21]">&gt;&gt;</a>&nbsp;&nbsp;&nbsp;EXTI9_5_IRQHandler
<LI><a href="#[14]">&gt;&gt;</a>&nbsp;&nbsp;&nbsp;EXTI4_IRQHandler
<LI><a href="#[13]">&gt;&gt;</a>&nbsp;&nbsp;&nbsp;EXTI3_IRQHandler
<LI><a href="#[12]">&gt;&gt;</a>&nbsp;&nbsp;&nbsp;EXTI2_IRQHandler
<LI><a href="#[11]">&gt;&gt;</a>&nbsp;&nbsp;&nbsp;EXTI1_IRQHandler
<LI><a href="#[32]">&gt;&gt;</a>&nbsp;&nbsp;&nbsp;EXTI15_10_IRQHandler
<LI><a href="#[10]">&gt;&gt;</a>&nbsp;&nbsp;&nbsp;EXTI0_IRQHandler
</UL>

<P><STRONG><a name="[72]"></a>EXTI_Init</STRONG> (Thumb, 142 bytes, Stack size 0 bytes, stm32f10x_exti.o(i.EXTI_Init))
<BR><BR>[Called By]<UL><LI><a href="#[70]">&gt;&gt;</a>&nbsp;&nbsp;&nbsp;Common_EXTI_Init
</UL>

<P><STRONG><a name="[71]"></a>GPIO_EXTILineConfig</STRONG> (Thumb, 60 bytes, Stack size 12 bytes, stm32f10x_gpio.o(i.GPIO_EXTILineConfig))
<BR><BR>[Stack]<UL><LI>Max Depth = 12<LI>Call Chain = GPIO_EXTILineConfig
</UL>
<BR>[Called By]<UL><LI><a href="#[70]">&gt;&gt;</a>&nbsp;&nbsp;&nbsp;Common_EXTI_Init
</UL>

<P><STRONG><a name="[64]"></a>GPIO_Init</STRONG> (Thumb, 278 bytes, Stack size 24 bytes, stm32f10x_gpio.o(i.GPIO_Init))
<BR><BR>[Stack]<UL><LI>Max Depth = 24<LI>Call Chain = GPIO_Init
</UL>
<BR>[Called By]<UL><LI><a href="#[5f]">&gt;&gt;</a>&nbsp;&nbsp;&nbsp;Comm_CAN_Init
<LI><a href="#[9b]">&gt;&gt;</a>&nbsp;&nbsp;&nbsp;HostComm_GPIO_Init
<LI><a href="#[7b]">&gt;&gt;</a>&nbsp;&nbsp;&nbsp;VAVLE_Init
<LI><a href="#[77]">&gt;&gt;</a>&nbsp;&nbsp;&nbsp;DIAP_PUMP_Init
<LI><a href="#[70]">&gt;&gt;</a>&nbsp;&nbsp;&nbsp;Common_EXTI_Init
<LI><a href="#[d1]">&gt;&gt;</a>&nbsp;&nbsp;&nbsp;Motor_M9_Init
<LI><a href="#[cd]">&gt;&gt;</a>&nbsp;&nbsp;&nbsp;Motor_M8_Init
<LI><a href="#[c9]">&gt;&gt;</a>&nbsp;&nbsp;&nbsp;Motor_M7_Init
<LI><a href="#[c5]">&gt;&gt;</a>&nbsp;&nbsp;&nbsp;Motor_M6_Init
<LI><a href="#[bf]">&gt;&gt;</a>&nbsp;&nbsp;&nbsp;Motor_M5_Init
<LI><a href="#[bb]">&gt;&gt;</a>&nbsp;&nbsp;&nbsp;Motor_M4_Init
<LI><a href="#[b5]">&gt;&gt;</a>&nbsp;&nbsp;&nbsp;Motor_M3_Init
<LI><a href="#[af]">&gt;&gt;</a>&nbsp;&nbsp;&nbsp;Motor_M2_Init
<LI><a href="#[ab]">&gt;&gt;</a>&nbsp;&nbsp;&nbsp;Motor_M1_Init
<LI><a href="#[a5]">&gt;&gt;</a>&nbsp;&nbsp;&nbsp;Motor_M10_Init
</UL>

<P><STRONG><a name="[62]"></a>GPIO_PinRemapConfig</STRONG> (Thumb, 138 bytes, Stack size 20 bytes, stm32f10x_gpio.o(i.GPIO_PinRemapConfig))
<BR><BR>[Stack]<UL><LI>Max Depth = 20<LI>Call Chain = GPIO_PinRemapConfig
</UL>
<BR>[Called By]<UL><LI><a href="#[5f]">&gt;&gt;</a>&nbsp;&nbsp;&nbsp;Comm_CAN_Init
<LI><a href="#[77]">&gt;&gt;</a>&nbsp;&nbsp;&nbsp;DIAP_PUMP_Init
<LI><a href="#[d1]">&gt;&gt;</a>&nbsp;&nbsp;&nbsp;Motor_M9_Init
<LI><a href="#[cd]">&gt;&gt;</a>&nbsp;&nbsp;&nbsp;Motor_M8_Init
<LI><a href="#[c9]">&gt;&gt;</a>&nbsp;&nbsp;&nbsp;Motor_M7_Init
<LI><a href="#[c5]">&gt;&gt;</a>&nbsp;&nbsp;&nbsp;Motor_M6_Init
<LI><a href="#[bf]">&gt;&gt;</a>&nbsp;&nbsp;&nbsp;Motor_M5_Init
<LI><a href="#[bb]">&gt;&gt;</a>&nbsp;&nbsp;&nbsp;Motor_M4_Init
<LI><a href="#[b5]">&gt;&gt;</a>&nbsp;&nbsp;&nbsp;Motor_M3_Init
</UL>

<P><STRONG><a name="[78]"></a>GPIO_ResetBits</STRONG> (Thumb, 4 bytes, Stack size 0 bytes, stm32f10x_gpio.o(i.GPIO_ResetBits))
<BR><BR>[Called By]<UL><LI><a href="#[d3]">&gt;&gt;</a>&nbsp;&nbsp;&nbsp;Movement_M9_MotorDriver_DIR
<LI><a href="#[cf]">&gt;&gt;</a>&nbsp;&nbsp;&nbsp;Movement_M8_MotorDriver_DIR
<LI><a href="#[cb]">&gt;&gt;</a>&nbsp;&nbsp;&nbsp;Movement_M7_MotorDriver_DIR
<LI><a href="#[c7]">&gt;&gt;</a>&nbsp;&nbsp;&nbsp;Movement_M6_MotorDriver_DIR
<LI><a href="#[c1]">&gt;&gt;</a>&nbsp;&nbsp;&nbsp;Movement_M5_MotorDriver_DIR
<LI><a href="#[bd]">&gt;&gt;</a>&nbsp;&nbsp;&nbsp;Movement_M4_MotorDriver_DIR
<LI><a href="#[b7]">&gt;&gt;</a>&nbsp;&nbsp;&nbsp;Movement_M3_MotorDriver_DIR
<LI><a href="#[b1]">&gt;&gt;</a>&nbsp;&nbsp;&nbsp;Movement_M2_MotorDriver_DIR
<LI><a href="#[ad]">&gt;&gt;</a>&nbsp;&nbsp;&nbsp;Movement_M1_MotorDriver_DIR
<LI><a href="#[a7]">&gt;&gt;</a>&nbsp;&nbsp;&nbsp;Movement_M10_MotorDriver_DIR
<LI><a href="#[ee]">&gt;&gt;</a>&nbsp;&nbsp;&nbsp;Valve9_Control
<LI><a href="#[ed]">&gt;&gt;</a>&nbsp;&nbsp;&nbsp;Valve8_Control
<LI><a href="#[ec]">&gt;&gt;</a>&nbsp;&nbsp;&nbsp;Valve7_Control
<LI><a href="#[eb]">&gt;&gt;</a>&nbsp;&nbsp;&nbsp;Valve6_Control
<LI><a href="#[ea]">&gt;&gt;</a>&nbsp;&nbsp;&nbsp;Valve5_Control
<LI><a href="#[e9]">&gt;&gt;</a>&nbsp;&nbsp;&nbsp;Valve4_Control
<LI><a href="#[e8]">&gt;&gt;</a>&nbsp;&nbsp;&nbsp;Valve3_Control
<LI><a href="#[e7]">&gt;&gt;</a>&nbsp;&nbsp;&nbsp;Valve2_Control
<LI><a href="#[e6]">&gt;&gt;</a>&nbsp;&nbsp;&nbsp;Valve1_Control
<LI><a href="#[ef]">&gt;&gt;</a>&nbsp;&nbsp;&nbsp;Valve10_Control
<LI><a href="#[76]">&gt;&gt;</a>&nbsp;&nbsp;&nbsp;DIAP_PUMP_Set
<LI><a href="#[77]">&gt;&gt;</a>&nbsp;&nbsp;&nbsp;DIAP_PUMP_Init
<LI><a href="#[d2]">&gt;&gt;</a>&nbsp;&nbsp;&nbsp;Movement_M9_MotorDriver_EN
<LI><a href="#[ce]">&gt;&gt;</a>&nbsp;&nbsp;&nbsp;Movement_M8_MotorDriver_EN
<LI><a href="#[ca]">&gt;&gt;</a>&nbsp;&nbsp;&nbsp;Movement_M7_MotorDriver_EN
<LI><a href="#[c6]">&gt;&gt;</a>&nbsp;&nbsp;&nbsp;Movement_M6_MotorDriver_EN
<LI><a href="#[c0]">&gt;&gt;</a>&nbsp;&nbsp;&nbsp;Movement_M5_MotorDriver_EN
<LI><a href="#[bc]">&gt;&gt;</a>&nbsp;&nbsp;&nbsp;Movement_M4_MotorDriver_EN
<LI><a href="#[b6]">&gt;&gt;</a>&nbsp;&nbsp;&nbsp;Movement_M3_MotorDriver_EN
<LI><a href="#[b0]">&gt;&gt;</a>&nbsp;&nbsp;&nbsp;Movement_M2_MotorDriver_EN
<LI><a href="#[ac]">&gt;&gt;</a>&nbsp;&nbsp;&nbsp;Movement_M1_MotorDriver_EN
<LI><a href="#[a6]">&gt;&gt;</a>&nbsp;&nbsp;&nbsp;Movement_M10_MotorDriver_EN
</UL>

<P><STRONG><a name="[79]"></a>GPIO_SetBits</STRONG> (Thumb, 4 bytes, Stack size 0 bytes, stm32f10x_gpio.o(i.GPIO_SetBits))
<BR><BR>[Called By]<UL><LI><a href="#[d3]">&gt;&gt;</a>&nbsp;&nbsp;&nbsp;Movement_M9_MotorDriver_DIR
<LI><a href="#[cf]">&gt;&gt;</a>&nbsp;&nbsp;&nbsp;Movement_M8_MotorDriver_DIR
<LI><a href="#[cb]">&gt;&gt;</a>&nbsp;&nbsp;&nbsp;Movement_M7_MotorDriver_DIR
<LI><a href="#[c7]">&gt;&gt;</a>&nbsp;&nbsp;&nbsp;Movement_M6_MotorDriver_DIR
<LI><a href="#[c1]">&gt;&gt;</a>&nbsp;&nbsp;&nbsp;Movement_M5_MotorDriver_DIR
<LI><a href="#[bd]">&gt;&gt;</a>&nbsp;&nbsp;&nbsp;Movement_M4_MotorDriver_DIR
<LI><a href="#[b7]">&gt;&gt;</a>&nbsp;&nbsp;&nbsp;Movement_M3_MotorDriver_DIR
<LI><a href="#[b1]">&gt;&gt;</a>&nbsp;&nbsp;&nbsp;Movement_M2_MotorDriver_DIR
<LI><a href="#[ad]">&gt;&gt;</a>&nbsp;&nbsp;&nbsp;Movement_M1_MotorDriver_DIR
<LI><a href="#[a7]">&gt;&gt;</a>&nbsp;&nbsp;&nbsp;Movement_M10_MotorDriver_DIR
<LI><a href="#[ee]">&gt;&gt;</a>&nbsp;&nbsp;&nbsp;Valve9_Control
<LI><a href="#[ed]">&gt;&gt;</a>&nbsp;&nbsp;&nbsp;Valve8_Control
<LI><a href="#[ec]">&gt;&gt;</a>&nbsp;&nbsp;&nbsp;Valve7_Control
<LI><a href="#[eb]">&gt;&gt;</a>&nbsp;&nbsp;&nbsp;Valve6_Control
<LI><a href="#[ea]">&gt;&gt;</a>&nbsp;&nbsp;&nbsp;Valve5_Control
<LI><a href="#[e9]">&gt;&gt;</a>&nbsp;&nbsp;&nbsp;Valve4_Control
<LI><a href="#[e8]">&gt;&gt;</a>&nbsp;&nbsp;&nbsp;Valve3_Control
<LI><a href="#[e7]">&gt;&gt;</a>&nbsp;&nbsp;&nbsp;Valve2_Control
<LI><a href="#[e6]">&gt;&gt;</a>&nbsp;&nbsp;&nbsp;Valve1_Control
<LI><a href="#[ef]">&gt;&gt;</a>&nbsp;&nbsp;&nbsp;Valve10_Control
<LI><a href="#[76]">&gt;&gt;</a>&nbsp;&nbsp;&nbsp;DIAP_PUMP_Set
<LI><a href="#[d2]">&gt;&gt;</a>&nbsp;&nbsp;&nbsp;Movement_M9_MotorDriver_EN
<LI><a href="#[ce]">&gt;&gt;</a>&nbsp;&nbsp;&nbsp;Movement_M8_MotorDriver_EN
<LI><a href="#[ca]">&gt;&gt;</a>&nbsp;&nbsp;&nbsp;Movement_M7_MotorDriver_EN
<LI><a href="#[c6]">&gt;&gt;</a>&nbsp;&nbsp;&nbsp;Movement_M6_MotorDriver_EN
<LI><a href="#[c0]">&gt;&gt;</a>&nbsp;&nbsp;&nbsp;Movement_M5_MotorDriver_EN
<LI><a href="#[bc]">&gt;&gt;</a>&nbsp;&nbsp;&nbsp;Movement_M4_MotorDriver_EN
<LI><a href="#[b6]">&gt;&gt;</a>&nbsp;&nbsp;&nbsp;Movement_M3_MotorDriver_EN
<LI><a href="#[b0]">&gt;&gt;</a>&nbsp;&nbsp;&nbsp;Movement_M2_MotorDriver_EN
<LI><a href="#[ac]">&gt;&gt;</a>&nbsp;&nbsp;&nbsp;Movement_M1_MotorDriver_EN
<LI><a href="#[a6]">&gt;&gt;</a>&nbsp;&nbsp;&nbsp;Movement_M10_MotorDriver_EN
</UL>

<P><STRONG><a name="[2]"></a>HardFault_Handler</STRONG> (Thumb, 4 bytes, Stack size 0 bytes, stm32f10x_it.o(i.HardFault_Handler))
<BR>[Address Reference Count : 1]<UL><LI> startup_stm32f10x_hd.o(RESET)
</UL>
<P><STRONG><a name="[87]"></a>HostComm_Cmd_Process</STRONG> (Thumb, 204 bytes, Stack size 8 bytes, hostprocess.o(i.HostComm_Cmd_Process))
<BR><BR>[Stack]<UL><LI>Max Depth = 112<LI>Call Chain = HostComm_Cmd_Process &rArr; Injucet_Bump_Switch &rArr; Comm_CanDirectSend &rArr; Comm_CAN_SendOnePackage &rArr; CAN_TransmitStatus
</UL>
<BR>[Calls]<UL><LI><a href="#[89]">&gt;&gt;</a>&nbsp;&nbsp;&nbsp;Start_Filling
<LI><a href="#[91]">&gt;&gt;</a>&nbsp;&nbsp;&nbsp;Injucet_Volume7
<LI><a href="#[90]">&gt;&gt;</a>&nbsp;&nbsp;&nbsp;Injucet_Volume6
<LI><a href="#[8f]">&gt;&gt;</a>&nbsp;&nbsp;&nbsp;Injucet_Volume5
<LI><a href="#[8e]">&gt;&gt;</a>&nbsp;&nbsp;&nbsp;Injucet_Volume4
<LI><a href="#[8d]">&gt;&gt;</a>&nbsp;&nbsp;&nbsp;Injucet_Volume3
<LI><a href="#[8c]">&gt;&gt;</a>&nbsp;&nbsp;&nbsp;Injucet_Volume2
<LI><a href="#[8b]">&gt;&gt;</a>&nbsp;&nbsp;&nbsp;Injucet_Volume1
<LI><a href="#[8a]">&gt;&gt;</a>&nbsp;&nbsp;&nbsp;Injucet_Bump_Switch
<LI><a href="#[88]">&gt;&gt;</a>&nbsp;&nbsp;&nbsp;Infusion_Act
<LI><a href="#[51]">&gt;&gt;</a>&nbsp;&nbsp;&nbsp;Comm_CanDirectSend
<LI><a href="#[53]">&gt;&gt;</a>&nbsp;&nbsp;&nbsp;Bump_Wash_Act
<LI><a href="#[4f]">&gt;&gt;</a>&nbsp;&nbsp;&nbsp;Bump_Initialize
<LI><a href="#[50]">&gt;&gt;</a>&nbsp;&nbsp;&nbsp;HostComm_Cmd_Send_RawData
<LI><a href="#[4b]">&gt;&gt;</a>&nbsp;&nbsp;&nbsp;__aeabi_memclr
</UL>
<BR>[Called By]<UL><LI><a href="#[9f]">&gt;&gt;</a>&nbsp;&nbsp;&nbsp;HostComm_Process
</UL>

<P><STRONG><a name="[50]"></a>HostComm_Cmd_Send_RawData</STRONG> (Thumb, 58 bytes, Stack size 24 bytes, hostprocess.o(i.HostComm_Cmd_Send_RawData))
<BR><BR>[Stack]<UL><LI>Max Depth = 80<LI>Call Chain = HostComm_Cmd_Send_RawData &rArr; HostComm_Cmd_Respond_Common &rArr; CRC16_Calculate
</UL>
<BR>[Calls]<UL><LI><a href="#[92]">&gt;&gt;</a>&nbsp;&nbsp;&nbsp;HostComm_Cmd_Respond_Common
<LI><a href="#[95]">&gt;&gt;</a>&nbsp;&nbsp;&nbsp;HostComm_SendCommand
<LI><a href="#[5a]">&gt;&gt;</a>&nbsp;&nbsp;&nbsp;__aeabi_memcpy
</UL>
<BR>[Called By]<UL><LI><a href="#[6b]">&gt;&gt;</a>&nbsp;&nbsp;&nbsp;Comm_CanRxDataGet
<LI><a href="#[89]">&gt;&gt;</a>&nbsp;&nbsp;&nbsp;Start_Filling
<LI><a href="#[91]">&gt;&gt;</a>&nbsp;&nbsp;&nbsp;Injucet_Volume7
<LI><a href="#[90]">&gt;&gt;</a>&nbsp;&nbsp;&nbsp;Injucet_Volume6
<LI><a href="#[8f]">&gt;&gt;</a>&nbsp;&nbsp;&nbsp;Injucet_Volume5
<LI><a href="#[8e]">&gt;&gt;</a>&nbsp;&nbsp;&nbsp;Injucet_Volume4
<LI><a href="#[8d]">&gt;&gt;</a>&nbsp;&nbsp;&nbsp;Injucet_Volume3
<LI><a href="#[8c]">&gt;&gt;</a>&nbsp;&nbsp;&nbsp;Injucet_Volume2
<LI><a href="#[8b]">&gt;&gt;</a>&nbsp;&nbsp;&nbsp;Injucet_Volume1
<LI><a href="#[8a]">&gt;&gt;</a>&nbsp;&nbsp;&nbsp;Injucet_Bump_Switch
<LI><a href="#[88]">&gt;&gt;</a>&nbsp;&nbsp;&nbsp;Infusion_Act
<LI><a href="#[53]">&gt;&gt;</a>&nbsp;&nbsp;&nbsp;Bump_Wash_Act
<LI><a href="#[4f]">&gt;&gt;</a>&nbsp;&nbsp;&nbsp;Bump_Initialize
<LI><a href="#[87]">&gt;&gt;</a>&nbsp;&nbsp;&nbsp;HostComm_Cmd_Process
</UL>

<P><STRONG><a name="[9c]"></a>HostComm_Init</STRONG> (Thumb, 44 bytes, Stack size 8 bytes, hostcomm.o(i.HostComm_Init))
<BR><BR>[Stack]<UL><LI>Max Depth = 100<LI>Call Chain = HostComm_Init &rArr; HostComm_Config &rArr; USART_Init &rArr; RCC_GetClocksFreq
</UL>
<BR>[Calls]<UL><LI><a href="#[60]">&gt;&gt;</a>&nbsp;&nbsp;&nbsp;RCC_APB2PeriphClockCmd
<LI><a href="#[9e]">&gt;&gt;</a>&nbsp;&nbsp;&nbsp;HostComm_TimeOut_Init
<LI><a href="#[9d]">&gt;&gt;</a>&nbsp;&nbsp;&nbsp;HostComm_NVIC_Configuration
<LI><a href="#[9b]">&gt;&gt;</a>&nbsp;&nbsp;&nbsp;HostComm_GPIO_Init
<LI><a href="#[96]">&gt;&gt;</a>&nbsp;&nbsp;&nbsp;HostComm_Config
</UL>
<BR>[Called By]<UL><LI><a href="#[46]">&gt;&gt;</a>&nbsp;&nbsp;&nbsp;main
</UL>

<P><STRONG><a name="[9f]"></a>HostComm_Process</STRONG> (Thumb, 20 bytes, Stack size 8 bytes, hostprocess.o(i.HostComm_Process))
<BR><BR>[Stack]<UL><LI>Max Depth = 120<LI>Call Chain = HostComm_Process &rArr; HostComm_Cmd_Process &rArr; Injucet_Bump_Switch &rArr; Comm_CanDirectSend &rArr; Comm_CAN_SendOnePackage &rArr; CAN_TransmitStatus
</UL>
<BR>[Calls]<UL><LI><a href="#[87]">&gt;&gt;</a>&nbsp;&nbsp;&nbsp;HostComm_Cmd_Process
</UL>
<BR>[Called By]<UL><LI><a href="#[46]">&gt;&gt;</a>&nbsp;&nbsp;&nbsp;main
</UL>

<P><STRONG><a name="[95]"></a>HostComm_SendCommand</STRONG> (Thumb, 48 bytes, Stack size 16 bytes, hostcomm.o(i.HostComm_SendCommand))
<BR><BR>[Stack]<UL><LI>Max Depth = 16<LI>Call Chain = HostComm_SendCommand
</UL>
<BR>[Calls]<UL><LI><a href="#[a0]">&gt;&gt;</a>&nbsp;&nbsp;&nbsp;USART_SendData
<LI><a href="#[a1]">&gt;&gt;</a>&nbsp;&nbsp;&nbsp;USART_GetFlagStatus
</UL>
<BR>[Called By]<UL><LI><a href="#[50]">&gt;&gt;</a>&nbsp;&nbsp;&nbsp;HostComm_Cmd_Send_RawData
</UL>

<P><STRONG><a name="[88]"></a>Infusion_Act</STRONG> (Thumb, 64 bytes, Stack size 8 bytes, device_action.o(i.Infusion_Act))
<BR><BR>[Stack]<UL><LI>Max Depth = 96<LI>Call Chain = Infusion_Act &rArr; Comm_CanDirectSend &rArr; Comm_CAN_SendOnePackage &rArr; CAN_TransmitStatus
</UL>
<BR>[Calls]<UL><LI><a href="#[51]">&gt;&gt;</a>&nbsp;&nbsp;&nbsp;Comm_CanDirectSend
<LI><a href="#[50]">&gt;&gt;</a>&nbsp;&nbsp;&nbsp;HostComm_Cmd_Send_RawData
<LI><a href="#[52]">&gt;&gt;</a>&nbsp;&nbsp;&nbsp;Delay_ms_SW
</UL>
<BR>[Called By]<UL><LI><a href="#[87]">&gt;&gt;</a>&nbsp;&nbsp;&nbsp;HostComm_Cmd_Process
</UL>

<P><STRONG><a name="[8a]"></a>Injucet_Bump_Switch</STRONG> (Thumb, 1080 bytes, Stack size 16 bytes, device_action.o(i.Injucet_Bump_Switch))
<BR><BR>[Stack]<UL><LI>Max Depth = 104<LI>Call Chain = Injucet_Bump_Switch &rArr; Comm_CanDirectSend &rArr; Comm_CAN_SendOnePackage &rArr; CAN_TransmitStatus
</UL>
<BR>[Calls]<UL><LI><a href="#[51]">&gt;&gt;</a>&nbsp;&nbsp;&nbsp;Comm_CanDirectSend
<LI><a href="#[50]">&gt;&gt;</a>&nbsp;&nbsp;&nbsp;HostComm_Cmd_Send_RawData
<LI><a href="#[52]">&gt;&gt;</a>&nbsp;&nbsp;&nbsp;Delay_ms_SW
</UL>
<BR>[Called By]<UL><LI><a href="#[87]">&gt;&gt;</a>&nbsp;&nbsp;&nbsp;HostComm_Cmd_Process
</UL>

<P><STRONG><a name="[8b]"></a>Injucet_Volume1</STRONG> (Thumb, 52 bytes, Stack size 8 bytes, device_action.o(i.Injucet_Volume1))
<BR><BR>[Stack]<UL><LI>Max Depth = 96<LI>Call Chain = Injucet_Volume1 &rArr; Comm_CanDirectSend &rArr; Comm_CAN_SendOnePackage &rArr; CAN_TransmitStatus
</UL>
<BR>[Calls]<UL><LI><a href="#[51]">&gt;&gt;</a>&nbsp;&nbsp;&nbsp;Comm_CanDirectSend
<LI><a href="#[50]">&gt;&gt;</a>&nbsp;&nbsp;&nbsp;HostComm_Cmd_Send_RawData
<LI><a href="#[52]">&gt;&gt;</a>&nbsp;&nbsp;&nbsp;Delay_ms_SW
</UL>
<BR>[Called By]<UL><LI><a href="#[87]">&gt;&gt;</a>&nbsp;&nbsp;&nbsp;HostComm_Cmd_Process
</UL>

<P><STRONG><a name="[8c]"></a>Injucet_Volume2</STRONG> (Thumb, 52 bytes, Stack size 8 bytes, device_action.o(i.Injucet_Volume2))
<BR><BR>[Stack]<UL><LI>Max Depth = 96<LI>Call Chain = Injucet_Volume2 &rArr; Comm_CanDirectSend &rArr; Comm_CAN_SendOnePackage &rArr; CAN_TransmitStatus
</UL>
<BR>[Calls]<UL><LI><a href="#[51]">&gt;&gt;</a>&nbsp;&nbsp;&nbsp;Comm_CanDirectSend
<LI><a href="#[50]">&gt;&gt;</a>&nbsp;&nbsp;&nbsp;HostComm_Cmd_Send_RawData
<LI><a href="#[52]">&gt;&gt;</a>&nbsp;&nbsp;&nbsp;Delay_ms_SW
</UL>
<BR>[Called By]<UL><LI><a href="#[87]">&gt;&gt;</a>&nbsp;&nbsp;&nbsp;HostComm_Cmd_Process
</UL>

<P><STRONG><a name="[8d]"></a>Injucet_Volume3</STRONG> (Thumb, 52 bytes, Stack size 8 bytes, device_action.o(i.Injucet_Volume3))
<BR><BR>[Stack]<UL><LI>Max Depth = 96<LI>Call Chain = Injucet_Volume3 &rArr; Comm_CanDirectSend &rArr; Comm_CAN_SendOnePackage &rArr; CAN_TransmitStatus
</UL>
<BR>[Calls]<UL><LI><a href="#[51]">&gt;&gt;</a>&nbsp;&nbsp;&nbsp;Comm_CanDirectSend
<LI><a href="#[50]">&gt;&gt;</a>&nbsp;&nbsp;&nbsp;HostComm_Cmd_Send_RawData
<LI><a href="#[52]">&gt;&gt;</a>&nbsp;&nbsp;&nbsp;Delay_ms_SW
</UL>
<BR>[Called By]<UL><LI><a href="#[87]">&gt;&gt;</a>&nbsp;&nbsp;&nbsp;HostComm_Cmd_Process
</UL>

<P><STRONG><a name="[8e]"></a>Injucet_Volume4</STRONG> (Thumb, 52 bytes, Stack size 8 bytes, device_action.o(i.Injucet_Volume4))
<BR><BR>[Stack]<UL><LI>Max Depth = 96<LI>Call Chain = Injucet_Volume4 &rArr; Comm_CanDirectSend &rArr; Comm_CAN_SendOnePackage &rArr; CAN_TransmitStatus
</UL>
<BR>[Calls]<UL><LI><a href="#[51]">&gt;&gt;</a>&nbsp;&nbsp;&nbsp;Comm_CanDirectSend
<LI><a href="#[50]">&gt;&gt;</a>&nbsp;&nbsp;&nbsp;HostComm_Cmd_Send_RawData
<LI><a href="#[52]">&gt;&gt;</a>&nbsp;&nbsp;&nbsp;Delay_ms_SW
</UL>
<BR>[Called By]<UL><LI><a href="#[87]">&gt;&gt;</a>&nbsp;&nbsp;&nbsp;HostComm_Cmd_Process
</UL>

<P><STRONG><a name="[8f]"></a>Injucet_Volume5</STRONG> (Thumb, 52 bytes, Stack size 8 bytes, device_action.o(i.Injucet_Volume5))
<BR><BR>[Stack]<UL><LI>Max Depth = 96<LI>Call Chain = Injucet_Volume5 &rArr; Comm_CanDirectSend &rArr; Comm_CAN_SendOnePackage &rArr; CAN_TransmitStatus
</UL>
<BR>[Calls]<UL><LI><a href="#[51]">&gt;&gt;</a>&nbsp;&nbsp;&nbsp;Comm_CanDirectSend
<LI><a href="#[50]">&gt;&gt;</a>&nbsp;&nbsp;&nbsp;HostComm_Cmd_Send_RawData
<LI><a href="#[52]">&gt;&gt;</a>&nbsp;&nbsp;&nbsp;Delay_ms_SW
</UL>
<BR>[Called By]<UL><LI><a href="#[87]">&gt;&gt;</a>&nbsp;&nbsp;&nbsp;HostComm_Cmd_Process
</UL>

<P><STRONG><a name="[90]"></a>Injucet_Volume6</STRONG> (Thumb, 52 bytes, Stack size 8 bytes, device_action.o(i.Injucet_Volume6))
<BR><BR>[Stack]<UL><LI>Max Depth = 96<LI>Call Chain = Injucet_Volume6 &rArr; Comm_CanDirectSend &rArr; Comm_CAN_SendOnePackage &rArr; CAN_TransmitStatus
</UL>
<BR>[Calls]<UL><LI><a href="#[51]">&gt;&gt;</a>&nbsp;&nbsp;&nbsp;Comm_CanDirectSend
<LI><a href="#[50]">&gt;&gt;</a>&nbsp;&nbsp;&nbsp;HostComm_Cmd_Send_RawData
<LI><a href="#[52]">&gt;&gt;</a>&nbsp;&nbsp;&nbsp;Delay_ms_SW
</UL>
<BR>[Called By]<UL><LI><a href="#[87]">&gt;&gt;</a>&nbsp;&nbsp;&nbsp;HostComm_Cmd_Process
</UL>

<P><STRONG><a name="[91]"></a>Injucet_Volume7</STRONG> (Thumb, 52 bytes, Stack size 8 bytes, device_action.o(i.Injucet_Volume7))
<BR><BR>[Stack]<UL><LI>Max Depth = 96<LI>Call Chain = Injucet_Volume7 &rArr; Comm_CanDirectSend &rArr; Comm_CAN_SendOnePackage &rArr; CAN_TransmitStatus
</UL>
<BR>[Calls]<UL><LI><a href="#[51]">&gt;&gt;</a>&nbsp;&nbsp;&nbsp;Comm_CanDirectSend
<LI><a href="#[50]">&gt;&gt;</a>&nbsp;&nbsp;&nbsp;HostComm_Cmd_Send_RawData
<LI><a href="#[52]">&gt;&gt;</a>&nbsp;&nbsp;&nbsp;Delay_ms_SW
</UL>
<BR>[Called By]<UL><LI><a href="#[87]">&gt;&gt;</a>&nbsp;&nbsp;&nbsp;HostComm_Cmd_Process
</UL>

<P><STRONG><a name="[3]"></a>MemManage_Handler</STRONG> (Thumb, 4 bytes, Stack size 0 bytes, stm32f10x_it.o(i.MemManage_Handler))
<BR>[Address Reference Count : 1]<UL><LI> startup_stm32f10x_hd.o(RESET)
</UL>
<P><STRONG><a name="[7c]"></a>Motor_Init</STRONG> (Thumb, 8 bytes, Stack size 8 bytes, motor.o(i.Motor_Init))
<BR><BR>[Stack]<UL><LI>Max Depth = 80<LI>Call Chain = Motor_Init &rArr; RAM_PUMP_Init &rArr; Motor_M9_Init &rArr; GPIO_Init
</UL>
<BR>[Calls]<UL><LI><a href="#[a4]">&gt;&gt;</a>&nbsp;&nbsp;&nbsp;RAM_PUMP_Init
</UL>
<BR>[Called By]<UL><LI><a href="#[7a]">&gt;&gt;</a>&nbsp;&nbsp;&nbsp;Devices_Init
</UL>

<P><STRONG><a name="[a5]"></a>Motor_M10_Init</STRONG> (Thumb, 256 bytes, Stack size 40 bytes, motor.o(i.Motor_M10_Init))
<BR><BR>[Stack]<UL><LI>Max Depth = 64<LI>Call Chain = Motor_M10_Init &rArr; GPIO_Init
</UL>
<BR>[Calls]<UL><LI><a href="#[64]">&gt;&gt;</a>&nbsp;&nbsp;&nbsp;GPIO_Init
<LI><a href="#[65]">&gt;&gt;</a>&nbsp;&nbsp;&nbsp;NVIC_Init
<LI><a href="#[a2]">&gt;&gt;</a>&nbsp;&nbsp;&nbsp;TIM_TimeBaseInit
<LI><a href="#[a9]">&gt;&gt;</a>&nbsp;&nbsp;&nbsp;TIM_OC1PreloadConfig
<LI><a href="#[a8]">&gt;&gt;</a>&nbsp;&nbsp;&nbsp;TIM_OC1Init
<LI><a href="#[a3]">&gt;&gt;</a>&nbsp;&nbsp;&nbsp;TIM_ITConfig
<LI><a href="#[60]">&gt;&gt;</a>&nbsp;&nbsp;&nbsp;RCC_APB2PeriphClockCmd
<LI><a href="#[a7]">&gt;&gt;</a>&nbsp;&nbsp;&nbsp;Movement_M10_MotorDriver_DIR
<LI><a href="#[aa]">&gt;&gt;</a>&nbsp;&nbsp;&nbsp;Movement_M10_MotorDriver_PWM
<LI><a href="#[a6]">&gt;&gt;</a>&nbsp;&nbsp;&nbsp;Movement_M10_MotorDriver_EN
</UL>
<BR>[Called By]<UL><LI><a href="#[a4]">&gt;&gt;</a>&nbsp;&nbsp;&nbsp;RAM_PUMP_Init
</UL>

<P><STRONG><a name="[ab]"></a>Motor_M1_Init</STRONG> (Thumb, 218 bytes, Stack size 40 bytes, motor.o(i.Motor_M1_Init))
<BR><BR>[Stack]<UL><LI>Max Depth = 64<LI>Call Chain = Motor_M1_Init &rArr; GPIO_Init
</UL>
<BR>[Calls]<UL><LI><a href="#[64]">&gt;&gt;</a>&nbsp;&nbsp;&nbsp;GPIO_Init
<LI><a href="#[65]">&gt;&gt;</a>&nbsp;&nbsp;&nbsp;NVIC_Init
<LI><a href="#[a2]">&gt;&gt;</a>&nbsp;&nbsp;&nbsp;TIM_TimeBaseInit
<LI><a href="#[a9]">&gt;&gt;</a>&nbsp;&nbsp;&nbsp;TIM_OC1PreloadConfig
<LI><a href="#[a8]">&gt;&gt;</a>&nbsp;&nbsp;&nbsp;TIM_OC1Init
<LI><a href="#[a3]">&gt;&gt;</a>&nbsp;&nbsp;&nbsp;TIM_ITConfig
<LI><a href="#[60]">&gt;&gt;</a>&nbsp;&nbsp;&nbsp;RCC_APB2PeriphClockCmd
<LI><a href="#[63]">&gt;&gt;</a>&nbsp;&nbsp;&nbsp;RCC_APB1PeriphClockCmd
<LI><a href="#[ad]">&gt;&gt;</a>&nbsp;&nbsp;&nbsp;Movement_M1_MotorDriver_DIR
<LI><a href="#[ae]">&gt;&gt;</a>&nbsp;&nbsp;&nbsp;Movement_M1_MotorDriver_PWM
<LI><a href="#[ac]">&gt;&gt;</a>&nbsp;&nbsp;&nbsp;Movement_M1_MotorDriver_EN
</UL>
<BR>[Called By]<UL><LI><a href="#[a4]">&gt;&gt;</a>&nbsp;&nbsp;&nbsp;RAM_PUMP_Init
</UL>

<P><STRONG><a name="[af]"></a>Motor_M2_Init</STRONG> (Thumb, 222 bytes, Stack size 40 bytes, motor.o(i.Motor_M2_Init))
<BR><BR>[Stack]<UL><LI>Max Depth = 64<LI>Call Chain = Motor_M2_Init &rArr; GPIO_Init
</UL>
<BR>[Calls]<UL><LI><a href="#[64]">&gt;&gt;</a>&nbsp;&nbsp;&nbsp;GPIO_Init
<LI><a href="#[65]">&gt;&gt;</a>&nbsp;&nbsp;&nbsp;NVIC_Init
<LI><a href="#[a2]">&gt;&gt;</a>&nbsp;&nbsp;&nbsp;TIM_TimeBaseInit
<LI><a href="#[b3]">&gt;&gt;</a>&nbsp;&nbsp;&nbsp;TIM_OC2PreloadConfig
<LI><a href="#[b2]">&gt;&gt;</a>&nbsp;&nbsp;&nbsp;TIM_OC2Init
<LI><a href="#[a3]">&gt;&gt;</a>&nbsp;&nbsp;&nbsp;TIM_ITConfig
<LI><a href="#[60]">&gt;&gt;</a>&nbsp;&nbsp;&nbsp;RCC_APB2PeriphClockCmd
<LI><a href="#[63]">&gt;&gt;</a>&nbsp;&nbsp;&nbsp;RCC_APB1PeriphClockCmd
<LI><a href="#[b1]">&gt;&gt;</a>&nbsp;&nbsp;&nbsp;Movement_M2_MotorDriver_DIR
<LI><a href="#[b4]">&gt;&gt;</a>&nbsp;&nbsp;&nbsp;Movement_M2_MotorDriver_PWM
<LI><a href="#[b0]">&gt;&gt;</a>&nbsp;&nbsp;&nbsp;Movement_M2_MotorDriver_EN
</UL>
<BR>[Called By]<UL><LI><a href="#[a4]">&gt;&gt;</a>&nbsp;&nbsp;&nbsp;RAM_PUMP_Init
</UL>

<P><STRONG><a name="[b5]"></a>Motor_M3_Init</STRONG> (Thumb, 238 bytes, Stack size 40 bytes, motor.o(i.Motor_M3_Init))
<BR><BR>[Stack]<UL><LI>Max Depth = 64<LI>Call Chain = Motor_M3_Init &rArr; GPIO_Init
</UL>
<BR>[Calls]<UL><LI><a href="#[62]">&gt;&gt;</a>&nbsp;&nbsp;&nbsp;GPIO_PinRemapConfig
<LI><a href="#[64]">&gt;&gt;</a>&nbsp;&nbsp;&nbsp;GPIO_Init
<LI><a href="#[65]">&gt;&gt;</a>&nbsp;&nbsp;&nbsp;NVIC_Init
<LI><a href="#[a2]">&gt;&gt;</a>&nbsp;&nbsp;&nbsp;TIM_TimeBaseInit
<LI><a href="#[b9]">&gt;&gt;</a>&nbsp;&nbsp;&nbsp;TIM_OC3PreloadConfig
<LI><a href="#[b8]">&gt;&gt;</a>&nbsp;&nbsp;&nbsp;TIM_OC3Init
<LI><a href="#[a3]">&gt;&gt;</a>&nbsp;&nbsp;&nbsp;TIM_ITConfig
<LI><a href="#[60]">&gt;&gt;</a>&nbsp;&nbsp;&nbsp;RCC_APB2PeriphClockCmd
<LI><a href="#[63]">&gt;&gt;</a>&nbsp;&nbsp;&nbsp;RCC_APB1PeriphClockCmd
<LI><a href="#[b7]">&gt;&gt;</a>&nbsp;&nbsp;&nbsp;Movement_M3_MotorDriver_DIR
<LI><a href="#[ba]">&gt;&gt;</a>&nbsp;&nbsp;&nbsp;Movement_M3_MotorDriver_PWM
<LI><a href="#[b6]">&gt;&gt;</a>&nbsp;&nbsp;&nbsp;Movement_M3_MotorDriver_EN
</UL>
<BR>[Called By]<UL><LI><a href="#[a4]">&gt;&gt;</a>&nbsp;&nbsp;&nbsp;RAM_PUMP_Init
</UL>

<P><STRONG><a name="[bb]"></a>Motor_M4_Init</STRONG> (Thumb, 238 bytes, Stack size 40 bytes, motor.o(i.Motor_M4_Init))
<BR><BR>[Stack]<UL><LI>Max Depth = 64<LI>Call Chain = Motor_M4_Init &rArr; GPIO_Init
</UL>
<BR>[Calls]<UL><LI><a href="#[62]">&gt;&gt;</a>&nbsp;&nbsp;&nbsp;GPIO_PinRemapConfig
<LI><a href="#[64]">&gt;&gt;</a>&nbsp;&nbsp;&nbsp;GPIO_Init
<LI><a href="#[65]">&gt;&gt;</a>&nbsp;&nbsp;&nbsp;NVIC_Init
<LI><a href="#[a2]">&gt;&gt;</a>&nbsp;&nbsp;&nbsp;TIM_TimeBaseInit
<LI><a href="#[b9]">&gt;&gt;</a>&nbsp;&nbsp;&nbsp;TIM_OC3PreloadConfig
<LI><a href="#[b8]">&gt;&gt;</a>&nbsp;&nbsp;&nbsp;TIM_OC3Init
<LI><a href="#[a3]">&gt;&gt;</a>&nbsp;&nbsp;&nbsp;TIM_ITConfig
<LI><a href="#[60]">&gt;&gt;</a>&nbsp;&nbsp;&nbsp;RCC_APB2PeriphClockCmd
<LI><a href="#[63]">&gt;&gt;</a>&nbsp;&nbsp;&nbsp;RCC_APB1PeriphClockCmd
<LI><a href="#[bd]">&gt;&gt;</a>&nbsp;&nbsp;&nbsp;Movement_M4_MotorDriver_DIR
<LI><a href="#[be]">&gt;&gt;</a>&nbsp;&nbsp;&nbsp;Movement_M4_MotorDriver_PWM
<LI><a href="#[bc]">&gt;&gt;</a>&nbsp;&nbsp;&nbsp;Movement_M4_MotorDriver_EN
</UL>
<BR>[Called By]<UL><LI><a href="#[a4]">&gt;&gt;</a>&nbsp;&nbsp;&nbsp;RAM_PUMP_Init
</UL>

<P><STRONG><a name="[bf]"></a>Motor_M5_Init</STRONG> (Thumb, 238 bytes, Stack size 40 bytes, motor.o(i.Motor_M5_Init))
<BR><BR>[Stack]<UL><LI>Max Depth = 64<LI>Call Chain = Motor_M5_Init &rArr; GPIO_Init
</UL>
<BR>[Calls]<UL><LI><a href="#[62]">&gt;&gt;</a>&nbsp;&nbsp;&nbsp;GPIO_PinRemapConfig
<LI><a href="#[64]">&gt;&gt;</a>&nbsp;&nbsp;&nbsp;GPIO_Init
<LI><a href="#[65]">&gt;&gt;</a>&nbsp;&nbsp;&nbsp;NVIC_Init
<LI><a href="#[a2]">&gt;&gt;</a>&nbsp;&nbsp;&nbsp;TIM_TimeBaseInit
<LI><a href="#[c3]">&gt;&gt;</a>&nbsp;&nbsp;&nbsp;TIM_OC4PreloadConfig
<LI><a href="#[c2]">&gt;&gt;</a>&nbsp;&nbsp;&nbsp;TIM_OC4Init
<LI><a href="#[a3]">&gt;&gt;</a>&nbsp;&nbsp;&nbsp;TIM_ITConfig
<LI><a href="#[60]">&gt;&gt;</a>&nbsp;&nbsp;&nbsp;RCC_APB2PeriphClockCmd
<LI><a href="#[63]">&gt;&gt;</a>&nbsp;&nbsp;&nbsp;RCC_APB1PeriphClockCmd
<LI><a href="#[c1]">&gt;&gt;</a>&nbsp;&nbsp;&nbsp;Movement_M5_MotorDriver_DIR
<LI><a href="#[c4]">&gt;&gt;</a>&nbsp;&nbsp;&nbsp;Movement_M5_MotorDriver_PWM
<LI><a href="#[c0]">&gt;&gt;</a>&nbsp;&nbsp;&nbsp;Movement_M5_MotorDriver_EN
</UL>
<BR>[Called By]<UL><LI><a href="#[a4]">&gt;&gt;</a>&nbsp;&nbsp;&nbsp;RAM_PUMP_Init
</UL>

<P><STRONG><a name="[c5]"></a>Motor_M6_Init</STRONG> (Thumb, 256 bytes, Stack size 40 bytes, motor.o(i.Motor_M6_Init))
<BR><BR>[Stack]<UL><LI>Max Depth = 64<LI>Call Chain = Motor_M6_Init &rArr; GPIO_Init
</UL>
<BR>[Calls]<UL><LI><a href="#[62]">&gt;&gt;</a>&nbsp;&nbsp;&nbsp;GPIO_PinRemapConfig
<LI><a href="#[64]">&gt;&gt;</a>&nbsp;&nbsp;&nbsp;GPIO_Init
<LI><a href="#[65]">&gt;&gt;</a>&nbsp;&nbsp;&nbsp;NVIC_Init
<LI><a href="#[a2]">&gt;&gt;</a>&nbsp;&nbsp;&nbsp;TIM_TimeBaseInit
<LI><a href="#[a9]">&gt;&gt;</a>&nbsp;&nbsp;&nbsp;TIM_OC1PreloadConfig
<LI><a href="#[a8]">&gt;&gt;</a>&nbsp;&nbsp;&nbsp;TIM_OC1Init
<LI><a href="#[a3]">&gt;&gt;</a>&nbsp;&nbsp;&nbsp;TIM_ITConfig
<LI><a href="#[60]">&gt;&gt;</a>&nbsp;&nbsp;&nbsp;RCC_APB2PeriphClockCmd
<LI><a href="#[63]">&gt;&gt;</a>&nbsp;&nbsp;&nbsp;RCC_APB1PeriphClockCmd
<LI><a href="#[c7]">&gt;&gt;</a>&nbsp;&nbsp;&nbsp;Movement_M6_MotorDriver_DIR
<LI><a href="#[c8]">&gt;&gt;</a>&nbsp;&nbsp;&nbsp;Movement_M6_MotorDriver_PWM
<LI><a href="#[c6]">&gt;&gt;</a>&nbsp;&nbsp;&nbsp;Movement_M6_MotorDriver_EN
</UL>
<BR>[Called By]<UL><LI><a href="#[a4]">&gt;&gt;</a>&nbsp;&nbsp;&nbsp;RAM_PUMP_Init
</UL>

<P><STRONG><a name="[c9]"></a>Motor_M7_Init</STRONG> (Thumb, 236 bytes, Stack size 40 bytes, motor.o(i.Motor_M7_Init))
<BR><BR>[Stack]<UL><LI>Max Depth = 64<LI>Call Chain = Motor_M7_Init &rArr; GPIO_Init
</UL>
<BR>[Calls]<UL><LI><a href="#[62]">&gt;&gt;</a>&nbsp;&nbsp;&nbsp;GPIO_PinRemapConfig
<LI><a href="#[64]">&gt;&gt;</a>&nbsp;&nbsp;&nbsp;GPIO_Init
<LI><a href="#[65]">&gt;&gt;</a>&nbsp;&nbsp;&nbsp;NVIC_Init
<LI><a href="#[a2]">&gt;&gt;</a>&nbsp;&nbsp;&nbsp;TIM_TimeBaseInit
<LI><a href="#[b3]">&gt;&gt;</a>&nbsp;&nbsp;&nbsp;TIM_OC2PreloadConfig
<LI><a href="#[b2]">&gt;&gt;</a>&nbsp;&nbsp;&nbsp;TIM_OC2Init
<LI><a href="#[a3]">&gt;&gt;</a>&nbsp;&nbsp;&nbsp;TIM_ITConfig
<LI><a href="#[60]">&gt;&gt;</a>&nbsp;&nbsp;&nbsp;RCC_APB2PeriphClockCmd
<LI><a href="#[63]">&gt;&gt;</a>&nbsp;&nbsp;&nbsp;RCC_APB1PeriphClockCmd
<LI><a href="#[cb]">&gt;&gt;</a>&nbsp;&nbsp;&nbsp;Movement_M7_MotorDriver_DIR
<LI><a href="#[cc]">&gt;&gt;</a>&nbsp;&nbsp;&nbsp;Movement_M7_MotorDriver_PWM
<LI><a href="#[ca]">&gt;&gt;</a>&nbsp;&nbsp;&nbsp;Movement_M7_MotorDriver_EN
</UL>
<BR>[Called By]<UL><LI><a href="#[a4]">&gt;&gt;</a>&nbsp;&nbsp;&nbsp;RAM_PUMP_Init
</UL>

<P><STRONG><a name="[cd]"></a>Motor_M8_Init</STRONG> (Thumb, 238 bytes, Stack size 40 bytes, motor.o(i.Motor_M8_Init))
<BR><BR>[Stack]<UL><LI>Max Depth = 64<LI>Call Chain = Motor_M8_Init &rArr; GPIO_Init
</UL>
<BR>[Calls]<UL><LI><a href="#[62]">&gt;&gt;</a>&nbsp;&nbsp;&nbsp;GPIO_PinRemapConfig
<LI><a href="#[64]">&gt;&gt;</a>&nbsp;&nbsp;&nbsp;GPIO_Init
<LI><a href="#[65]">&gt;&gt;</a>&nbsp;&nbsp;&nbsp;NVIC_Init
<LI><a href="#[a2]">&gt;&gt;</a>&nbsp;&nbsp;&nbsp;TIM_TimeBaseInit
<LI><a href="#[b9]">&gt;&gt;</a>&nbsp;&nbsp;&nbsp;TIM_OC3PreloadConfig
<LI><a href="#[b8]">&gt;&gt;</a>&nbsp;&nbsp;&nbsp;TIM_OC3Init
<LI><a href="#[a3]">&gt;&gt;</a>&nbsp;&nbsp;&nbsp;TIM_ITConfig
<LI><a href="#[60]">&gt;&gt;</a>&nbsp;&nbsp;&nbsp;RCC_APB2PeriphClockCmd
<LI><a href="#[63]">&gt;&gt;</a>&nbsp;&nbsp;&nbsp;RCC_APB1PeriphClockCmd
<LI><a href="#[cf]">&gt;&gt;</a>&nbsp;&nbsp;&nbsp;Movement_M8_MotorDriver_DIR
<LI><a href="#[d0]">&gt;&gt;</a>&nbsp;&nbsp;&nbsp;Movement_M8_MotorDriver_PWM
<LI><a href="#[ce]">&gt;&gt;</a>&nbsp;&nbsp;&nbsp;Movement_M8_MotorDriver_EN
</UL>
<BR>[Called By]<UL><LI><a href="#[a4]">&gt;&gt;</a>&nbsp;&nbsp;&nbsp;RAM_PUMP_Init
</UL>

<P><STRONG><a name="[d1]"></a>Motor_M9_Init</STRONG> (Thumb, 238 bytes, Stack size 40 bytes, motor.o(i.Motor_M9_Init))
<BR><BR>[Stack]<UL><LI>Max Depth = 64<LI>Call Chain = Motor_M9_Init &rArr; GPIO_Init
</UL>
<BR>[Calls]<UL><LI><a href="#[62]">&gt;&gt;</a>&nbsp;&nbsp;&nbsp;GPIO_PinRemapConfig
<LI><a href="#[64]">&gt;&gt;</a>&nbsp;&nbsp;&nbsp;GPIO_Init
<LI><a href="#[65]">&gt;&gt;</a>&nbsp;&nbsp;&nbsp;NVIC_Init
<LI><a href="#[a2]">&gt;&gt;</a>&nbsp;&nbsp;&nbsp;TIM_TimeBaseInit
<LI><a href="#[c3]">&gt;&gt;</a>&nbsp;&nbsp;&nbsp;TIM_OC4PreloadConfig
<LI><a href="#[c2]">&gt;&gt;</a>&nbsp;&nbsp;&nbsp;TIM_OC4Init
<LI><a href="#[a3]">&gt;&gt;</a>&nbsp;&nbsp;&nbsp;TIM_ITConfig
<LI><a href="#[60]">&gt;&gt;</a>&nbsp;&nbsp;&nbsp;RCC_APB2PeriphClockCmd
<LI><a href="#[63]">&gt;&gt;</a>&nbsp;&nbsp;&nbsp;RCC_APB1PeriphClockCmd
<LI><a href="#[d3]">&gt;&gt;</a>&nbsp;&nbsp;&nbsp;Movement_M9_MotorDriver_DIR
<LI><a href="#[d4]">&gt;&gt;</a>&nbsp;&nbsp;&nbsp;Movement_M9_MotorDriver_PWM
<LI><a href="#[d2]">&gt;&gt;</a>&nbsp;&nbsp;&nbsp;Movement_M9_MotorDriver_EN
</UL>
<BR>[Called By]<UL><LI><a href="#[a4]">&gt;&gt;</a>&nbsp;&nbsp;&nbsp;RAM_PUMP_Init
</UL>

<P><STRONG><a name="[a7]"></a>Movement_M10_MotorDriver_DIR</STRONG> (Thumb, 30 bytes, Stack size 8 bytes, motor.o(i.Movement_M10_MotorDriver_DIR))
<BR><BR>[Stack]<UL><LI>Max Depth = 8<LI>Call Chain = Movement_M10_MotorDriver_DIR
</UL>
<BR>[Calls]<UL><LI><a href="#[79]">&gt;&gt;</a>&nbsp;&nbsp;&nbsp;GPIO_SetBits
<LI><a href="#[78]">&gt;&gt;</a>&nbsp;&nbsp;&nbsp;GPIO_ResetBits
</UL>
<BR>[Called By]<UL><LI><a href="#[a5]">&gt;&gt;</a>&nbsp;&nbsp;&nbsp;Motor_M10_Init
</UL>

<P><STRONG><a name="[a6]"></a>Movement_M10_MotorDriver_EN</STRONG> (Thumb, 30 bytes, Stack size 8 bytes, motor.o(i.Movement_M10_MotorDriver_EN))
<BR><BR>[Stack]<UL><LI>Max Depth = 8<LI>Call Chain = Movement_M10_MotorDriver_EN
</UL>
<BR>[Calls]<UL><LI><a href="#[79]">&gt;&gt;</a>&nbsp;&nbsp;&nbsp;GPIO_SetBits
<LI><a href="#[78]">&gt;&gt;</a>&nbsp;&nbsp;&nbsp;GPIO_ResetBits
</UL>
<BR>[Called By]<UL><LI><a href="#[a5]">&gt;&gt;</a>&nbsp;&nbsp;&nbsp;Motor_M10_Init
</UL>

<P><STRONG><a name="[aa]"></a>Movement_M10_MotorDriver_PWM</STRONG> (Thumb, 22 bytes, Stack size 8 bytes, motor.o(i.Movement_M10_MotorDriver_PWM))
<BR><BR>[Stack]<UL><LI>Max Depth = 8<LI>Call Chain = Movement_M10_MotorDriver_PWM
</UL>
<BR>[Calls]<UL><LI><a href="#[d6]">&gt;&gt;</a>&nbsp;&nbsp;&nbsp;TIM_CtrlPWMOutputs
<LI><a href="#[d5]">&gt;&gt;</a>&nbsp;&nbsp;&nbsp;TIM_Cmd
</UL>
<BR>[Called By]<UL><LI><a href="#[81]">&gt;&gt;</a>&nbsp;&nbsp;&nbsp;Movement_M10_Stop
<LI><a href="#[a5]">&gt;&gt;</a>&nbsp;&nbsp;&nbsp;Motor_M10_Init
</UL>

<P><STRONG><a name="[81]"></a>Movement_M10_Stop</STRONG> (Thumb, 18 bytes, Stack size 8 bytes, motor.o(i.Movement_M10_Stop))
<BR><BR>[Stack]<UL><LI>Max Depth = 16<LI>Call Chain = Movement_M10_Stop &rArr; Movement_M10_MotorDriver_PWM
</UL>
<BR>[Calls]<UL><LI><a href="#[aa]">&gt;&gt;</a>&nbsp;&nbsp;&nbsp;Movement_M10_MotorDriver_PWM
</UL>
<BR>[Called By]<UL><LI><a href="#[32]">&gt;&gt;</a>&nbsp;&nbsp;&nbsp;EXTI15_10_IRQHandler
</UL>

<P><STRONG><a name="[ad]"></a>Movement_M1_MotorDriver_DIR</STRONG> (Thumb, 30 bytes, Stack size 8 bytes, motor.o(i.Movement_M1_MotorDriver_DIR))
<BR><BR>[Stack]<UL><LI>Max Depth = 8<LI>Call Chain = Movement_M1_MotorDriver_DIR
</UL>
<BR>[Calls]<UL><LI><a href="#[79]">&gt;&gt;</a>&nbsp;&nbsp;&nbsp;GPIO_SetBits
<LI><a href="#[78]">&gt;&gt;</a>&nbsp;&nbsp;&nbsp;GPIO_ResetBits
</UL>
<BR>[Called By]<UL><LI><a href="#[ab]">&gt;&gt;</a>&nbsp;&nbsp;&nbsp;Motor_M1_Init
</UL>

<P><STRONG><a name="[ac]"></a>Movement_M1_MotorDriver_EN</STRONG> (Thumb, 28 bytes, Stack size 8 bytes, motor.o(i.Movement_M1_MotorDriver_EN))
<BR><BR>[Stack]<UL><LI>Max Depth = 8<LI>Call Chain = Movement_M1_MotorDriver_EN
</UL>
<BR>[Calls]<UL><LI><a href="#[79]">&gt;&gt;</a>&nbsp;&nbsp;&nbsp;GPIO_SetBits
<LI><a href="#[78]">&gt;&gt;</a>&nbsp;&nbsp;&nbsp;GPIO_ResetBits
</UL>
<BR>[Called By]<UL><LI><a href="#[ab]">&gt;&gt;</a>&nbsp;&nbsp;&nbsp;Motor_M1_Init
</UL>

<P><STRONG><a name="[ae]"></a>Movement_M1_MotorDriver_PWM</STRONG> (Thumb, 22 bytes, Stack size 8 bytes, motor.o(i.Movement_M1_MotorDriver_PWM))
<BR><BR>[Stack]<UL><LI>Max Depth = 8<LI>Call Chain = Movement_M1_MotorDriver_PWM
</UL>
<BR>[Calls]<UL><LI><a href="#[d6]">&gt;&gt;</a>&nbsp;&nbsp;&nbsp;TIM_CtrlPWMOutputs
<LI><a href="#[d5]">&gt;&gt;</a>&nbsp;&nbsp;&nbsp;TIM_Cmd
</UL>
<BR>[Called By]<UL><LI><a href="#[d7]">&gt;&gt;</a>&nbsp;&nbsp;&nbsp;Movement_M1_Stop
<LI><a href="#[ab]">&gt;&gt;</a>&nbsp;&nbsp;&nbsp;Motor_M1_Init
</UL>

<P><STRONG><a name="[d7]"></a>Movement_M1_Stop</STRONG> (Thumb, 18 bytes, Stack size 8 bytes, motor.o(i.Movement_M1_Stop))
<BR><BR>[Stack]<UL><LI>Max Depth = 16<LI>Call Chain = Movement_M1_Stop &rArr; Movement_M1_MotorDriver_PWM
</UL>
<BR>[Calls]<UL><LI><a href="#[ae]">&gt;&gt;</a>&nbsp;&nbsp;&nbsp;Movement_M1_MotorDriver_PWM
</UL>
<BR>[Called By]<UL><LI><a href="#[3c]">&gt;&gt;</a>&nbsp;&nbsp;&nbsp;TIM5_IRQHandler
<LI><a href="#[23]">&gt;&gt;</a>&nbsp;&nbsp;&nbsp;TIM1_UP_IRQHandler
</UL>

<P><STRONG><a name="[b1]"></a>Movement_M2_MotorDriver_DIR</STRONG> (Thumb, 30 bytes, Stack size 8 bytes, motor.o(i.Movement_M2_MotorDriver_DIR))
<BR><BR>[Stack]<UL><LI>Max Depth = 8<LI>Call Chain = Movement_M2_MotorDriver_DIR
</UL>
<BR>[Calls]<UL><LI><a href="#[79]">&gt;&gt;</a>&nbsp;&nbsp;&nbsp;GPIO_SetBits
<LI><a href="#[78]">&gt;&gt;</a>&nbsp;&nbsp;&nbsp;GPIO_ResetBits
</UL>
<BR>[Called By]<UL><LI><a href="#[af]">&gt;&gt;</a>&nbsp;&nbsp;&nbsp;Motor_M2_Init
</UL>

<P><STRONG><a name="[b0]"></a>Movement_M2_MotorDriver_EN</STRONG> (Thumb, 28 bytes, Stack size 8 bytes, motor.o(i.Movement_M2_MotorDriver_EN))
<BR><BR>[Stack]<UL><LI>Max Depth = 8<LI>Call Chain = Movement_M2_MotorDriver_EN
</UL>
<BR>[Calls]<UL><LI><a href="#[79]">&gt;&gt;</a>&nbsp;&nbsp;&nbsp;GPIO_SetBits
<LI><a href="#[78]">&gt;&gt;</a>&nbsp;&nbsp;&nbsp;GPIO_ResetBits
</UL>
<BR>[Called By]<UL><LI><a href="#[af]">&gt;&gt;</a>&nbsp;&nbsp;&nbsp;Motor_M2_Init
</UL>

<P><STRONG><a name="[b4]"></a>Movement_M2_MotorDriver_PWM</STRONG> (Thumb, 26 bytes, Stack size 8 bytes, motor.o(i.Movement_M2_MotorDriver_PWM))
<BR><BR>[Stack]<UL><LI>Max Depth = 8<LI>Call Chain = Movement_M2_MotorDriver_PWM
</UL>
<BR>[Calls]<UL><LI><a href="#[d6]">&gt;&gt;</a>&nbsp;&nbsp;&nbsp;TIM_CtrlPWMOutputs
<LI><a href="#[d5]">&gt;&gt;</a>&nbsp;&nbsp;&nbsp;TIM_Cmd
</UL>
<BR>[Called By]<UL><LI><a href="#[d8]">&gt;&gt;</a>&nbsp;&nbsp;&nbsp;Movement_M2_Stop
<LI><a href="#[af]">&gt;&gt;</a>&nbsp;&nbsp;&nbsp;Motor_M2_Init
</UL>

<P><STRONG><a name="[d8]"></a>Movement_M2_Stop</STRONG> (Thumb, 20 bytes, Stack size 8 bytes, motor.o(i.Movement_M2_Stop))
<BR><BR>[Stack]<UL><LI>Max Depth = 16<LI>Call Chain = Movement_M2_Stop &rArr; Movement_M2_MotorDriver_PWM
</UL>
<BR>[Calls]<UL><LI><a href="#[b4]">&gt;&gt;</a>&nbsp;&nbsp;&nbsp;Movement_M2_MotorDriver_PWM
</UL>
[...]
<LI><a href="#[b5]">&gt;&gt;</a>&nbsp;&nbsp;&nbsp;Motor_M3_Init
<LI><a href="#[af]">&gt;&gt;</a>&nbsp;&nbsp;&nbsp;Motor_M2_Init
<LI><a href="#[ab]">&gt;&gt;</a>&nbsp;&nbsp;&nbsp;Motor_M1_Init
<LI><a href="#[a5]">&gt;&gt;</a>&nbsp;&nbsp;&nbsp;Motor_M10_Init
</UL>

<P><STRONG><a name="[a8]"></a>TIM_OC1Init</STRONG> (Thumb, 132 bytes, Stack size 16 bytes, stm32f10x_tim.o(i.TIM_OC1Init))
<BR><BR>[Stack]<UL><LI>Max Depth = 16<LI>Call Chain = TIM_OC1Init
</UL>
<BR>[Called By]<UL><LI><a href="#[c5]">&gt;&gt;</a>&nbsp;&nbsp;&nbsp;Motor_M6_Init
<LI><a href="#[ab]">&gt;&gt;</a>&nbsp;&nbsp;&nbsp;Motor_M1_Init
<LI><a href="#[a5]">&gt;&gt;</a>&nbsp;&nbsp;&nbsp;Motor_M10_Init
</UL>

<P><STRONG><a name="[a9]"></a>TIM_OC1PreloadConfig</STRONG> (Thumb, 18 bytes, Stack size 0 bytes, stm32f10x_tim.o(i.TIM_OC1PreloadConfig))
<BR><BR>[Called By]<UL><LI><a href="#[c5]">&gt;&gt;</a>&nbsp;&nbsp;&nbsp;Motor_M6_Init
<LI><a href="#[ab]">&gt;&gt;</a>&nbsp;&nbsp;&nbsp;Motor_M1_Init
<LI><a href="#[a5]">&gt;&gt;</a>&nbsp;&nbsp;&nbsp;Motor_M10_Init
</UL>

<P><STRONG><a name="[b2]"></a>TIM_OC2Init</STRONG> (Thumb, 154 bytes, Stack size 16 bytes, stm32f10x_tim.o(i.TIM_OC2Init))
<BR><BR>[Stack]<UL><LI>Max Depth = 16<LI>Call Chain = TIM_OC2Init
</UL>
<BR>[Called By]<UL><LI><a href="#[c9]">&gt;&gt;</a>&nbsp;&nbsp;&nbsp;Motor_M7_Init
<LI><a href="#[af]">&gt;&gt;</a>&nbsp;&nbsp;&nbsp;Motor_M2_Init
</UL>

<P><STRONG><a name="[b3]"></a>TIM_OC2PreloadConfig</STRONG> (Thumb, 26 bytes, Stack size 0 bytes, stm32f10x_tim.o(i.TIM_OC2PreloadConfig))
<BR><BR>[Called By]<UL><LI><a href="#[c9]">&gt;&gt;</a>&nbsp;&nbsp;&nbsp;Motor_M7_Init
<LI><a href="#[af]">&gt;&gt;</a>&nbsp;&nbsp;&nbsp;Motor_M2_Init
</UL>

<P><STRONG><a name="[b8]"></a>TIM_OC3Init</STRONG> (Thumb, 150 bytes, Stack size 16 bytes, stm32f10x_tim.o(i.TIM_OC3Init))
<BR><BR>[Stack]<UL><LI>Max Depth = 16<LI>Call Chain = TIM_OC3Init
</UL>
<BR>[Called By]<UL><LI><a href="#[cd]">&gt;&gt;</a>&nbsp;&nbsp;&nbsp;Motor_M8_Init
<LI><a href="#[bb]">&gt;&gt;</a>&nbsp;&nbsp;&nbsp;Motor_M4_Init
<LI><a href="#[b5]">&gt;&gt;</a>&nbsp;&nbsp;&nbsp;Motor_M3_Init
</UL>

<P><STRONG><a name="[b9]"></a>TIM_OC3PreloadConfig</STRONG> (Thumb, 18 bytes, Stack size 0 bytes, stm32f10x_tim.o(i.TIM_OC3PreloadConfig))
<BR><BR>[Called By]<UL><LI><a href="#[cd]">&gt;&gt;</a>&nbsp;&nbsp;&nbsp;Motor_M8_Init
<LI><a href="#[bb]">&gt;&gt;</a>&nbsp;&nbsp;&nbsp;Motor_M4_Init
<LI><a href="#[b5]">&gt;&gt;</a>&nbsp;&nbsp;&nbsp;Motor_M3_Init
</UL>

<P><STRONG><a name="[c2]"></a>TIM_OC4Init</STRONG> (Thumb, 114 bytes, Stack size 16 bytes, stm32f10x_tim.o(i.TIM_OC4Init))
<BR><BR>[Stack]<UL><LI>Max Depth = 16<LI>Call Chain = TIM_OC4Init
</UL>
<BR>[Called By]<UL><LI><a href="#[d1]">&gt;&gt;</a>&nbsp;&nbsp;&nbsp;Motor_M9_Init
<LI><a href="#[bf]">&gt;&gt;</a>&nbsp;&nbsp;&nbsp;Motor_M5_Init
</UL>

<P><STRONG><a name="[c3]"></a>TIM_OC4PreloadConfig</STRONG> (Thumb, 26 bytes, Stack size 0 bytes, stm32f10x_tim.o(i.TIM_OC4PreloadConfig))
<BR><BR>[Called By]<UL><LI><a href="#[d1]">&gt;&gt;</a>&nbsp;&nbsp;&nbsp;Motor_M9_Init
<LI><a href="#[bf]">&gt;&gt;</a>&nbsp;&nbsp;&nbsp;Motor_M5_Init
</UL>

<P><STRONG><a name="[a2]"></a>TIM_TimeBaseInit</STRONG> (Thumb, 122 bytes, Stack size 0 bytes, stm32f10x_tim.o(i.TIM_TimeBaseInit))
<BR><BR>[Called By]<UL><LI><a href="#[9e]">&gt;&gt;</a>&nbsp;&nbsp;&nbsp;HostComm_TimeOut_Init
<LI><a href="#[d1]">&gt;&gt;</a>&nbsp;&nbsp;&nbsp;Motor_M9_Init
<LI><a href="#[cd]">&gt;&gt;</a>&nbsp;&nbsp;&nbsp;Motor_M8_Init
<LI><a href="#[c9]">&gt;&gt;</a>&nbsp;&nbsp;&nbsp;Motor_M7_Init
<LI><a href="#[c5]">&gt;&gt;</a>&nbsp;&nbsp;&nbsp;Motor_M6_Init
<LI><a href="#[bf]">&gt;&gt;</a>&nbsp;&nbsp;&nbsp;Motor_M5_Init
<LI><a href="#[bb]">&gt;&gt;</a>&nbsp;&nbsp;&nbsp;Motor_M4_Init
<LI><a href="#[b5]">&gt;&gt;</a>&nbsp;&nbsp;&nbsp;Motor_M3_Init
<LI><a href="#[af]">&gt;&gt;</a>&nbsp;&nbsp;&nbsp;Motor_M2_Init
<LI><a href="#[ab]">&gt;&gt;</a>&nbsp;&nbsp;&nbsp;Motor_M1_Init
<LI><a href="#[a5]">&gt;&gt;</a>&nbsp;&nbsp;&nbsp;Motor_M10_Init
</UL>

<P><STRONG><a name="[dc]"></a>TimingDelay_Decrement</STRONG> (Thumb, 18 bytes, Stack size 0 bytes, common.o(i.TimingDelay_Decrement))
<BR><BR>[Called By]<UL><LI><a href="#[9]">&gt;&gt;</a>&nbsp;&nbsp;&nbsp;SysTick_Handler
</UL>

<P><STRONG><a name="[2f]"></a>USART1_IRQHandler</STRONG> (Thumb, 200 bytes, Stack size 8 bytes, hostcomm.o(i.USART1_IRQHandler))
<BR><BR>[Stack]<UL><LI>Max Depth = 24<LI>Call Chain = USART1_IRQHandler &rArr; USART_GetITStatus
</UL>
<BR>[Calls]<UL><LI><a href="#[e0]">&gt;&gt;</a>&nbsp;&nbsp;&nbsp;USART_ReceiveData
<LI><a href="#[df]">&gt;&gt;</a>&nbsp;&nbsp;&nbsp;USART_GetITStatus
<LI><a href="#[e1]">&gt;&gt;</a>&nbsp;&nbsp;&nbsp;USART_ClearITPendingBit
<LI><a href="#[4b]">&gt;&gt;</a>&nbsp;&nbsp;&nbsp;__aeabi_memclr
<LI><a href="#[5a]">&gt;&gt;</a>&nbsp;&nbsp;&nbsp;__aeabi_memcpy
</UL>
<BR>[Address Reference Count : 1]<UL><LI> startup_stm32f10x_hd.o(RESET)
</UL>
<P><STRONG><a name="[99]"></a>USART_ClearFlag</STRONG> (Thumb, 18 bytes, Stack size 0 bytes, stm32f10x_usart.o(i.USART_ClearFlag))
<BR><BR>[Called By]<UL><LI><a href="#[96]">&gt;&gt;</a>&nbsp;&nbsp;&nbsp;HostComm_Config
</UL>

<P><STRONG><a name="[e1]"></a>USART_ClearITPendingBit</STRONG> (Thumb, 30 bytes, Stack size 8 bytes, stm32f10x_usart.o(i.USART_ClearITPendingBit))
<BR><BR>[Stack]<UL><LI>Max Depth = 8<LI>Call Chain = USART_ClearITPendingBit
</UL>
<BR>[Called By]<UL><LI><a href="#[2f]">&gt;&gt;</a>&nbsp;&nbsp;&nbsp;USART1_IRQHandler
</UL>

<P><STRONG><a name="[9a]"></a>USART_Cmd</STRONG> (Thumb, 24 bytes, Stack size 0 bytes, stm32f10x_usart.o(i.USART_Cmd))
<BR><BR>[Called By]<UL><LI><a href="#[96]">&gt;&gt;</a>&nbsp;&nbsp;&nbsp;HostComm_Config
</UL>

<P><STRONG><a name="[a1]"></a>USART_GetFlagStatus</STRONG> (Thumb, 26 bytes, Stack size 0 bytes, stm32f10x_usart.o(i.USART_GetFlagStatus))
<BR><BR>[Called By]<UL><LI><a href="#[95]">&gt;&gt;</a>&nbsp;&nbsp;&nbsp;HostComm_SendCommand
</UL>

<P><STRONG><a name="[df]"></a>USART_GetITStatus</STRONG> (Thumb, 84 bytes, Stack size 16 bytes, stm32f10x_usart.o(i.USART_GetITStatus))
<BR><BR>[Stack]<UL><LI>Max Depth = 16<LI>Call Chain = USART_GetITStatus
</UL>
<BR>[Called By]<UL><LI><a href="#[2f]">&gt;&gt;</a>&nbsp;&nbsp;&nbsp;USART1_IRQHandler
</UL>

<P><STRONG><a name="[98]"></a>USART_ITConfig</STRONG> (Thumb, 74 bytes, Stack size 20 bytes, stm32f10x_usart.o(i.USART_ITConfig))
<BR><BR>[Stack]<UL><LI>Max Depth = 20<LI>Call Chain = USART_ITConfig
</UL>
<BR>[Called By]<UL><LI><a href="#[96]">&gt;&gt;</a>&nbsp;&nbsp;&nbsp;HostComm_Config
</UL>

<P><STRONG><a name="[97]"></a>USART_Init</STRONG> (Thumb, 210 bytes, Stack size 56 bytes, stm32f10x_usart.o(i.USART_Init))
<BR><BR>[Stack]<UL><LI>Max Depth = 68<LI>Call Chain = USART_Init &rArr; RCC_GetClocksFreq
</UL>
<BR>[Calls]<UL><LI><a href="#[e2]">&gt;&gt;</a>&nbsp;&nbsp;&nbsp;RCC_GetClocksFreq
</UL>
<BR>[Called By]<UL><LI><a href="#[96]">&gt;&gt;</a>&nbsp;&nbsp;&nbsp;HostComm_Config
</UL>

<P><STRONG><a name="[e0]"></a>USART_ReceiveData</STRONG> (Thumb, 10 bytes, Stack size 0 bytes, stm32f10x_usart.o(i.USART_ReceiveData))
<BR><BR>[Called By]<UL><LI><a href="#[2f]">&gt;&gt;</a>&nbsp;&nbsp;&nbsp;USART1_IRQHandler
</UL>

<P><STRONG><a name="[a0]"></a>USART_SendData</STRONG> (Thumb, 8 bytes, Stack size 0 bytes, stm32f10x_usart.o(i.USART_SendData))
<BR><BR>[Called By]<UL><LI><a href="#[95]">&gt;&gt;</a>&nbsp;&nbsp;&nbsp;HostComm_SendCommand
</UL>

<P><STRONG><a name="[1e]"></a>USB_LP_CAN1_RX0_IRQHandler</STRONG> (Thumb, 56 bytes, Stack size 24 bytes, comm_can.o(i.USB_LP_CAN1_RX0_IRQHandler))
<BR><BR>[Stack]<UL><LI>Max Depth = 40<LI>Call Chain = USB_LP_CAN1_RX0_IRQHandler &rArr; CAN_GetITStatus
</UL>
<BR>[Calls]<UL><LI><a href="#[e3]">&gt;&gt;</a>&nbsp;&nbsp;&nbsp;CAN_Receive
<LI><a href="#[54]">&gt;&gt;</a>&nbsp;&nbsp;&nbsp;CAN_GetITStatus
<LI><a href="#[e5]">&gt;&gt;</a>&nbsp;&nbsp;&nbsp;CAN_ClearITPendingBit
<LI><a href="#[59]">&gt;&gt;</a>&nbsp;&nbsp;&nbsp;Comm_CAN_FIFO_RxDataPut
<LI><a href="#[e4]">&gt;&gt;</a>&nbsp;&nbsp;&nbsp;Comm_CanRxData
</UL>
<BR>[Address Reference Count : 1]<UL><LI> startup_stm32f10x_hd.o(RESET)
</UL>
<P><STRONG><a name="[5]"></a>UsageFault_Handler</STRONG> (Thumb, 4 bytes, Stack size 0 bytes, stm32f10x_it.o(i.UsageFault_Handler))
<BR>[Address Reference Count : 1]<UL><LI> startup_stm32f10x_hd.o(RESET)
</UL>
<P><STRONG><a name="[7d]"></a>VAVLE_CLOSED</STRONG> (Thumb, 64 bytes, Stack size 8 bytes, devices.o(i.VAVLE_CLOSED))
<BR><BR>[Stack]<UL><LI>Max Depth = 16<LI>Call Chain = VAVLE_CLOSED &rArr; Valve9_Control
</UL>
<BR>[Calls]<UL><LI><a href="#[ee]">&gt;&gt;</a>&nbsp;&nbsp;&nbsp;Valve9_Control
<LI><a href="#[ed]">&gt;&gt;</a>&nbsp;&nbsp;&nbsp;Valve8_Control
<LI><a href="#[ec]">&gt;&gt;</a>&nbsp;&nbsp;&nbsp;Valve7_Control
<LI><a href="#[eb]">&gt;&gt;</a>&nbsp;&nbsp;&nbsp;Valve6_Control
<LI><a href="#[ea]">&gt;&gt;</a>&nbsp;&nbsp;&nbsp;Valve5_Control
<LI><a href="#[e9]">&gt;&gt;</a>&nbsp;&nbsp;&nbsp;Valve4_Control
<LI><a href="#[e8]">&gt;&gt;</a>&nbsp;&nbsp;&nbsp;Valve3_Control
<LI><a href="#[e7]">&gt;&gt;</a>&nbsp;&nbsp;&nbsp;Valve2_Control
<LI><a href="#[e6]">&gt;&gt;</a>&nbsp;&nbsp;&nbsp;Valve1_Control
<LI><a href="#[ef]">&gt;&gt;</a>&nbsp;&nbsp;&nbsp;Valve10_Control
</UL>
<BR>[Called By]<UL><LI><a href="#[7a]">&gt;&gt;</a>&nbsp;&nbsp;&nbsp;Devices_Init
</UL>

<P><STRONG><a name="[7b]"></a>VAVLE_Init</STRONG> (Thumb, 174 bytes, Stack size 8 bytes, devices.o(i.VAVLE_Init))
<BR><BR>[Stack]<UL><LI>Max Depth = 32<LI>Call Chain = VAVLE_Init &rArr; GPIO_Init
</UL>
<BR>[Calls]<UL><LI><a href="#[64]">&gt;&gt;</a>&nbsp;&nbsp;&nbsp;GPIO_Init
<LI><a href="#[60]">&gt;&gt;</a>&nbsp;&nbsp;&nbsp;RCC_APB2PeriphClockCmd
</UL>
<BR>[Called By]<UL><LI><a href="#[7a]">&gt;&gt;</a>&nbsp;&nbsp;&nbsp;Devices_Init
</UL>

<P><STRONG><a name="[ef]"></a>Valve10_Control</STRONG> (Thumb, 28 bytes, Stack size 8 bytes, devices.o(i.Valve10_Control))
<BR><BR>[Stack]<UL><LI>Max Depth = 8<LI>Call Chain = Valve10_Control
</UL>
<BR>[Calls]<UL><LI><a href="#[79]">&gt;&gt;</a>&nbsp;&nbsp;&nbsp;GPIO_SetBits
<LI><a href="#[78]">&gt;&gt;</a>&nbsp;&nbsp;&nbsp;GPIO_ResetBits
</UL>
<BR>[Called By]<UL><LI><a href="#[7d]">&gt;&gt;</a>&nbsp;&nbsp;&nbsp;VAVLE_CLOSED
</UL>

<P><STRONG><a name="[e6]"></a>Valve1_Control</STRONG> (Thumb, 30 bytes, Stack size 8 bytes, devices.o(i.Valve1_Control))
<BR><BR>[Stack]<UL><LI>Max Depth = 8<LI>Call Chain = Valve1_Control
</UL>
<BR>[Calls]<UL><LI><a href="#[79]">&gt;&gt;</a>&nbsp;&nbsp;&nbsp;GPIO_SetBits
<LI><a href="#[78]">&gt;&gt;</a>&nbsp;&nbsp;&nbsp;GPIO_ResetBits
</UL>
<BR>[Called By]<UL><LI><a href="#[7d]">&gt;&gt;</a>&nbsp;&nbsp;&nbsp;VAVLE_CLOSED
</UL>

<P><STRONG><a name="[e7]"></a>Valve2_Control</STRONG> (Thumb, 30 bytes, Stack size 8 bytes, devices.o(i.Valve2_Control))
<BR><BR>[Stack]<UL><LI>Max Depth = 8<LI>Call Chain = Valve2_Control
</UL>
<BR>[Calls]<UL><LI><a href="#[79]">&gt;&gt;</a>&nbsp;&nbsp;&nbsp;GPIO_SetBits
<LI><a href="#[78]">&gt;&gt;</a>&nbsp;&nbsp;&nbsp;GPIO_ResetBits
</UL>
<BR>[Called By]<UL><LI><a href="#[7d]">&gt;&gt;</a>&nbsp;&nbsp;&nbsp;VAVLE_CLOSED
</UL>

<P><STRONG><a name="[e8]"></a>Valve3_Control</STRONG> (Thumb, 30 bytes, Stack size 8 bytes, devices.o(i.Valve3_Control))
<BR><BR>[Stack]<UL><LI>Max Depth = 8<LI>Call Chain = Valve3_Control
</UL>
<BR>[Calls]<UL><LI><a href="#[79]">&gt;&gt;</a>&nbsp;&nbsp;&nbsp;GPIO_SetBits
<LI><a href="#[78]">&gt;&gt;</a>&nbsp;&nbsp;&nbsp;GPIO_ResetBits
</UL>
<BR>[Called By]<UL><LI><a href="#[7d]">&gt;&gt;</a>&nbsp;&nbsp;&nbsp;VAVLE_CLOSED
</UL>

<P><STRONG><a name="[e9]"></a>Valve4_Control</STRONG> (Thumb, 30 bytes, Stack size 8 bytes, devices.o(i.Valve4_Control))
<BR><BR>[Stack]<UL><LI>Max Depth = 8<LI>Call Chain = Valve4_Control
</UL>
<BR>[Calls]<UL><LI><a href="#[79]">&gt;&gt;</a>&nbsp;&nbsp;&nbsp;GPIO_SetBits
<LI><a href="#[78]">&gt;&gt;</a>&nbsp;&nbsp;&nbsp;GPIO_ResetBits
</UL>
<BR>[Called By]<UL><LI><a href="#[7d]">&gt;&gt;</a>&nbsp;&nbsp;&nbsp;VAVLE_CLOSED
</UL>

<P><STRONG><a name="[ea]"></a>Valve5_Control</STRONG> (Thumb, 30 bytes, Stack size 8 bytes, devices.o(i.Valve5_Control))
<BR><BR>[Stack]<UL><LI>Max Depth = 8<LI>Call Chain = Valve5_Control
</UL>
<BR>[Calls]<UL><LI><a href="#[79]">&gt;&gt;</a>&nbsp;&nbsp;&nbsp;GPIO_SetBits
<LI><a href="#[78]">&gt;&gt;</a>&nbsp;&nbsp;&nbsp;GPIO_ResetBits
</UL>
<BR>[Called By]<UL><LI><a href="#[7d]">&gt;&gt;</a>&nbsp;&nbsp;&nbsp;VAVLE_CLOSED
</UL>

<P><STRONG><a name="[eb]"></a>Valve6_Control</STRONG> (Thumb, 30 bytes, Stack size 8 bytes, devices.o(i.Valve6_Control))
<BR><BR>[Stack]<UL><LI>Max Depth = 8<LI>Call Chain = Valve6_Control
</UL>
<BR>[Calls]<UL><LI><a href="#[79]">&gt;&gt;</a>&nbsp;&nbsp;&nbsp;GPIO_SetBits
<LI><a href="#[78]">&gt;&gt;</a>&nbsp;&nbsp;&nbsp;GPIO_ResetBits
</UL>
<BR>[Called By]<UL><LI><a href="#[7d]">&gt;&gt;</a>&nbsp;&nbsp;&nbsp;VAVLE_CLOSED
</UL>

<P><STRONG><a name="[ec]"></a>Valve7_Control</STRONG> (Thumb, 28 bytes, Stack size 8 bytes, devices.o(i.Valve7_Control))
<BR><BR>[Stack]<UL><LI>Max Depth = 8<LI>Call Chain = Valve7_Control
</UL>
<BR>[Calls]<UL><LI><a href="#[79]">&gt;&gt;</a>&nbsp;&nbsp;&nbsp;GPIO_SetBits
<LI><a href="#[78]">&gt;&gt;</a>&nbsp;&nbsp;&nbsp;GPIO_ResetBits
</UL>
<BR>[Called By]<UL><LI><a href="#[7d]">&gt;&gt;</a>&nbsp;&nbsp;&nbsp;VAVLE_CLOSED
</UL>

<P><STRONG><a name="[ed]"></a>Valve8_Control</STRONG> (Thumb, 28 bytes, Stack size 8 bytes, devices.o(i.Valve8_Control))
<BR><BR>[Stack]<UL><LI>Max Depth = 8<LI>Call Chain = Valve8_Control
</UL>
<BR>[Calls]<UL><LI><a href="#[79]">&gt;&gt;</a>&nbsp;&nbsp;&nbsp;GPIO_SetBits
<LI><a href="#[78]">&gt;&gt;</a>&nbsp;&nbsp;&nbsp;GPIO_ResetBits
</UL>
<BR>[Called By]<UL><LI><a href="#[7d]">&gt;&gt;</a>&nbsp;&nbsp;&nbsp;VAVLE_CLOSED
</UL>

<P><STRONG><a name="[ee]"></a>Valve9_Control</STRONG> (Thumb, 28 bytes, Stack size 8 bytes, devices.o(i.Valve9_Control))
<BR><BR>[Stack]<UL><LI>Max Depth = 8<LI>Call Chain = Valve9_Control
</UL>
<BR>[Calls]<UL><LI><a href="#[79]">&gt;&gt;</a>&nbsp;&nbsp;&nbsp;GPIO_SetBits
<LI><a href="#[78]">&gt;&gt;</a>&nbsp;&nbsp;&nbsp;GPIO_ResetBits
</UL>
<BR>[Called By]<UL><LI><a href="#[7d]">&gt;&gt;</a>&nbsp;&nbsp;&nbsp;VAVLE_CLOSED
</UL>

<P><STRONG><a name="[fe]"></a>__scatterload_copy</STRONG> (Thumb, 14 bytes, Stack size unknown bytes, handlers.o(i.__scatterload_copy), UNUSED)

<P><STRONG><a name="[ff]"></a>__scatterload_null</STRONG> (Thumb, 2 bytes, Stack size unknown bytes, handlers.o(i.__scatterload_null), UNUSED)

<P><STRONG><a name="[100]"></a>__scatterload_zeroinit</STRONG> (Thumb, 14 bytes, Stack size unknown bytes, handlers.o(i.__scatterload_zeroinit), UNUSED)

<P><STRONG><a name="[46]"></a>main</STRONG> (Thumb, 32 bytes, Stack size 0 bytes, main.o(i.main))
<BR><BR>[Stack]<UL><LI>Max Depth = 128<LI>Call Chain = main &rArr; Comm_Process &rArr; Comm_CanRxDataGet &rArr; Comm_CanDirectSend &rArr; Comm_CAN_SendOnePackage &rArr; CAN_TransmitStatus
</UL>
<BR>[Calls]<UL><LI><a href="#[f0]">&gt;&gt;</a>&nbsp;&nbsp;&nbsp;SysTick_Init
<LI><a href="#[d9]">&gt;&gt;</a>&nbsp;&nbsp;&nbsp;PosSensor_Init
<LI><a href="#[9f]">&gt;&gt;</a>&nbsp;&nbsp;&nbsp;HostComm_Process
<LI><a href="#[9c]">&gt;&gt;</a>&nbsp;&nbsp;&nbsp;HostComm_Init
<LI><a href="#[7a]">&gt;&gt;</a>&nbsp;&nbsp;&nbsp;Devices_Init
<LI><a href="#[6f]">&gt;&gt;</a>&nbsp;&nbsp;&nbsp;Comm_Process
<LI><a href="#[6e]">&gt;&gt;</a>&nbsp;&nbsp;&nbsp;Comm_Init
</UL>
<BR>[Address Reference Count : 1]<UL><LI> entry9a.o(.ARM.Collect$$$$0000000B)
</UL><P>
<H3>
Local Symbols
</H3>
<P><STRONG><a name="[55]"></a>CheckITStatus</STRONG> (Thumb, 18 bytes, Stack size 0 bytes, stm32f10x_can.o(i.CheckITStatus))
<BR><BR>[Called By]<UL><LI><a href="#[54]">&gt;&gt;</a>&nbsp;&nbsp;&nbsp;CAN_GetITStatus
</UL>

<P><STRONG><a name="[da]"></a>SetSysClock</STRONG> (Thumb, 8 bytes, Stack size 8 bytes, system_stm32f10x.o(i.SetSysClock))
<BR><BR>[Stack]<UL><LI>Max Depth = 20<LI>Call Chain = SetSysClock &rArr; SetSysClockTo72
</UL>
<BR>[Calls]<UL><LI><a href="#[db]">&gt;&gt;</a>&nbsp;&nbsp;&nbsp;SetSysClockTo72
</UL>
<BR>[Called By]<UL><LI><a href="#[47]">&gt;&gt;</a>&nbsp;&nbsp;&nbsp;SystemInit
</UL>

<P><STRONG><a name="[db]"></a>SetSysClockTo72</STRONG> (Thumb, 214 bytes, Stack size 12 bytes, system_stm32f10x.o(i.SetSysClockTo72))
<BR><BR>[Stack]<UL><LI>Max Depth = 12<LI>Call Chain = SetSysClockTo72
</UL>
<BR>[Called By]<UL><LI><a href="#[da]">&gt;&gt;</a>&nbsp;&nbsp;&nbsp;SetSysClock
</UL>

<P><STRONG><a name="[57]"></a>Calc4BitsCRC</STRONG> (Thumb, 26 bytes, Stack size 0 bytes, crc16.o(i.Calc4BitsCRC))
<BR><BR>[Called By]<UL><LI><a href="#[56]">&gt;&gt;</a>&nbsp;&nbsp;&nbsp;CRC16_Calculate
</UL>

<P><STRONG><a name="[96]"></a>HostComm_Config</STRONG> (Thumb, 70 bytes, Stack size 24 bytes, hostcomm.o(i.HostComm_Config))
<BR><BR>[Stack]<UL><LI>Max Depth = 92<LI>Call Chain = HostComm_Config &rArr; USART_Init &rArr; RCC_GetClocksFreq
</UL>
<BR>[Calls]<UL><LI><a href="#[97]">&gt;&gt;</a>&nbsp;&nbsp;&nbsp;USART_Init
<LI><a href="#[98]">&gt;&gt;</a>&nbsp;&nbsp;&nbsp;USART_ITConfig
<LI><a href="#[9a]">&gt;&gt;</a>&nbsp;&nbsp;&nbsp;USART_Cmd
<LI><a href="#[99]">&gt;&gt;</a>&nbsp;&nbsp;&nbsp;USART_ClearFlag
</UL>
<BR>[Called By]<UL><LI><a href="#[9c]">&gt;&gt;</a>&nbsp;&nbsp;&nbsp;HostComm_Init
</UL>

<P><STRONG><a name="[9b]"></a>HostComm_GPIO_Init</STRONG> (Thumb, 54 bytes, Stack size 8 bytes, hostcomm.o(i.HostComm_GPIO_Init))
<BR><BR>[Stack]<UL><LI>Max Depth = 32<LI>Call Chain = HostComm_GPIO_Init &rArr; GPIO_Init
</UL>
<BR>[Calls]<UL><LI><a href="#[64]">&gt;&gt;</a>&nbsp;&nbsp;&nbsp;GPIO_Init
</UL>
<BR>[Called By]<UL><LI><a href="#[9c]">&gt;&gt;</a>&nbsp;&nbsp;&nbsp;HostComm_Init
</UL>

<P><STRONG><a name="[9d]"></a>HostComm_NVIC_Configuration</STRONG> (Thumb, 32 bytes, Stack size 8 bytes, hostcomm.o(i.HostComm_NVIC_Configuration))
<BR><BR>[Stack]<UL><LI>Max Depth = 24<LI>Call Chain = HostComm_NVIC_Configuration &rArr; NVIC_Init
</UL>
<BR>[Calls]<UL><LI><a href="#[65]">&gt;&gt;</a>&nbsp;&nbsp;&nbsp;NVIC_Init
</UL>
<BR>[Called By]<UL><LI><a href="#[9c]">&gt;&gt;</a>&nbsp;&nbsp;&nbsp;HostComm_Init
</UL>

<P><STRONG><a name="[9e]"></a>HostComm_TimeOut_Init</STRONG> (Thumb, 84 bytes, Stack size 24 bytes, hostcomm.o(i.HostComm_TimeOut_Init))
<BR><BR>[Stack]<UL><LI>Max Depth = 40<LI>Call Chain = HostComm_TimeOut_Init &rArr; NVIC_Init
</UL>
<BR>[Calls]<UL><LI><a href="#[65]">&gt;&gt;</a>&nbsp;&nbsp;&nbsp;NVIC_Init
<LI><a href="#[a2]">&gt;&gt;</a>&nbsp;&nbsp;&nbsp;TIM_TimeBaseInit
<LI><a href="#[a3]">&gt;&gt;</a>&nbsp;&nbsp;&nbsp;TIM_ITConfig
<LI><a href="#[63]">&gt;&gt;</a>&nbsp;&nbsp;&nbsp;RCC_APB1PeriphClockCmd
</UL>
<BR>[Called By]<UL><LI><a href="#[9c]">&gt;&gt;</a>&nbsp;&nbsp;&nbsp;HostComm_Init
</UL>

<P><STRONG><a name="[92]"></a>HostComm_Cmd_Respond_Common</STRONG> (Thumb, 104 bytes, Stack size 24 bytes, hostprocess.o(i.HostComm_Cmd_Respond_Common))
<BR><BR>[Stack]<UL><LI>Max Depth = 56<LI>Call Chain = HostComm_Cmd_Respond_Common &rArr; CRC16_Calculate
</UL>
<BR>[Calls]<UL><LI><a href="#[56]">&gt;&gt;</a>&nbsp;&nbsp;&nbsp;CRC16_Calculate
<LI><a href="#[93]">&gt;&gt;</a>&nbsp;&nbsp;&nbsp;Common_LoByte
<LI><a href="#[94]">&gt;&gt;</a>&nbsp;&nbsp;&nbsp;Common_HiByte
</UL>
<BR>[Called By]<UL><LI><a href="#[50]">&gt;&gt;</a>&nbsp;&nbsp;&nbsp;HostComm_Cmd_Send_RawData
</UL>

<P><STRONG><a name="[5c]"></a>Comm_CAN_FilterInit</STRONG> (Thumb, 66 bytes, Stack size 8 bytes, comm_can.o(i.Comm_CAN_FilterInit))
<BR><BR>[Stack]<UL><LI>Max Depth = 56<LI>Call Chain = Comm_CAN_FilterInit &rArr; Comm_CAN_FilterNumInit &rArr; CAN_FilterInit
</UL>
<BR>[Calls]<UL><LI><a href="#[5d]">&gt;&gt;</a>&nbsp;&nbsp;&nbsp;Comm_CAN_FilterNumInit
</UL>
<BR>[Called By]<UL><LI><a href="#[5f]">&gt;&gt;</a>&nbsp;&nbsp;&nbsp;Comm_CAN_Init
</UL>

<P><STRONG><a name="[5d]"></a>Comm_CAN_FilterNumInit</STRONG> (Thumb, 102 bytes, Stack size 40 bytes, comm_can.o(i.Comm_CAN_FilterNumInit))
<BR><BR>[Stack]<UL><LI>Max Depth = 48<LI>Call Chain = Comm_CAN_FilterNumInit &rArr; CAN_FilterInit
</UL>
<BR>[Calls]<UL><LI><a href="#[5e]">&gt;&gt;</a>&nbsp;&nbsp;&nbsp;CAN_FilterInit
</UL>
<BR>[Called By]<UL><LI><a href="#[5c]">&gt;&gt;</a>&nbsp;&nbsp;&nbsp;Comm_CAN_FilterInit
</UL>
<P>
<H3>
Undefined Global Symbols
</H3><HR></body></html>
