Component: ARM Compiler 5.05 update 1 (build 106) Tool: armlink [4d0efa]

==============================================================================

Section Cross References

    startup_stm32f10x_hd.o(RESET) refers to startup_stm32f10x_hd.o(STACK) for __initial_sp
    startup_stm32f10x_hd.o(RESET) refers to startup_stm32f10x_hd.o(.text) for Reset_Handler
    startup_stm32f10x_hd.o(RESET) refers to stm32f10x_it.o(i.NMI_Handler) for NMI_Handler
    startup_stm32f10x_hd.o(RESET) refers to stm32f10x_it.o(i.HardFault_Handler) for HardFault_Handler
    startup_stm32f10x_hd.o(RESET) refers to stm32f10x_it.o(i.MemManage_Handler) for MemManage_Handler
    startup_stm32f10x_hd.o(RESET) refers to stm32f10x_it.o(i.BusFault_Handler) for BusFault_Handler
    startup_stm32f10x_hd.o(RESET) refers to stm32f10x_it.o(i.UsageFault_Handler) for UsageFault_Handler
    startup_stm32f10x_hd.o(RESET) refers to stm32f10x_it.o(i.SVC_Handler) for SVC_Handler
    startup_stm32f10x_hd.o(RESET) refers to stm32f10x_it.o(i.DebugMon_Handler) for DebugMon_Handler
    startup_stm32f10x_hd.o(RESET) refers to stm32f10x_it.o(i.PendSV_Handler) for PendSV_Handler
    startup_stm32f10x_hd.o(RESET) refers to stm32f10x_it.o(i.SysTick_Handler) for SysTick_Handler
    startup_stm32f10x_hd.o(RESET) refers to stm32f10x_it.o(i.EXTI0_IRQHandler) for EXTI0_IRQHandler
    startup_stm32f10x_hd.o(RESET) refers to stm32f10x_it.o(i.EXTI1_IRQHandler) for EXTI1_IRQHandler
    startup_stm32f10x_hd.o(RESET) refers to stm32f10x_it.o(i.EXTI2_IRQHandler) for EXTI2_IRQHandler
    startup_stm32f10x_hd.o(RESET) refers to stm32f10x_it.o(i.EXTI3_IRQHandler) for EXTI3_IRQHandler
    startup_stm32f10x_hd.o(RESET) refers to stm32f10x_it.o(i.EXTI4_IRQHandler) for EXTI4_IRQHandler
    startup_stm32f10x_hd.o(RESET) refers to comm_can.o(i.USB_LP_CAN1_RX0_IRQHandler) for USB_LP_CAN1_RX0_IRQHandler
    startup_stm32f10x_hd.o(RESET) refers to stm32f10x_it.o(i.EXTI9_5_IRQHandler) for EXTI9_5_IRQHandler
    startup_stm32f10x_hd.o(RESET) refers to motor.o(i.TIM1_UP_IRQHandler) for TIM1_UP_IRQHandler
    startup_stm32f10x_hd.o(RESET) refers to motor.o(i.TIM2_IRQHandler) for TIM2_IRQHandler
    startup_stm32f10x_hd.o(RESET) refers to motor.o(i.TIM3_IRQHandler) for TIM3_IRQHandler
    startup_stm32f10x_hd.o(RESET) refers to motor.o(i.TIM4_IRQHandler) for TIM4_IRQHandler
    startup_stm32f10x_hd.o(RESET) refers to hostcomm.o(i.USART1_IRQHandler) for USART1_IRQHandler
    startup_stm32f10x_hd.o(RESET) refers to stm32f10x_it.o(i.EXTI15_10_IRQHandler) for EXTI15_10_IRQHandler
    startup_stm32f10x_hd.o(RESET) refers to motor.o(i.TIM5_IRQHandler) for TIM5_IRQHandler
    startup_stm32f10x_hd.o(RESET) refers to stm32f10x_it.o(i.TIM6_IRQHandler) for TIM6_IRQHandler
    startup_stm32f10x_hd.o(.text) refers to system_stm32f10x.o(i.SystemInit) for SystemInit
    startup_stm32f10x_hd.o(.text) refers to entry.o(.ARM.Collect$$$$00000000) for __main
    stm32f10x_adc.o(i.ADC_DeInit) refers to stm32f10x_rcc.o(i.RCC_APB2PeriphResetCmd) for RCC_APB2PeriphResetCmd
    stm32f10x_bkp.o(i.BKP_DeInit) refers to stm32f10x_rcc.o(i.RCC_BackupResetCmd) for RCC_BackupResetCmd
    stm32f10x_gpio.o(i.GPIO_AFIODeInit) refers to stm32f10x_rcc.o(i.RCC_APB2PeriphResetCmd) for RCC_APB2PeriphResetCmd
    stm32f10x_gpio.o(i.GPIO_DeInit) refers to stm32f10x_rcc.o(i.RCC_APB2PeriphResetCmd) for RCC_APB2PeriphResetCmd
    stm32f10x_pwr.o(i.PWR_DeInit) refers to stm32f10x_rcc.o(i.RCC_APB1PeriphResetCmd) for RCC_APB1PeriphResetCmd
    stm32f10x_rcc.o(i.RCC_GetClocksFreq) refers to stm32f10x_rcc.o(.data) for APBAHBPrescTable
    stm32f10x_rcc.o(i.RCC_WaitForHSEStartUp) refers to stm32f10x_rcc.o(i.RCC_GetFlagStatus) for RCC_GetFlagStatus
    stm32f10x_tim.o(i.TIM_DeInit) refers to stm32f10x_rcc.o(i.RCC_APB2PeriphResetCmd) for RCC_APB2PeriphResetCmd
    stm32f10x_tim.o(i.TIM_DeInit) refers to stm32f10x_rcc.o(i.RCC_APB1PeriphResetCmd) for RCC_APB1PeriphResetCmd
    stm32f10x_tim.o(i.TIM_ETRClockMode1Config) refers to stm32f10x_tim.o(i.TIM_ETRConfig) for TIM_ETRConfig
    stm32f10x_tim.o(i.TIM_ETRClockMode2Config) refers to stm32f10x_tim.o(i.TIM_ETRConfig) for TIM_ETRConfig
    stm32f10x_tim.o(i.TIM_ICInit) refers to stm32f10x_tim.o(i.TI1_Config) for TI1_Config
    stm32f10x_tim.o(i.TIM_ICInit) refers to stm32f10x_tim.o(i.TIM_SetIC1Prescaler) for TIM_SetIC1Prescaler
    stm32f10x_tim.o(i.TIM_ICInit) refers to stm32f10x_tim.o(i.TI2_Config) for TI2_Config
    stm32f10x_tim.o(i.TIM_ICInit) refers to stm32f10x_tim.o(i.TIM_SetIC2Prescaler) for TIM_SetIC2Prescaler
    stm32f10x_tim.o(i.TIM_ICInit) refers to stm32f10x_tim.o(i.TI3_Config) for TI3_Config
    stm32f10x_tim.o(i.TIM_ICInit) refers to stm32f10x_tim.o(i.TIM_SetIC3Prescaler) for TIM_SetIC3Prescaler
    stm32f10x_tim.o(i.TIM_ICInit) refers to stm32f10x_tim.o(i.TI4_Config) for TI4_Config
    stm32f10x_tim.o(i.TIM_ICInit) refers to stm32f10x_tim.o(i.TIM_SetIC4Prescaler) for TIM_SetIC4Prescaler
[...]
    dc.s                                     0x00000000   Number         0  dc.o ABSOLUTE
    handlers.s                               0x00000000   Number         0  handlers.o ABSOLUTE
    init.s                                   0x00000000   Number         0  init.o ABSOLUTE
    RESET                                    0x08000000   Section      304  startup_stm32f10x_hd.o(RESET)
    .ARM.Collect$$$$00000000                 0x08000130   Section        0  entry.o(.ARM.Collect$$$$00000000)
    .ARM.Collect$$$$00000001                 0x08000130   Section        4  entry2.o(.ARM.Collect$$$$00000001)
    .ARM.Collect$$$$00000004                 0x08000134   Section        4  entry5.o(.ARM.Collect$$$$00000004)
    .ARM.Collect$$$$00000008                 0x08000138   Section        0  entry7b.o(.ARM.Collect$$$$00000008)
    .ARM.Collect$$$$0000000A                 0x08000138   Section        0  entry8b.o(.ARM.Collect$$$$0000000A)
    .ARM.Collect$$$$0000000B                 0x08000138   Section        8  entry9a.o(.ARM.Collect$$$$0000000B)
    .ARM.Collect$$$$0000000D                 0x08000140   Section        0  entry10a.o(.ARM.Collect$$$$0000000D)
    .ARM.Collect$$$$0000000F                 0x08000140   Section        0  entry11a.o(.ARM.Collect$$$$0000000F)
    .ARM.Collect$$$$00002712                 0x08000140   Section        4  entry2.o(.ARM.Collect$$$$00002712)
    __lit__00000000                          0x08000140   Data           4  entry2.o(.ARM.Collect$$$$00002712)
    .text                                    0x08000144   Section       36  startup_stm32f10x_hd.o(.text)
    .text                                    0x08000168   Section        0  memcpya.o(.text)
    .text                                    0x0800018c   Section        0  memseta.o(.text)
    .text                                    0x080001b0   Section        0  fmul.o(.text)
    .text                                    0x08000214   Section        0  ffixui.o(.text)
    .text                                    0x0800023c   Section        0  iusefp.o(.text)
    .text                                    0x0800023c   Section       36  init.o(.text)
    i.Bump_Wash_Act                          0x08000260   Section        0  device_action.o(i.Bump_Wash_Act)
    i.BusFault_Handler                       0x080002c0   Section        0  stm32f10x_it.o(i.BusFault_Handler)
    i.CAN_ClearITPendingBit                  0x080002c4   Section        0  stm32f10x_can.o(i.CAN_ClearITPendingBit)
    i.CAN_FilterInit                         0x0800036c   Section        0  stm32f10x_can.o(i.CAN_FilterInit)
    i.CAN_GetITStatus                        0x08000474   Section        0  stm32f10x_can.o(i.CAN_GetITStatus)
    i.CAN_ITConfig                           0x08000594   Section        0  stm32f10x_can.o(i.CAN_ITConfig)
    i.CAN_Init                               0x080005a6   Section        0  stm32f10x_can.o(i.CAN_Init)
    i.CAN_Receive                            0x080006ba   Section        0  stm32f10x_can.o(i.CAN_Receive)
    i.CAN_Transmit                           0x080007aa   Section        0  stm32f10x_can.o(i.CAN_Transmit)
    i.CAN_TransmitStatus                     0x080008d0   Section        0  stm32f10x_can.o(i.CAN_TransmitStatus)
    i.CRC16_Calculate                        0x08000970   Section        0  crc16.o(i.CRC16_Calculate)
    i.Calc4BitsCRC                           0x080009a8   Section        0  crc16.o(i.Calc4BitsCRC)
    Calc4BitsCRC                             0x080009a9   Thumb Code    26  crc16.o(i.Calc4BitsCRC)
    i.CheckITStatus                          0x080009c8   Section        0  stm32f10x_can.o(i.CheckITStatus)
    CheckITStatus                            0x080009c9   Thumb Code    18  stm32f10x_can.o(i.CheckITStatus)
    i.Comm_CAN_FIFO_Init                     0x080009da   Section        0  comm_can_fifo.o(i.Comm_CAN_FIFO_Init)
    i.Comm_CAN_FIFO_RxDataGet                0x08000a10   Section        0  comm_can_fifo.o(i.Comm_CAN_FIFO_RxDataGet)
    i.Comm_CAN_FIFO_RxDataPut                0x08000a6a   Section        0  comm_can_fifo.o(i.Comm_CAN_FIFO_RxDataPut)
    i.Comm_CAN_FIFO_TxDataGet                0x08000ae4   Section        0  comm_can_fifo.o(i.Comm_CAN_FIFO_TxDataGet)
    i.Comm_CAN_FilterInit                    0x08000b54   Section        0  comm_can.o(i.Comm_CAN_FilterInit)
    Comm_CAN_FilterInit                      0x08000b55   Thumb Code   110  comm_can.o(i.Comm_CAN_FilterInit)
    i.Comm_CAN_FilterNumInit                 0x08000bc2   Section        0  comm_can.o(i.Comm_CAN_FilterNumInit)
    Comm_CAN_FilterNumInit                   0x08000bc3   Thumb Code   102  comm_can.o(i.Comm_CAN_FilterNumInit)
    i.Comm_CAN_Init                          0x08000c28   Section        0  comm_can.o(i.Comm_CAN_Init)
    i.Comm_CAN_SendOnePackage                0x08000cfc   Section        0  comm.o(i.Comm_CAN_SendOnePackage)
    i.Comm_CanDirectSend                     0x08000d5c   Section        0  comm.o(i.Comm_CanDirectSend)
    i.Comm_CanRxData                         0x08000dd4   Section        0  comm.o(i.Comm_CanRxData)
    i.Comm_CanRxDataGet                      0x08000de8   Section        0  comm.o(i.Comm_CanRxDataGet)
    i.Comm_CanTxDataSend                     0x08000e9c   Section        0  comm.o(i.Comm_CanTxDataSend)
    i.Comm_Init                              0x08000ef0   Section        0  comm.o(i.Comm_Init)
    i.Comm_Process                           0x08000f0c   Section        0  comm.o(i.Comm_Process)
    i.Common_EXTI_Init                       0x08000f18   Section        0  common.o(i.Common_EXTI_Init)
    i.Common_HiByte                          0x08000fec   Section        0  common.o(i.Common_HiByte)
    i.Common_LoByte                          0x08000ff2   Section        0  common.o(i.Common_LoByte)
    i.DIAP_PUMP_CLOSED                       0x08000ff8   Section        0  devices.o(i.DIAP_PUMP_CLOSED)
    i.DIAP_PUMP_Control                      0x08001064   Section        0  devices.o(i.DIAP_PUMP_Control)
    i.DIAP_PUMP_Init                         0x0800112c   Section        0  devices.o(i.DIAP_PUMP_Init)
    i.DIAP_PUMP_OPEN                         0x080012e8   Section        0  devices.o(i.DIAP_PUMP_OPEN)
    i.DIAP_PUMP_Set                          0x08001352   Section        0  devices.o(i.DIAP_PUMP_Set)
    i.DebugMon_Handler                       0x08001372   Section        0  stm32f10x_it.o(i.DebugMon_Handler)
    i.Delay_ms_SW                            0x08001374   Section        0  common.o(i.Delay_ms_SW)
    i.Devices_Init                           0x08001392   Section        0  devices.o(i.Devices_Init)
    i.EXTI0_IRQHandler                       0x080013b0   Section        0  stm32f10x_it.o(i.EXTI0_IRQHandler)
    i.EXTI15_10_IRQHandler                   0x080013e0   Section        0  stm32f10x_it.o(i.EXTI15_10_IRQHandler)
    i.EXTI1_IRQHandler                       0x08001484   Section        0  stm32f10x_it.o(i.EXTI1_IRQHandler)
    i.EXTI2_IRQHandler                       0x080014ac   Section        0  stm32f10x_it.o(i.EXTI2_IRQHandler)
    i.EXTI3_IRQHandler                       0x080014c0   Section        0  stm32f10x_it.o(i.EXTI3_IRQHandler)
    i.EXTI4_IRQHandler                       0x080014f0   Section        0  stm32f10x_it.o(i.EXTI4_IRQHandler)
    i.EXTI9_5_IRQHandler                     0x08001518   Section        0  stm32f10x_it.o(i.EXTI9_5_IRQHandler)
    i.EXTI_ClearITPendingBit                 0x080015d0   Section        0  stm32f10x_exti.o(i.EXTI_ClearITPendingBit)
    i.EXTI_GetITStatus                       0x080015dc   Section        0  stm32f10x_exti.o(i.EXTI_GetITStatus)
    i.EXTI_Init                              0x08001604   Section        0  stm32f10x_exti.o(i.EXTI_Init)
    i.Filling_Act                            0x08001698   Section        0  device_action.o(i.Filling_Act)
    i.GPIO_EXTILineConfig                    0x080016e8   Section        0  stm32f10x_gpio.o(i.GPIO_EXTILineConfig)
    i.GPIO_Init                              0x08001728   Section        0  stm32f10x_gpio.o(i.GPIO_Init)
    i.GPIO_PinRemapConfig                    0x08001840   Section        0  stm32f10x_gpio.o(i.GPIO_PinRemapConfig)
    i.GPIO_ReadInputDataBit                  0x080018d0   Section        0  stm32f10x_gpio.o(i.GPIO_ReadInputDataBit)
    i.GPIO_ResetBits                         0x080018e2   Section        0  stm32f10x_gpio.o(i.GPIO_ResetBits)
    i.GPIO_SetBits                           0x080018e6   Section        0  stm32f10x_gpio.o(i.GPIO_SetBits)
    i.HardFault_Handler                      0x080018ea   Section        0  stm32f10x_it.o(i.HardFault_Handler)
    i.HostComm_Cmd_Process                   0x080018f0   Section        0  hostprocess.o(i.HostComm_Cmd_Process)
    i.HostComm_Cmd_Respond_Common            0x08001994   Section        0  hostprocess.o(i.HostComm_Cmd_Respond_Common)
    HostComm_Cmd_Respond_Common              0x08001995   Thumb Code   104  hostprocess.o(i.HostComm_Cmd_Respond_Common)
    i.HostComm_Cmd_Send_RawData              0x08001a00   Section        0  hostprocess.o(i.HostComm_Cmd_Send_RawData)
    i.HostComm_Config                        0x08001a40   Section        0  hostcomm.o(i.HostComm_Config)
    HostComm_Config                          0x08001a41   Thumb Code    70  hostcomm.o(i.HostComm_Config)
    i.HostComm_GPIO_Init                     0x08001a8c   Section        0  hostcomm.o(i.HostComm_GPIO_Init)
    HostComm_GPIO_Init                       0x08001a8d   Thumb Code    54  hostcomm.o(i.HostComm_GPIO_Init)
    i.HostComm_Init                          0x08001ac8   Section        0  hostcomm.o(i.HostComm_Init)
    i.HostComm_NVIC_Configuration            0x08001af4   Section        0  hostcomm.o(i.HostComm_NVIC_Configuration)
    HostComm_NVIC_Configuration              0x08001af5   Thumb Code    32  hostcomm.o(i.HostComm_NVIC_Configuration)
    i.HostComm_Process                       0x08001b14   Section        0  hostprocess.o(i.HostComm_Process)
    i.HostComm_SendCommand                   0x08001b2c   Section        0  hostcomm.o(i.HostComm_SendCommand)
    i.HostComm_TimeOut_Init                  0x08001b60   Section        0  hostcomm.o(i.HostComm_TimeOut_Init)
    HostComm_TimeOut_Init                    0x08001b61   Thumb Code    84  hostcomm.o(i.HostComm_TimeOut_Init)
    i.Infusion_Air_50ul                      0x08001bb4   Section        0  movement.o(i.Infusion_Air_50ul)
    i.Inject_Achieve                         0x08001c38   Section        0  movement.o(i.Inject_Achieve)
    i.Injucet_Volume1                        0x08001c94   Section        0  device_action.o(i.Injucet_Volume1)
    i.Injucet_Volume2                        0x08001cd0   Section        0  device_action.o(i.Injucet_Volume2)
    i.Injucet_Volume3                        0x08001d0c   Section        0  device_action.o(i.Injucet_Volume3)
    i.Injucet_Volume4                        0x08001d48   Section        0  device_action.o(i.Injucet_Volume4)
    i.Injucet_Volume5                        0x08001d84   Section        0  device_action.o(i.Injucet_Volume5)
    i.Injucet_Volume6                        0x08001dc0   Section        0  device_action.o(i.Injucet_Volume6)
    i.Injucet_Volume7                        0x08001dfc   Section        0  device_action.o(i.Injucet_Volume7)
    i.MemManage_Handler                      0x08001e38   Section        0  stm32f10x_it.o(i.MemManage_Handler)
    i.Motor_Init                             0x08001e3c   Section        0  motor.o(i.Motor_Init)
    i.Motor_TIMER1_M10_Init                  0x08001e44   Section        0  motor.o(i.Motor_TIMER1_M10_Init)
    i.Motor_TIMER2_M3_Init                   0x08001f68   Section        0  motor.o(i.Motor_TIMER2_M3_Init)
    i.Motor_TIMER3_M6_Init                   0x080020c4   Section        0  motor.o(i.Motor_TIMER3_M6_Init)
    i.Motor_TIMER4_M4_Init                   0x080022dc   Section        0  motor.o(i.Motor_TIMER4_M4_Init)
    i.Motor_TIMER5_M1_Init                   0x08002440   Section        0  motor.o(i.Motor_TIMER5_M1_Init)
    i.Movement_GotoInitialPosition           0x08002538   Section        0  movement.o(i.Movement_GotoInitialPosition)
    i.Movement_M10_GotoTarget                0x08002640   Section        0  movement.o(i.Movement_M10_GotoTarget)
    i.Movement_M10_MotorDriver_DIR           0x08002670   Section        0  motor.o(i.Movement_M10_MotorDriver_DIR)
    i.Movement_M10_MotorDriver_EN            0x08002694   Section        0  motor.o(i.Movement_M10_MotorDriver_EN)
    i.Movement_M10_MotorDriver_PWM           0x080026b8   Section        0  motor.o(i.Movement_M10_MotorDriver_PWM)
    i.Movement_M10_Start                     0x080026d4   Section        0  motor.o(i.Movement_M10_Start)
    i.Movement_M10_Stop                      0x08002700   Section        0  motor.o(i.Movement_M10_Stop)
    i.Movement_M1_GotoTarget                 0x0800271c   Section        0  movement.o(i.Movement_M1_GotoTarget)
    i.Movement_M1_MotorDriver_DIR            0x0800274c   Section        0  motor.o(i.Movement_M1_MotorDriver_DIR)
    i.Movement_M1_MotorDriver_EN             0x08002770   Section        0  motor.o(i.Movement_M1_MotorDriver_EN)
    i.Movement_M1_MotorDriver_PWM            0x08002790   Section        0  motor.o(i.Movement_M1_MotorDriver_PWM)
    i.Movement_M1_Start                      0x080027ac   Section        0  motor.o(i.Movement_M1_Start)
    i.Movement_M1_Stop                       0x080027d8   Section        0  motor.o(i.Movement_M1_Stop)
    i.Movement_M2_MotorDriver_DIR            0x080027f4   Section        0  motor.o(i.Movement_M2_MotorDriver_DIR)
    i.Movement_M2_MotorDriver_EN             0x08002818   Section        0  motor.o(i.Movement_M2_MotorDriver_EN)
    i.Movement_M2_MotorDriver_PWM            0x08002838   Section        0  motor.o(i.Movement_M2_MotorDriver_PWM)
    i.Movement_M3_GotoTarget                 0x08002854   Section        0  movement.o(i.Movement_M3_GotoTarget)
    i.Movement_M3_MotorDriver_DIR            0x08002884   Section        0  motor.o(i.Movement_M3_MotorDriver_DIR)
    i.Movement_M3_MotorDriver_EN             0x080028a8   Section        0  motor.o(i.Movement_M3_MotorDriver_EN)
    i.Movement_M3_MotorDriver_PWM            0x080028c8   Section        0  motor.o(i.Movement_M3_MotorDriver_PWM)
    i.Movement_M3_Start                      0x080028e2   Section        0  motor.o(i.Movement_M3_Start)
    i.Movement_M3_Stop                       0x08002908   Section        0  motor.o(i.Movement_M3_Stop)
    i.Movement_M4_GotoTarget                 0x08002920   Section        0  movement.o(i.Movement_M4_GotoTarget)
    i.Movement_M4_MotorDriver_DIR            0x08002950   Section        0  motor.o(i.Movement_M4_MotorDriver_DIR)
    i.Movement_M4_MotorDriver_EN             0x08002974   Section        0  motor.o(i.Movement_M4_MotorDriver_EN)
    i.Movement_M4_MotorDriver_PWM            0x08002994   Section        0  motor.o(i.Movement_M4_MotorDriver_PWM)
    i.Movement_M4_Start                      0x080029b0   Section        0  motor.o(i.Movement_M4_Start)
    i.Movement_M4_Stop                       0x080029dc   Section        0  motor.o(i.Movement_M4_Stop)
    i.Movement_M5_MotorDriver_DIR            0x080029f8   Section        0  motor.o(i.Movement_M5_MotorDriver_DIR)
    i.Movement_M5_MotorDriver_EN             0x08002a1c   Section        0  motor.o(i.Movement_M5_MotorDriver_EN)
    i.Movement_M5_MotorDriver_PWM            0x08002a40   Section        0  motor.o(i.Movement_M5_MotorDriver_PWM)
    i.Movement_M5_Stop                       0x08002a5c   Section        0  motor.o(i.Movement_M5_Stop)
    i.Movement_M6_GotoTarget                 0x08002a78   Section        0  movement.o(i.Movement_M6_GotoTarget)
    i.Movement_M6_MotorDriver_DIR            0x08002aa8   Section        0  motor.o(i.Movement_M6_MotorDriver_DIR)
    i.Movement_M6_MotorDriver_EN             0x08002acc   Section        0  motor.o(i.Movement_M6_MotorDriver_EN)
    i.Movement_M6_MotorDriver_PWM            0x08002af0   Section        0  motor.o(i.Movement_M6_MotorDriver_PWM)
    i.Movement_M6_Start                      0x08002b0c   Section        0  motor.o(i.Movement_M6_Start)
    i.Movement_M6_Stop                       0x08002b38   Section        0  motor.o(i.Movement_M6_Stop)
    i.Movement_M7_MotorDriver_DIR            0x08002b54   Section        0  motor.o(i.Movement_M7_MotorDriver_DIR)
    i.Movement_M7_MotorDriver_EN             0x08002b78   Section        0  motor.o(i.Movement_M7_MotorDriver_EN)
    i.Movement_M7_MotorDriver_PWM            0x08002b9c   Section        0  motor.o(i.Movement_M7_MotorDriver_PWM)
    i.Movement_M7_Stop                       0x08002bb8   Section        0  motor.o(i.Movement_M7_Stop)
    i.Movement_M8_MotorDriver_DIR            0x08002bd4   Section        0  motor.o(i.Movement_M8_MotorDriver_DIR)
    i.Movement_M8_MotorDriver_EN             0x08002bf8   Section        0  motor.o(i.Movement_M8_MotorDriver_EN)
    i.Movement_M8_MotorDriver_PWM            0x08002c1c   Section        0  motor.o(i.Movement_M8_MotorDriver_PWM)
    i.Movement_M8_Stop                       0x08002c38   Section        0  motor.o(i.Movement_M8_Stop)
    i.Movement_M9_MotorDriver_DIR            0x08002c54   Section        0  motor.o(i.Movement_M9_MotorDriver_DIR)
    i.Movement_M9_MotorDriver_EN             0x08002c78   Section        0  motor.o(i.Movement_M9_MotorDriver_EN)
    i.Movement_M9_MotorDriver_PWM            0x08002c9c   Section        0  motor.o(i.Movement_M9_MotorDriver_PWM)
    i.Movement_M9_Stop                       0x08002cb8   Section        0  motor.o(i.Movement_M9_Stop)
    i.NMI_Handler                            0x08002cd4   Section        0  stm32f10x_it.o(i.NMI_Handler)
    i.NVIC_Init                              0x08002cd8   Section        0  misc.o(i.NVIC_Init)
    i.NVIC_PriorityGroupConfig               0x08002d48   Section        0  misc.o(i.NVIC_PriorityGroupConfig)
    i.PendSV_Handler                         0x08002d5c   Section        0  stm32f10x_it.o(i.PendSV_Handler)
    i.PosSensor_Init                         0x08002d60   Section        0  sensor.o(i.PosSensor_Init)
    i.PosSensor_M10_DISABLE                  0x08002e20   Section        0  sensor.o(i.PosSensor_M10_DISABLE)
    i.PosSensor_M10_ENABLE                   0x08002e4c   Section        0  sensor.o(i.PosSensor_M10_ENABLE)
    i.PosSensor_M1_DISABLE                   0x08002e7c   Section        0  sensor.o(i.PosSensor_M1_DISABLE)
    i.PosSensor_M1_ENABLE                    0x08002ea8   Section        0  sensor.o(i.PosSensor_M1_ENABLE)
    i.PosSensor_M3_DISABLE                   0x08002ed4   Section        0  sensor.o(i.PosSensor_M3_DISABLE)
    i.PosSensor_M3_ENABLE                    0x08002f00   Section        0  sensor.o(i.PosSensor_M3_ENABLE)
    i.PosSensor_M4_DISABLE                   0x08002f30   Section        0  sensor.o(i.PosSensor_M4_DISABLE)
    i.PosSensor_M4_ENABLE                    0x08002f5c   Section        0  sensor.o(i.PosSensor_M4_ENABLE)
    i.PosSensor_M6_DISABLE                   0x08002f8c   Section        0  sensor.o(i.PosSensor_M6_DISABLE)
    i.PosSensor_M6_ENABLE                    0x08002fb8   Section        0  sensor.o(i.PosSensor_M6_ENABLE)
    i.Pos_Read_Sensor                        0x08002fe8   Section        0  sensor.o(i.Pos_Read_Sensor)
    i.ProcessCMD_Extract                     0x080030d4   Section        0  movement.o(i.ProcessCMD_Extract)
    i.ProcessCMD_Inject                      0x0800316c   Section        0  movement.o(i.ProcessCMD_Inject)
    i.RAM_PUMP_Init                          0x08003176   Section        0  motor.o(i.RAM_PUMP_Init)
    i.RCC_APB1PeriphClockCmd                 0x08003190   Section        0  stm32f10x_rcc.o(i.RCC_APB1PeriphClockCmd)
    i.RCC_APB2PeriphClockCmd                 0x080031b0   Section        0  stm32f10x_rcc.o(i.RCC_APB2PeriphClockCmd)
    i.RCC_Configuration                      0x080031d0   Section        0  main.o(i.RCC_Configuration)
    i.RCC_GetClocksFreq                      0x080031dc   Section        0  stm32f10x_rcc.o(i.RCC_GetClocksFreq)
    i.SVC_Handler                            0x080032b0   Section        0  stm32f10x_it.o(i.SVC_Handler)
    i.SetSysClock                            0x080032b2   Section        0  system_stm32f10x.o(i.SetSysClock)
    SetSysClock                              0x080032b3   Thumb Code     8  system_stm32f10x.o(i.SetSysClock)
    i.SetSysClockTo72                        0x080032bc   Section        0  system_stm32f10x.o(i.SetSysClockTo72)
    SetSysClockTo72                          0x080032bd   Thumb Code   214  system_stm32f10x.o(i.SetSysClockTo72)
    i.Set_Initialize_Parameter               0x0800339c   Section        0  devices.o(i.Set_Initialize_Parameter)
    i.SysTick_Handler                        0x08003470   Section        0  stm32f10x_it.o(i.SysTick_Handler)
    i.SysTick_Init                           0x08003478   Section        0  common.o(i.SysTick_Init)
    i.SystemInit                             0x080034d8   Section        0  system_stm32f10x.o(i.SystemInit)
    i.TIM1_UP_IRQHandler                     0x08003538   Section        0  motor.o(i.TIM1_UP_IRQHandler)
    i.TIM2_IRQHandler                        0x08003588   Section        0  motor.o(i.TIM2_IRQHandler)
    i.TIM3_IRQHandler                        0x080035d4   Section        0  motor.o(i.TIM3_IRQHandler)
    i.TIM4_IRQHandler                        0x08003624   Section        0  motor.o(i.TIM4_IRQHandler)
    i.TIM5_IRQHandler                        0x08003674   Section        0  motor.o(i.TIM5_IRQHandler)
    i.TIM6_IRQHandler                        0x080036c4   Section        0  stm32f10x_it.o(i.TIM6_IRQHandler)
    i.TIM6_Int_Init                          0x08003710   Section        0  timer5.o(i.TIM6_Int_Init)
    i.TIM_ClearFlag                          0x08003770   Section        0  stm32f10x_tim.o(i.TIM_ClearFlag)
    i.TIM_Cmd                                0x08003776   Section        0  stm32f10x_tim.o(i.TIM_Cmd)
    i.TIM_CtrlPWMOutputs                     0x0800378e   Section        0  stm32f10x_tim.o(i.TIM_CtrlPWMOutputs)
    i.TIM_GetITStatus                        0x080037ac   Section        0  stm32f10x_tim.o(i.TIM_GetITStatus)
    i.TIM_ITConfig                           0x080037ce   Section        0  stm32f10x_tim.o(i.TIM_ITConfig)
    i.TIM_OC1Init                            0x080037e0   Section        0  stm32f10x_tim.o(i.TIM_OC1Init)
    i.TIM_OC1PreloadConfig                   0x08003878   Section        0  stm32f10x_tim.o(i.TIM_OC1PreloadConfig)
    i.TIM_OC2Init                            0x0800388c   Section        0  stm32f10x_tim.o(i.TIM_OC2Init)
    i.TIM_OC2PreloadConfig                   0x08003930   Section        0  stm32f10x_tim.o(i.TIM_OC2PreloadConfig)
    i.TIM_OC3Init                            0x0800394c   Section        0  stm32f10x_tim.o(i.TIM_OC3Init)
    i.TIM_OC3PreloadConfig                   0x080039ec   Section        0  stm32f10x_tim.o(i.TIM_OC3PreloadConfig)
    i.TIM_OC4Init                            0x08003a00   Section        0  stm32f10x_tim.o(i.TIM_OC4Init)
    i.TIM_OC4PreloadConfig                   0x08003a7c   Section        0  stm32f10x_tim.o(i.TIM_OC4PreloadConfig)
    i.TIM_TimeBaseInit                       0x08003a98   Section        0  stm32f10x_tim.o(i.TIM_TimeBaseInit)
    i.TimingDelay_Decrement                  0x08003b3c   Section        0  common.o(i.TimingDelay_Decrement)
    i.USART1_IRQHandler                      0x08003b54   Section        0  hostcomm.o(i.USART1_IRQHandler)
    i.USART_ClearFlag                        0x08003c3c   Section        0  stm32f10x_usart.o(i.USART_ClearFlag)
    i.USART_ClearITPendingBit                0x08003c4e   Section        0  stm32f10x_usart.o(i.USART_ClearITPendingBit)
    i.USART_Cmd                              0x08003c6c   Section        0  stm32f10x_usart.o(i.USART_Cmd)
    i.USART_GetFlagStatus                    0x08003c84   Section        0  stm32f10x_usart.o(i.USART_GetFlagStatus)
    i.USART_GetITStatus                      0x08003c9e   Section        0  stm32f10x_usart.o(i.USART_GetITStatus)
    i.USART_ITConfig                         0x08003cf2   Section        0  stm32f10x_usart.o(i.USART_ITConfig)
    i.USART_Init                             0x08003d3c   Section        0  stm32f10x_usart.o(i.USART_Init)
    i.USART_ReceiveData                      0x08003e14   Section        0  stm32f10x_usart.o(i.USART_ReceiveData)
    i.USART_SendData                         0x08003e1e   Section        0  stm32f10x_usart.o(i.USART_SendData)
    i.USB_LP_CAN1_RX0_IRQHandler             0x08003e28   Section        0  comm_can.o(i.USB_LP_CAN1_RX0_IRQHandler)
    i.UsageFault_Handler                     0x08003e68   Section        0  stm32f10x_it.o(i.UsageFault_Handler)
    i.VAVLE_CLOSED                           0x08003e6c   Section        0  devices.o(i.VAVLE_CLOSED)
    i.VAVLE_Init                             0x08003eb4   Section        0  devices.o(i.VAVLE_Init)
    i.VAVLE_OPEN                             0x08003f84   Section        0  devices.o(i.VAVLE_OPEN)
    i.Valve10_Control                        0x08003fcc   Section        0  devices.o(i.Valve10_Control)
    i.Valve1_Control                         0x08003fec   Section        0  devices.o(i.Valve1_Control)
    i.Valve2_Control                         0x08004010   Section        0  devices.o(i.Valve2_Control)
    i.Valve3_Control                         0x08004034   Section        0  devices.o(i.Valve3_Control)
    i.Valve4_Control                         0x08004058   Section        0  devices.o(i.Valve4_Control)
    i.Valve5_Control                         0x0800407c   Section        0  devices.o(i.Valve5_Control)
    i.Valve6_Control                         0x080040a0   Section        0  devices.o(i.Valve6_Control)
    i.Valve7_Control                         0x080040c4   Section        0  devices.o(i.Valve7_Control)
    i.Valve8_Control                         0x080040e4   Section        0  devices.o(i.Valve8_Control)
    i.Valve9_Control                         0x08004104   Section        0  devices.o(i.Valve9_Control)
    i.__scatterload_copy                     0x08004124   Section       14  handlers.o(i.__scatterload_copy)
    i.__scatterload_null                     0x08004132   Section        2  handlers.o(i.__scatterload_null)
    i.__scatterload_zeroinit                 0x08004134   Section       14  handlers.o(i.__scatterload_zeroinit)
    i.main                                   0x08004142   Section        0  main.o(i.main)
    .constdata                               0x08004172   Section       32  crc16.o(.constdata)
    .constdata                               0x08004194   Section        2  hostprocess.o(.constdata)
    .data                                    0x20000000   Section       20  stm32f10x_rcc.o(.data)
    APBAHBPrescTable                         0x20000000   Data          16  stm32f10x_rcc.o(.data)
    ADCPrescTable                            0x20000010   Data           4  stm32f10x_rcc.o(.data)
    .data                                    0x20000014   Section        1  stm32f10x_it.o(.data)
    .data                                    0x20000018   Section      161  global_variable.o(.data)
    .data                                    0x200000bc   Section        5  common.o(.data)
    TimingDelay                              0x200000bc   Data           4  common.o(.data)
    .data                                    0x200000c1   Section        5  movement.o(.data)
    .bss                                     0x200000c8   Section       90  global_variable.o(.bss)
    .bss                                     0x20000122   Section      289  comm_can_fifo.o(.bss)
    STACK                                    0x20000248   Section     1024  startup_stm32f10x_hd.o(STACK)

    Global Symbols

    Symbol Name                              Value     Ov Type        Size  Object(Section)

    BuildAttributes$$THM_ISAv4$P$D$K$B$S$PE$A:L22UL41UL21$X:L11$S22US41US21$IEEE1$IW$USESV6$~STKCKD$USESV7$~SHL$OSPACE$ROPI$EBA8$MICROLIB$REQ8$PRES8$EABIv2 0x00000000   Number         0  anon$$obj.o ABSOLUTE
    __ARM_use_no_argv                        0x00000000   Number         0  main.o ABSOLUTE
    __cpp_initialize__aeabi_                  - Undefined Weak Reference
    __cxa_finalize                            - Undefined Weak Reference
    __decompress                              - Undefined Weak Reference
    _clock_init                               - Undefined Weak Reference
    _microlib_exit                            - Undefined Weak Reference
    __Vectors_Size                           0x00000130   Number         0  startup_stm32f10x_hd.o ABSOLUTE
    __Vectors                                0x08000000   Data           4  startup_stm32f10x_hd.o(RESET)
    __Vectors_End                            0x08000130   Data           0  startup_stm32f10x_hd.o(RESET)
    __main                                   0x08000131   Thumb Code     0  entry.o(.ARM.Collect$$$$00000000)
    _main_stk                                0x08000131   Thumb Code     0  entry2.o(.ARM.Collect$$$$00000001)
    _main_scatterload                        0x08000135   Thumb Code     0  entry5.o(.ARM.Collect$$$$00000004)
    __main_after_scatterload                 0x08000139   Thumb Code     0  entry5.o(.ARM.Collect$$$$00000004)
    _main_clock                              0x08000139   Thumb Code     0  entry7b.o(.ARM.Collect$$$$00000008)
    _main_cpp_init                           0x08000139   Thumb Code     0  entry8b.o(.ARM.Collect$$$$0000000A)
    _main_init                               0x08000139   Thumb Code     0  entry9a.o(.ARM.Collect$$$$0000000B)
    __rt_final_cpp                           0x08000141   Thumb Code     0  entry10a.o(.ARM.Collect$$$$0000000D)
    __rt_final_exit                          0x08000141   Thumb Code     0  entry11a.o(.ARM.Collect$$$$0000000F)
    Reset_Handler                            0x08000145   Thumb Code     8  startup_stm32f10x_hd.o(.text)
    ADC1_2_IRQHandler                        0x0800015f   Thumb Code     0  startup_stm32f10x_hd.o(.text)
    ADC3_IRQHandler                          0x0800015f   Thumb Code     0  startup_stm32f10x_hd.o(.text)
    CAN1_RX1_IRQHandler                      0x0800015f   Thumb Code     0  startup_stm32f10x_hd.o(.text)
    CAN1_SCE_IRQHandler                      0x0800015f   Thumb Code     0  startup_stm32f10x_hd.o(.text)
    DMA1_Channel1_IRQHandler                 0x0800015f   Thumb Code     0  startup_stm32f10x_hd.o(.text)
    DMA1_Channel2_IRQHandler                 0x0800015f   Thumb Code     0  startup_stm32f10x_hd.o(.text)
    DMA1_Channel3_IRQHandler                 0x0800015f   Thumb Code     0  startup_stm32f10x_hd.o(.text)
    DMA1_Channel4_IRQHandler                 0x0800015f   Thumb Code     0  startup_stm32f10x_hd.o(.text)
    DMA1_Channel5_IRQHandler                 0x0800015f   Thumb Code     0  startup_stm32f10x_hd.o(.text)
    DMA1_Channel6_IRQHandler                 0x0800015f   Thumb Code     0  startup_stm32f10x_hd.o(.text)
    DMA1_Channel7_IRQHandler                 0x0800015f   Thumb Code     0  startup_stm32f10x_hd.o(.text)
    DMA2_Channel1_IRQHandler                 0x0800015f   Thumb Code     0  startup_stm32f10x_hd.o(.text)
    DMA2_Channel2_IRQHandler                 0x0800015f   Thumb Code     0  startup_stm32f10x_hd.o(.text)
    DMA2_Channel3_IRQHandler                 0x0800015f   Thumb Code     0  startup_stm32f10x_hd.o(.text)
    DMA2_Channel4_5_IRQHandler               0x0800015f   Thumb Code     0  startup_stm32f10x_hd.o(.text)
    FLASH_IRQHandler                         0x0800015f   Thumb Code     0  startup_stm32f10x_hd.o(.text)
    FSMC_IRQHandler                          0x0800015f   Thumb Code     0  startup_stm32f10x_hd.o(.text)
    I2C1_ER_IRQHandler                       0x0800015f   Thumb Code     0  startup_stm32f10x_hd.o(.text)
    I2C1_EV_IRQHandler                       0x0800015f   Thumb Code     0  startup_stm32f10x_hd.o(.text)
    I2C2_ER_IRQHandler                       0x0800015f   Thumb Code     0  startup_stm32f10x_hd.o(.text)
    I2C2_EV_IRQHandler                       0x0800015f   Thumb Code     0  startup_stm32f10x_hd.o(.text)
    PVD_IRQHandler                           0x0800015f   Thumb Code     0  startup_stm32f10x_hd.o(.text)
    RCC_IRQHandler                           0x0800015f   Thumb Code     0  startup_stm32f10x_hd.o(.text)
    RTCAlarm_IRQHandler                      0x0800015f   Thumb Code     0  startup_stm32f10x_hd.o(.text)
    RTC_IRQHandler                           0x0800015f   Thumb Code     0  startup_stm32f10x_hd.o(.text)
    SDIO_IRQHandler                          0x0800015f   Thumb Code     0  startup_stm32f10x_hd.o(.text)
    SPI1_IRQHandler                          0x0800015f   Thumb Code     0  startup_stm32f10x_hd.o(.text)
    SPI2_IRQHandler                          0x0800015f   Thumb Code     0  startup_stm32f10x_hd.o(.text)
    SPI3_IRQHandler                          0x0800015f   Thumb Code     0  startup_stm32f10x_hd.o(.text)
    TAMPER_IRQHandler                        0x0800015f   Thumb Code     0  startup_stm32f10x_hd.o(.text)
    TIM1_BRK_IRQHandler                      0x0800015f   Thumb Code     0  startup_stm32f10x_hd.o(.text)
    TIM1_CC_IRQHandler                       0x0800015f   Thumb Code     0  startup_stm32f10x_hd.o(.text)
    TIM1_TRG_COM_IRQHandler                  0x0800015f   Thumb Code     0  startup_stm32f10x_hd.o(.text)
    TIM7_IRQHandler                          0x0800015f   Thumb Code     0  startup_stm32f10x_hd.o(.text)
    TIM8_BRK_IRQHandler                      0x0800015f   Thumb Code     0  startup_stm32f10x_hd.o(.text)
    TIM8_CC_IRQHandler                       0x0800015f   Thumb Code     0  startup_stm32f10x_hd.o(.text)
    TIM8_TRG_COM_IRQHandler                  0x0800015f   Thumb Code     0  startup_stm32f10x_hd.o(.text)
    TIM8_UP_IRQHandler                       0x0800015f   Thumb Code     0  startup_stm32f10x_hd.o(.text)
    UART4_IRQHandler                         0x0800015f   Thumb Code     0  startup_stm32f10x_hd.o(.text)
    UART5_IRQHandler                         0x0800015f   Thumb Code     0  startup_stm32f10x_hd.o(.text)
    USART2_IRQHandler                        0x0800015f   Thumb Code     0  startup_stm32f10x_hd.o(.text)
    USART3_IRQHandler                        0x0800015f   Thumb Code     0  startup_stm32f10x_hd.o(.text)
    USBWakeUp_IRQHandler                     0x0800015f   Thumb Code     0  startup_stm32f10x_hd.o(.text)
    USB_HP_CAN1_TX_IRQHandler                0x0800015f   Thumb Code     0  startup_stm32f10x_hd.o(.text)
    WWDG_IRQHandler                          0x0800015f   Thumb Code     0  startup_stm32f10x_hd.o(.text)
    __aeabi_memcpy                           0x08000169   Thumb Code    36  memcpya.o(.text)
    __aeabi_memcpy4                          0x08000169   Thumb Code     0  memcpya.o(.text)
    __aeabi_memcpy8                          0x08000169   Thumb Code     0  memcpya.o(.text)
    __aeabi_memset                           0x0800018d   Thumb Code    14  memseta.o(.text)
    __aeabi_memset4                          0x0800018d   Thumb Code     0  memseta.o(.text)
    __aeabi_memset8                          0x0800018d   Thumb Code     0  memseta.o(.text)
    __aeabi_memclr                           0x0800019b   Thumb Code     4  memseta.o(.text)
    __aeabi_memclr4                          0x0800019b   Thumb Code     0  memseta.o(.text)
    __aeabi_memclr8                          0x0800019b   Thumb Code     0  memseta.o(.text)
    _memset$wrapper                          0x0800019f   Thumb Code    18  memseta.o(.text)
    __aeabi_fmul                             0x080001b1   Thumb Code   100  fmul.o(.text)
    __aeabi_f2uiz                            0x08000215   Thumb Code    40  ffixui.o(.text)
    __I$use$fp                               0x0800023d   Thumb Code     0  iusefp.o(.text)
    __scatterload                            0x0800023d   Thumb Code    28  init.o(.text)
    __scatterload_rt2                        0x0800023d   Thumb Code     0  init.o(.text)
    Bump_Wash_Act                            0x08000261   Thumb Code    80  device_action.o(i.Bump_Wash_Act)
    BusFault_Handler                         0x080002c1   Thumb Code     4  stm32f10x_it.o(i.BusFault_Handler)
    CAN_ClearITPendingBit                    0x080002c5   Thumb Code   162  stm32f10x_can.o(i.CAN_ClearITPendingBit)
    CAN_FilterInit                           0x0800036d   Thumb Code   258  stm32f10x_can.o(i.CAN_FilterInit)
    CAN_GetITStatus                          0x08000475   Thumb Code   284  stm32f10x_can.o(i.CAN_GetITStatus)
    CAN_ITConfig                             0x08000595   Thumb Code    18  stm32f10x_can.o(i.CAN_ITConfig)
    CAN_Init                                 0x080005a7   Thumb Code   276  stm32f10x_can.o(i.CAN_Init)
    CAN_Receive                              0x080006bb   Thumb Code   240  stm32f10x_can.o(i.CAN_Receive)
    CAN_Transmit                             0x080007ab   Thumb Code   294  stm32f10x_can.o(i.CAN_Transmit)
    CAN_TransmitStatus                       0x080008d1   Thumb Code   138  stm32f10x_can.o(i.CAN_TransmitStatus)
    CRC16_Calculate                          0x08000971   Thumb Code    54  crc16.o(i.CRC16_Calculate)
    Comm_CAN_FIFO_Init                       0x080009db   Thumb Code    54  comm_can_fifo.o(i.Comm_CAN_FIFO_Init)
    Comm_CAN_FIFO_RxDataGet                  0x08000a11   Thumb Code    90  comm_can_fifo.o(i.Comm_CAN_FIFO_RxDataGet)
    Comm_CAN_FIFO_RxDataPut                  0x08000a6b   Thumb Code   122  comm_can_fifo.o(i.Comm_CAN_FIFO_RxDataPut)
    Comm_CAN_FIFO_TxDataGet                  0x08000ae5   Thumb Code   112  comm_can_fifo.o(i.Comm_CAN_FIFO_TxDataGet)
    Comm_CAN_Init                            0x08000c29   Thumb Code   202  comm_can.o(i.Comm_CAN_Init)
    Comm_CAN_SendOnePackage                  0x08000cfd   Thumb Code    90  comm.o(i.Comm_CAN_SendOnePackage)
    Comm_CanDirectSend                       0x08000d5d   Thumb Code   120  comm.o(i.Comm_CanDirectSend)
    Comm_CanRxData                           0x08000dd5   Thumb Code    20  comm.o(i.Comm_CanRxData)
    Comm_CanRxDataGet                        0x08000de9   Thumb Code   170  comm.o(i.Comm_CanRxDataGet)
    Comm_CanTxDataSend                       0x08000e9d   Thumb Code    76  comm.o(i.Comm_CanTxDataSend)
    Comm_Init                                0x08000ef1   Thumb Code    20  comm.o(i.Comm_Init)
    Comm_Process                             0x08000f0d   Thumb Code    12  comm.o(i.Comm_Process)
    Common_EXTI_Init                         0x08000f19   Thumb Code   192  common.o(i.Common_EXTI_Init)
    Common_HiByte                            0x08000fed   Thumb Code     6  common.o(i.Common_HiByte)
    Common_LoByte                            0x08000ff3   Thumb Code     6  common.o(i.Common_LoByte)
    DIAP_PUMP_CLOSED                         0x08000ff9   Thumb Code   106  devices.o(i.DIAP_PUMP_CLOSED)
    DIAP_PUMP_Control                        0x08001065   Thumb Code   182  devices.o(i.DIAP_PUMP_Control)
    DIAP_PUMP_Init                           0x0800112d   Thumb Code   424  devices.o(i.DIAP_PUMP_Init)
    DIAP_PUMP_OPEN                           0x080012e9   Thumb Code   106  devices.o(i.DIAP_PUMP_OPEN)
    DIAP_PUMP_Set                            0x08001353   Thumb Code    32  devices.o(i.DIAP_PUMP_Set)
    DebugMon_Handler                         0x08001373   Thumb Code     2  stm32f10x_it.o(i.DebugMon_Handler)
    Delay_ms_SW                              0x08001375   Thumb Code    30  common.o(i.Delay_ms_SW)
    Devices_Init                             0x08001393   Thumb Code    28  devices.o(i.Devices_Init)
    EXTI0_IRQHandler                         0x080013b1   Thumb Code    36  stm32f10x_it.o(i.EXTI0_IRQHandler)
    EXTI15_10_IRQHandler                     0x080013e1   Thumb Code   142  stm32f10x_it.o(i.EXTI15_10_IRQHandler)
    EXTI1_IRQHandler                         0x08001485   Thumb Code    30  stm32f10x_it.o(i.EXTI1_IRQHandler)
    EXTI2_IRQHandler                         0x080014ad   Thumb Code    18  stm32f10x_it.o(i.EXTI2_IRQHandler)
    EXTI3_IRQHandler                         0x080014c1   Thumb Code    36  stm32f10x_it.o(i.EXTI3_IRQHandler)
    EXTI4_IRQHandler                         0x080014f1   Thumb Code    30  stm32f10x_it.o(i.EXTI4_IRQHandler)
    EXTI9_5_IRQHandler                       0x08001519   Thumb Code   142  stm32f10x_it.o(i.EXTI9_5_IRQHandler)
    EXTI_ClearITPendingBit                   0x080015d1   Thumb Code     6  stm32f10x_exti.o(i.EXTI_ClearITPendingBit)
    EXTI_GetITStatus                         0x080015dd   Thumb Code    34  stm32f10x_exti.o(i.EXTI_GetITStatus)
    EXTI_Init                                0x08001605   Thumb Code   142  stm32f10x_exti.o(i.EXTI_Init)
    Filling_Act                              0x08001699   Thumb Code    62  device_action.o(i.Filling_Act)
    GPIO_EXTILineConfig                      0x080016e9   Thumb Code    60  stm32f10x_gpio.o(i.GPIO_EXTILineConfig)
    GPIO_Init                                0x08001729   Thumb Code   278  stm32f10x_gpio.o(i.GPIO_Init)
    GPIO_PinRemapConfig                      0x08001841   Thumb Code   138  stm32f10x_gpio.o(i.GPIO_PinRemapConfig)
    GPIO_ReadInputDataBit                    0x080018d1   Thumb Code    18  stm32f10x_gpio.o(i.GPIO_ReadInputDataBit)
    GPIO_ResetBits                           0x080018e3   Thumb Code     4  stm32f10x_gpio.o(i.GPIO_ResetBits)
    GPIO_SetBits                             0x080018e7   Thumb Code     4  stm32f10x_gpio.o(i.GPIO_SetBits)
    HardFault_Handler                        0x080018eb   Thumb Code     4  stm32f10x_it.o(i.HardFault_Handler)
    HostComm_Cmd_Process                     0x080018f1   Thumb Code   146  hostprocess.o(i.HostComm_Cmd_Process)
    HostComm_Cmd_Send_RawData                0x08001a01   Thumb Code    58  hostprocess.o(i.HostComm_Cmd_Send_RawData)
    HostComm_Init                            0x08001ac9   Thumb Code    44  hostcomm.o(i.HostComm_Init)
    HostComm_Process                         0x08001b15   Thumb Code    20  hostprocess.o(i.HostComm_Process)
    HostComm_SendCommand                     0x08001b2d   Thumb Code    48  hostcomm.o(i.HostComm_SendCommand)
    Infusion_Air_50ul                        0x08001bb5   Thumb Code   104  movement.o(i.Infusion_Air_50ul)
    Inject_Achieve                           0x08001c39   Thumb Code    84  movement.o(i.Inject_Achieve)
    Injucet_Volume1                          0x08001c95   Thumb Code    52  device_action.o(i.Injucet_Volume1)
    Injucet_Volume2                          0x08001cd1   Thumb Code    52  device_action.o(i.Injucet_Volume2)
    Injucet_Volume3                          0x08001d0d   Thumb Code    52  device_action.o(i.Injucet_Volume3)
    Injucet_Volume4                          0x08001d49   Thumb Code    52  device_action.o(i.Injucet_Volume4)
    Injucet_Volume5                          0x08001d85   Thumb Code    52  device_action.o(i.Injucet_Volume5)
    Injucet_Volume6                          0x08001dc1   Thumb Code    52  device_action.o(i.Injucet_Volume6)
    Injucet_Volume7                          0x08001dfd   Thumb Code    52  device_action.o(i.Injucet_Volume7)
    MemManage_Handler                        0x08001e39   Thumb Code     4  stm32f10x_it.o(i.MemManage_Handler)
    Motor_Init                               0x08001e3d   Thumb Code     8  motor.o(i.Motor_Init)
    Motor_TIMER1_M10_Init                    0x08001e45   Thumb Code   274  motor.o(i.Motor_TIMER1_M10_Init)
    Motor_TIMER2_M3_Init                     0x08001f69   Thumb Code   332  motor.o(i.Motor_TIMER2_M3_Init)
    Motor_TIMER3_M6_Init                     0x080020c5   Thumb Code   510  motor.o(i.Motor_TIMER3_M6_Init)
    Motor_TIMER4_M4_Init                     0x080022dd   Thumb Code   334  motor.o(i.Motor_TIMER4_M4_Init)
    Motor_TIMER5_M1_Init                     0x08002441   Thumb Code   236  motor.o(i.Motor_TIMER5_M1_Init)
    Movement_GotoInitialPosition             0x08002539   Thumb Code   244  movement.o(i.Movement_GotoInitialPosition)
    Movement_M10_GotoTarget                  0x08002641   Thumb Code    34  movement.o(i.Movement_M10_GotoTarget)
    Movement_M10_MotorDriver_DIR             0x08002671   Thumb Code    30  motor.o(i.Movement_M10_MotorDriver_DIR)
    Movement_M10_MotorDriver_EN              0x08002695   Thumb Code    30  motor.o(i.Movement_M10_MotorDriver_EN)
    Movement_M10_MotorDriver_PWM             0x080026b9   Thumb Code    22  motor.o(i.Movement_M10_MotorDriver_PWM)
    Movement_M10_Start                       0x080026d5   Thumb Code    38  motor.o(i.Movement_M10_Start)
    Movement_M10_Stop                        0x08002701   Thumb Code    18  motor.o(i.Movement_M10_Stop)
    Movement_M1_GotoTarget                   0x0800271d   Thumb Code    34  movement.o(i.Movement_M1_GotoTarget)
    Movement_M1_MotorDriver_DIR              0x0800274d   Thumb Code    30  motor.o(i.Movement_M1_MotorDriver_DIR)
    Movement_M1_MotorDriver_EN               0x08002771   Thumb Code    28  motor.o(i.Movement_M1_MotorDriver_EN)
    Movement_M1_MotorDriver_PWM              0x08002791   Thumb Code    22  motor.o(i.Movement_M1_MotorDriver_PWM)
    Movement_M1_Start                        0x080027ad   Thumb Code    38  motor.o(i.Movement_M1_Start)
    Movement_M1_Stop                         0x080027d9   Thumb Code    18  motor.o(i.Movement_M1_Stop)
    Movement_M2_MotorDriver_DIR              0x080027f5   Thumb Code    30  motor.o(i.Movement_M2_MotorDriver_DIR)
    Movement_M2_MotorDriver_EN               0x08002819   Thumb Code    28  motor.o(i.Movement_M2_MotorDriver_EN)
    Movement_M2_MotorDriver_PWM              0x08002839   Thumb Code    26  motor.o(i.Movement_M2_MotorDriver_PWM)
    Movement_M3_GotoTarget                   0x08002855   Thumb Code    34  movement.o(i.Movement_M3_GotoTarget)
    Movement_M3_MotorDriver_DIR              0x08002885   Thumb Code    30  motor.o(i.Movement_M3_MotorDriver_DIR)
    Movement_M3_MotorDriver_EN               0x080028a9   Thumb Code    28  motor.o(i.Movement_M3_MotorDriver_EN)
    Movement_M3_MotorDriver_PWM              0x080028c9   Thumb Code    26  motor.o(i.Movement_M3_MotorDriver_PWM)
    Movement_M3_Start                        0x080028e3   Thumb Code    38  motor.o(i.Movement_M3_Start)
    Movement_M3_Stop                         0x08002909   Thumb Code    20  motor.o(i.Movement_M3_Stop)
    Movement_M4_GotoTarget                   0x08002921   Thumb Code    34  movement.o(i.Movement_M4_GotoTarget)
    Movement_M4_MotorDriver_DIR              0x08002951   Thumb Code    30  motor.o(i.Movement_M4_MotorDriver_DIR)
    Movement_M4_MotorDriver_EN               0x08002975   Thumb Code    28  motor.o(i.Movement_M4_MotorDriver_EN)
    Movement_M4_MotorDriver_PWM              0x08002995   Thumb Code    22  motor.o(i.Movement_M4_MotorDriver_PWM)
    Movement_M4_Start                        0x080029b1   Thumb Code    38  motor.o(i.Movement_M4_Start)
    Movement_M4_Stop                         0x080029dd   Thumb Code    18  motor.o(i.Movement_M4_Stop)
    Movement_M5_MotorDriver_DIR              0x080029f9   Thumb Code    30  motor.o(i.Movement_M5_MotorDriver_DIR)
    Movement_M5_MotorDriver_EN               0x08002a1d   Thumb Code    30  motor.o(i.Movement_M5_MotorDriver_EN)
    Movement_M5_MotorDriver_PWM              0x08002a41   Thumb Code    22  motor.o(i.Movement_M5_MotorDriver_PWM)
    Movement_M5_Stop                         0x08002a5d   Thumb Code    18  motor.o(i.Movement_M5_Stop)
    Movement_M6_GotoTarget                   0x08002a79   Thumb Code    34  movement.o(i.Movement_M6_GotoTarget)
    Movement_M6_MotorDriver_DIR              0x08002aa9   Thumb Code    30  motor.o(i.Movement_M6_MotorDriver_DIR)
    Movement_M6_MotorDriver_EN               0x08002acd   Thumb Code    30  motor.o(i.Movement_M6_MotorDriver_EN)
    Movement_M6_MotorDriver_PWM              0x08002af1   Thumb Code    22  motor.o(i.Movement_M6_MotorDriver_PWM)
    Movement_M6_Start                        0x08002b0d   Thumb Code    38  motor.o(i.Movement_M6_Start)
    Movement_M6_Stop                         0x08002b39   Thumb Code    18  motor.o(i.Movement_M6_Stop)
    Movement_M7_MotorDriver_DIR              0x08002b55   Thumb Code    30  motor.o(i.Movement_M7_MotorDriver_DIR)
    Movement_M7_MotorDriver_EN               0x08002b79   Thumb Code    30  motor.o(i.Movement_M7_MotorDriver_EN)
    Movement_M7_MotorDriver_PWM              0x08002b9d   Thumb Code    22  motor.o(i.Movement_M7_MotorDriver_PWM)
    Movement_M7_Stop                         0x08002bb9   Thumb Code    18  motor.o(i.Movement_M7_Stop)
    Movement_M8_MotorDriver_DIR              0x08002bd5   Thumb Code    30  motor.o(i.Movement_M8_MotorDriver_DIR)
    Movement_M8_MotorDriver_EN               0x08002bf9   Thumb Code    30  motor.o(i.Movement_M8_MotorDriver_EN)
    Movement_M8_MotorDriver_PWM              0x08002c1d   Thumb Code    22  motor.o(i.Movement_M8_MotorDriver_PWM)
    Movement_M8_Stop                         0x08002c39   Thumb Code    18  motor.o(i.Movement_M8_Stop)
    Movement_M9_MotorDriver_DIR              0x08002c55   Thumb Code    30  motor.o(i.Movement_M9_MotorDriver_DIR)
    Movement_M9_MotorDriver_EN               0x08002c79   Thumb Code    30  motor.o(i.Movement_M9_MotorDriver_EN)
    Movement_M9_MotorDriver_PWM              0x08002c9d   Thumb Code    22  motor.o(i.Movement_M9_MotorDriver_PWM)
    Movement_M9_Stop                         0x08002cb9   Thumb Code    18  motor.o(i.Movement_M9_Stop)
    NMI_Handler                              0x08002cd5   Thumb Code     2  stm32f10x_it.o(i.NMI_Handler)
    NVIC_Init                                0x08002cd9   Thumb Code   100  misc.o(i.NVIC_Init)
    NVIC_PriorityGroupConfig                 0x08002d49   Thumb Code    10  misc.o(i.NVIC_PriorityGroupConfig)
    PendSV_Handler                           0x08002d5d   Thumb Code     2  stm32f10x_it.o(i.PendSV_Handler)
    PosSensor_Init                           0x08002d61   Thumb Code   176  sensor.o(i.PosSensor_Init)
    PosSensor_M10_DISABLE                    0x08002e21   Thumb Code    40  sensor.o(i.PosSensor_M10_DISABLE)
    PosSensor_M10_ENABLE                     0x08002e4d   Thumb Code    42  sensor.o(i.PosSensor_M10_ENABLE)
    PosSensor_M1_DISABLE                     0x08002e7d   Thumb Code    40  sensor.o(i.PosSensor_M1_DISABLE)
    PosSensor_M1_ENABLE                      0x08002ea9   Thumb Code    40  sensor.o(i.PosSensor_M1_ENABLE)
    PosSensor_M3_DISABLE                     0x08002ed5   Thumb Code    40  sensor.o(i.PosSensor_M3_DISABLE)
    PosSensor_M3_ENABLE                      0x08002f01   Thumb Code    42  sensor.o(i.PosSensor_M3_ENABLE)
    PosSensor_M4_DISABLE                     0x08002f31   Thumb Code    40  sensor.o(i.PosSensor_M4_DISABLE)
    PosSensor_M4_ENABLE                      0x08002f5d   Thumb Code    42  sensor.o(i.PosSensor_M4_ENABLE)
    PosSensor_M6_DISABLE                     0x08002f8d   Thumb Code    40  sensor.o(i.PosSensor_M6_DISABLE)
    PosSensor_M6_ENABLE                      0x08002fb9   Thumb Code    42  sensor.o(i.PosSensor_M6_ENABLE)
    Pos_Read_Sensor                          0x08002fe9   Thumb Code   220  sensor.o(i.Pos_Read_Sensor)
    ProcessCMD_Extract                       0x080030d5   Thumb Code   116  movement.o(i.ProcessCMD_Extract)
    ProcessCMD_Inject                        0x0800316d   Thumb Code    10  movement.o(i.ProcessCMD_Inject)
    RAM_PUMP_Init                            0x08003177   Thumb Code    24  motor.o(i.RAM_PUMP_Init)
    RCC_APB1PeriphClockCmd                   0x08003191   Thumb Code    26  stm32f10x_rcc.o(i.RCC_APB1PeriphClockCmd)
    RCC_APB2PeriphClockCmd                   0x080031b1   Thumb Code    26  stm32f10x_rcc.o(i.RCC_APB2PeriphClockCmd)
    RCC_Configuration                        0x080031d1   Thumb Code    12  main.o(i.RCC_Configuration)
    RCC_GetClocksFreq                        0x080031dd   Thumb Code   192  stm32f10x_rcc.o(i.RCC_GetClocksFreq)
    SVC_Handler                              0x080032b1   Thumb Code     2  stm32f10x_it.o(i.SVC_Handler)
    Set_Initialize_Parameter                 0x0800339d   Thumb Code   158  devices.o(i.Set_Initialize_Parameter)
    SysTick_Handler                          0x08003471   Thumb Code     8  stm32f10x_it.o(i.SysTick_Handler)
    SysTick_Init                             0x08003479   Thumb Code    82  common.o(i.SysTick_Init)
    SystemInit                               0x080034d9   Thumb Code    78  system_stm32f10x.o(i.SystemInit)
    TIM1_UP_IRQHandler                       0x08003539   Thumb Code    64  motor.o(i.TIM1_UP_IRQHandler)
    TIM2_IRQHandler                          0x08003589   Thumb Code    64  motor.o(i.TIM2_IRQHandler)
    TIM3_IRQHandler                          0x080035d5   Thumb Code    64  motor.o(i.TIM3_IRQHandler)
    TIM4_IRQHandler                          0x08003625   Thumb Code    64  motor.o(i.TIM4_IRQHandler)
    TIM5_IRQHandler                          0x08003675   Thumb Code    64  motor.o(i.TIM5_IRQHandler)
    TIM6_IRQHandler                          0x080036c5   Thumb Code    62  stm32f10x_it.o(i.TIM6_IRQHandler)
    TIM6_Int_Init                            0x08003711   Thumb Code    90  timer5.o(i.TIM6_Int_Init)
    TIM_ClearFlag                            0x08003771   Thumb Code     6  stm32f10x_tim.o(i.TIM_ClearFlag)
    TIM_Cmd                                  0x08003777   Thumb Code    24  stm32f10x_tim.o(i.TIM_Cmd)
    TIM_CtrlPWMOutputs                       0x0800378f   Thumb Code    30  stm32f10x_tim.o(i.TIM_CtrlPWMOutputs)
    TIM_GetITStatus                          0x080037ad   Thumb Code    34  stm32f10x_tim.o(i.TIM_GetITStatus)
    TIM_ITConfig                             0x080037cf   Thumb Code    18  stm32f10x_tim.o(i.TIM_ITConfig)
    TIM_OC1Init                              0x080037e1   Thumb Code   132  stm32f10x_tim.o(i.TIM_OC1Init)
    TIM_OC1PreloadConfig                     0x08003879   Thumb Code    18  stm32f10x_tim.o(i.TIM_OC1PreloadConfig)
    TIM_OC2Init                              0x0800388d   Thumb Code   154  stm32f10x_tim.o(i.TIM_OC2Init)
    TIM_OC2PreloadConfig                     0x08003931   Thumb Code    26  stm32f10x_tim.o(i.TIM_OC2PreloadConfig)
    TIM_OC3Init                              0x0800394d   Thumb Code   150  stm32f10x_tim.o(i.TIM_OC3Init)
    TIM_OC3PreloadConfig                     0x080039ed   Thumb Code    18  stm32f10x_tim.o(i.TIM_OC3PreloadConfig)
    TIM_OC4Init                              0x08003a01   Thumb Code   114  stm32f10x_tim.o(i.TIM_OC4Init)
    TIM_OC4PreloadConfig                     0x08003a7d   Thumb Code    26  stm32f10x_tim.o(i.TIM_OC4PreloadConfig)
    TIM_TimeBaseInit                         0x08003a99   Thumb Code   122  stm32f10x_tim.o(i.TIM_TimeBaseInit)
    TimingDelay_Decrement                    0x08003b3d   Thumb Code    18  common.o(i.TimingDelay_Decrement)
    USART1_IRQHandler                        0x08003b55   Thumb Code   200  hostcomm.o(i.USART1_IRQHandler)
    USART_ClearFlag                          0x08003c3d   Thumb Code    18  stm32f10x_usart.o(i.USART_ClearFlag)
    USART_ClearITPendingBit                  0x08003c4f   Thumb Code    30  stm32f10x_usart.o(i.USART_ClearITPendingBit)
    USART_Cmd                                0x08003c6d   Thumb Code    24  stm32f10x_usart.o(i.USART_Cmd)
    USART_GetFlagStatus                      0x08003c85   Thumb Code    26  stm32f10x_usart.o(i.USART_GetFlagStatus)
    USART_GetITStatus                        0x08003c9f   Thumb Code    84  stm32f10x_usart.o(i.USART_GetITStatus)
    USART_ITConfig                           0x08003cf3   Thumb Code    74  stm32f10x_usart.o(i.USART_ITConfig)
    USART_Init                               0x08003d3d   Thumb Code   210  stm32f10x_usart.o(i.USART_Init)
    USART_ReceiveData                        0x08003e15   Thumb Code    10  stm32f10x_usart.o(i.USART_ReceiveData)
    USART_SendData                           0x08003e1f   Thumb Code     8  stm32f10x_usart.o(i.USART_SendData)
    USB_LP_CAN1_RX0_IRQHandler               0x08003e29   Thumb Code    56  comm_can.o(i.USB_LP_CAN1_RX0_IRQHandler)
    UsageFault_Handler                       0x08003e69   Thumb Code     4  stm32f10x_it.o(i.UsageFault_Handler)
    VAVLE_CLOSED                             0x08003e6d   Thumb Code    70  devices.o(i.VAVLE_CLOSED)
    VAVLE_Init                               0x08003eb5   Thumb Code   190  devices.o(i.VAVLE_Init)
    VAVLE_OPEN                               0x08003f85   Thumb Code    70  devices.o(i.VAVLE_OPEN)
    Valve10_Control                          0x08003fcd   Thumb Code    28  devices.o(i.Valve10_Control)
    Valve1_Control                           0x08003fed   Thumb Code    30  devices.o(i.Valve1_Control)
    Valve2_Control                           0x08004011   Thumb Code    30  devices.o(i.Valve2_Control)
    Valve3_Control                           0x08004035   Thumb Code    30  devices.o(i.Valve3_Control)
    Valve4_Control                           0x08004059   Thumb Code    30  devices.o(i.Valve4_Control)
    Valve5_Control                           0x0800407d   Thumb Code    30  devices.o(i.Valve5_Control)
    Valve6_Control                           0x080040a1   Thumb Code    30  devices.o(i.Valve6_Control)
    Valve7_Control                           0x080040c5   Thumb Code    28  devices.o(i.Valve7_Control)
    Valve8_Control                           0x080040e5   Thumb Code    28  devices.o(i.Valve8_Control)
    Valve9_Control                           0x08004105   Thumb Code    28  devices.o(i.Valve9_Control)
    __scatterload_copy                       0x08004125   Thumb Code    14  handlers.o(i.__scatterload_copy)
    __scatterload_null                       0x08004133   Thumb Code     2  handlers.o(i.__scatterload_null)
    __scatterload_zeroinit                   0x08004135   Thumb Code    14  handlers.o(i.__scatterload_zeroinit)
    main                                     0x08004143   Thumb Code    48  main.o(i.main)
    crcTable                                 0x08004172   Data          32  crc16.o(.constdata)
    Region$$Table$$Base                      0x08004198   Number         0  anon$$obj.o(Region$$Table)
    Region$$Table$$Limit                     0x080041b8   Number         0  anon$$obj.o(Region$$Table)
    Wash_Sencond                             0x20000014   Data           1  stm32f10x_it.o(.data)
    HostComm_RecBufAvailable                 0x20000018   Data           1  global_variable.o(.data)
    Bump_Switch                              0x20000019   Data           1  global_variable.o(.data)
    cmdType                                  0x2000001a   Data           1  global_variable.o(.data)
    cmdCode                                  0x2000001b   Data           1  global_variable.o(.data)
    contReceive                              0x2000001c   Data           1  global_variable.o(.data)
    Bump_Wash                                0x2000001d   Data           1  global_variable.o(.data)
    Waste_Bump                               0x2000001e   Data           1  global_variable.o(.data)
    Bump_Init                                0x2000001f   Data           1  global_variable.o(.data)
    recCount                                 0x20000020   Data           2  global_variable.o(.data)
    HostComm_RecBufSize                      0x20000022   Data           2  global_variable.o(.data)
    cmdLength                                0x20000024   Data           2  global_variable.o(.data)
    respLength                               0x20000026   Data           2  global_variable.o(.data)
    Fiber_Optic                              0x20000028   Data           2  global_variable.o(.data)
    Movement_M1_start                        0x2000002a   Data           1  global_variable.o(.data)
    Movement_M2_start                        0x2000002b   Data           1  global_variable.o(.data)
    Movement_M3_start                        0x2000002c   Data           1  global_variable.o(.data)
    Movement_M4_start                        0x2000002d   Data           1  global_variable.o(.data)
    Movement_M5_start                        0x2000002e   Data           1  global_variable.o(.data)
    Movement_M6_start                        0x2000002f   Data           1  global_variable.o(.data)
    Movement_M7_start                        0x20000030   Data           1  global_variable.o(.data)
    Movement_M8_start                        0x20000031   Data           1  global_variable.o(.data)
    Movement_M9_start                        0x20000032   Data           1  global_variable.o(.data)
    Movement_M10_start                       0x20000033   Data           1  global_variable.o(.data)
    Movement_M1_pulseCount                   0x20000034   Data           4  global_variable.o(.data)
    Movement_M1_pulseNumber                  0x20000038   Data           4  global_variable.o(.data)
    Movement_M2_pulseCount                   0x2000003c   Data           4  global_variable.o(.data)
    Movement_M2_pulseNumber                  0x20000040   Data           4  global_variable.o(.data)
    Movement_M3_pulseCount                   0x20000044   Data           4  global_variable.o(.data)
    Movement_M3_pulseNumber                  0x20000048   Data           4  global_variable.o(.data)
    Movement_M4_pulseCount                   0x2000004c   Data           4  global_variable.o(.data)
    Movement_M4_pulseNumber                  0x20000050   Data           4  global_variable.o(.data)
    Movement_M5_pulseCount                   0x20000054   Data           4  global_variable.o(.data)
    Movement_M5_pulseNumber                  0x20000058   Data           4  global_variable.o(.data)
    Movement_M6_pulseCount                   0x2000005c   Data           4  global_variable.o(.data)
    Movement_M6_pulseNumber                  0x20000060   Data           4  global_variable.o(.data)
    Movement_M7_pulseCount                   0x20000064   Data           4  global_variable.o(.data)
    Movement_M7_pulseNumber                  0x20000068   Data           4  global_variable.o(.data)
    Movement_M8_pulseCount                   0x2000006c   Data           4  global_variable.o(.data)
    Movement_M8_pulseNumber                  0x20000070   Data           4  global_variable.o(.data)
    Movement_M9_pulseCount                   0x20000074   Data           4  global_variable.o(.data)
    Movement_M9_pulseNumber                  0x20000078   Data           4  global_variable.o(.data)
    Movement_M10_pulseCount                  0x2000007c   Data           4  global_variable.o(.data)
    Movement_M10_pulseNumber                 0x20000080   Data           4  global_variable.o(.data)
    Base_Calculation_1ml                     0x20000084   Data           4  global_variable.o(.data)
    Base_Calculation_5ml                     0x20000088   Data           4  global_variable.o(.data)
    Infusion_Air_50ul_1ml                    0x2000008c   Data           4  global_variable.o(.data)
    Infusion_Air_50ul_5ml                    0x20000090   Data           4  global_variable.o(.data)
    PumpPrecision_Step_1ml                   0x20000094   Data           4  global_variable.o(.data)
    PumpPrecision_Step_5ml                   0x20000098   Data           4  global_variable.o(.data)
    PumpPrecision_Step_R1                    0x2000009c   Data           4  global_variable.o(.data)
    PumpPrecision_Step_R2                    0x200000a0   Data           4  global_variable.o(.data)
    PumpPrecision_Step_M                     0x200000a4   Data           4  global_variable.o(.data)
    PumpPrecision_Step_W                     0x200000a8   Data           4  global_variable.o(.data)
    PumpPrecision_Step_BASE                  0x200000ac   Data           4  global_variable.o(.data)
    CAN_Buffer                               0x200000b0   Data           2  global_variable.o(.data)
    L100_Filling                             0x200000b2   Data           1  global_variable.o(.data)
    sBuffer                                  0x200000b3   Data           2  global_variable.o(.data)
    fBuffer                                  0x200000b5   Data           2  global_variable.o(.data)
    Buffer                                   0x200000b7   Data           2  global_variable.o(.data)
    SystemMode_Status                        0x200000c0   Data           1  common.o(.data)
    Movement_M1_initPos                      0x200000c1   Data           1  movement.o(.data)
    Movement_M3_initPos                      0x200000c2   Data           1  movement.o(.data)
    Movement_M4_initPos                      0x200000c3   Data           1  movement.o(.data)
    Movement_M6_initPos                      0x200000c4   Data           1  movement.o(.data)
    Movement_M10_initPos                     0x200000c5   Data           1  movement.o(.data)
    recBuffer                                0x200000c8   Data          30  global_variable.o(.bss)
    cmdBuffer                                0x200000e6   Data          30  global_variable.o(.bss)
    respBuffer                               0x20000104   Data          30  global_variable.o(.bss)
    RxDataFIFO                               0x20000122   Data         117  comm_can_fifo.o(.bss)
    TxDataFIFO                               0x20000197   Data         117  comm_can_fifo.o(.bss)
    RxMultiDataBuffer                        0x2000020c   Data          55  comm_can_fifo.o(.bss)
    __initial_sp                             0x20000648   Data           0  startup_stm32f10x_hd.o(STACK)



==============================================================================

Memory Map of the image

  Image Entry point : 0x08000131

  Load Region LR_IROM1 (Base: 0x08000000, Size: 0x00004280, Max: 0x00080000, ABSOLUTE)

    Execution Region ER_IROM1 (Base: 0x08000000, Size: 0x000041b8, Max: 0x00080000, ABSOLUTE)

    Base Addr    Size         Type   Attr      Idx    E Section Name        Object

    0x08000000   0x00000130   Data   RO           19    RESET               startup_stm32f10x_hd.o
    0x08000130   0x00000000   Code   RO         3644  * .ARM.Collect$$$$00000000  mc_w.l(entry.o)
    0x08000130   0x00000004   Code   RO         3657    .ARM.Collect$$$$00000001  mc_w.l(entry2.o)
    0x08000134   0x00000004   Code   RO         3660    .ARM.Collect$$$$00000004  mc_w.l(entry5.o)
    0x08000138   0x00000000   Code   RO         3662    .ARM.Collect$$$$00000008  mc_w.l(entry7b.o)
    0x08000138   0x00000000   Code   RO         3664    .ARM.Collect$$$$0000000A  mc_w.l(entry8b.o)
    0x08000138   0x00000008   Code   RO         3665    .ARM.Collect$$$$0000000B  mc_w.l(entry9a.o)
    0x08000140   0x00000000   Code   RO         3667    .ARM.Collect$$$$0000000D  mc_w.l(entry10a.o)
    0x08000140   0x00000000   Code   RO         3669    .ARM.Collect$$$$0000000F  mc_w.l(entry11a.o)
    0x08000140   0x00000004   Code   RO         3658    .ARM.Collect$$$$00002712  mc_w.l(entry2.o)
    0x08000144   0x00000024   Code   RO           20    .text               startup_stm32f10x_hd.o
    0x08000168   0x00000024   Code   RO         3647    .text               mc_w.l(memcpya.o)
    0x0800018c   0x00000024   Code   RO         3649    .text               mc_w.l(memseta.o)
    0x080001b0   0x00000064   Code   RO         3653    .text               mf_w.l(fmul.o)
    0x08000214   0x00000028   Code   RO         3655    .text               mf_w.l(ffixui.o)
    0x0800023c   0x00000000   Code   RO         3671    .text               mc_w.l(iusefp.o)
    0x0800023c   0x00000024   Code   RO         3672    .text               mc_w.l(init.o)
    0x08000260   0x00000060   Code   RO         3185    i.Bump_Wash_Act     device_action.o
    0x080002c0   0x00000004   Code   RO         2045    i.BusFault_Handler  stm32f10x_it.o
    0x080002c4   0x000000a8   Code   RO         1892    i.CAN_ClearITPendingBit  stm32f10x_can.o
    0x0800036c   0x00000108   Code   RO         1896    i.CAN_FilterInit    stm32f10x_can.o
    0x08000474   0x00000120   Code   RO         1898    i.CAN_GetITStatus   stm32f10x_can.o
    0x08000594   0x00000012   Code   RO         1902    i.CAN_ITConfig      stm32f10x_can.o
    0x080005a6   0x00000114   Code   RO         1903    i.CAN_Init          stm32f10x_can.o
    0x080006ba   0x000000f0   Code   RO         1906    i.CAN_Receive       stm32f10x_can.o
    0x080007aa   0x00000126   Code   RO         1911    i.CAN_Transmit      stm32f10x_can.o
    0x080008d0   0x000000a0   Code   RO         1912    i.CAN_TransmitStatus  stm32f10x_can.o
    0x08000970   0x00000036   Code   RO         2878    i.CRC16_Calculate   crc16.o
    0x080009a6   0x00000002   PAD
    0x080009a8   0x00000020   Code   RO         2879    i.Calc4BitsCRC      crc16.o
    0x080009c8   0x00000012   Code   RO         1914    i.CheckITStatus     stm32f10x_can.o
    0x080009da   0x00000036   Code   RO         3125    i.Comm_CAN_FIFO_Init  comm_can_fifo.o
    0x08000a10   0x0000005a   Code   RO         3126    i.Comm_CAN_FIFO_RxDataGet  comm_can_fifo.o
    0x08000a6a   0x0000007a   Code   RO         3127    i.Comm_CAN_FIFO_RxDataPut  comm_can_fifo.o
    0x08000ae4   0x00000070   Code   RO         3128    i.Comm_CAN_FIFO_TxDataGet  comm_can_fifo.o
    0x08000b54   0x0000006e   Code   RO         3086    i.Comm_CAN_FilterInit  comm_can.o
    0x08000bc2   0x00000066   Code   RO         3087    i.Comm_CAN_FilterNumInit  comm_can.o
    0x08000c28   0x000000d4   Code   RO         3088    i.Comm_CAN_Init     comm_can.o
    0x08000cfc   0x00000060   Code   RO         3002    i.Comm_CAN_SendOnePackage  comm.o
    0x08000d5c   0x00000078   Code   RO         3003    i.Comm_CanDirectSend  comm.o
    0x08000dd4   0x00000014   Code   RO         3004    i.Comm_CanRxData    comm.o
    0x08000de8   0x000000b4   Code   RO         3005    i.Comm_CanRxDataGet  comm.o
    0x08000e9c   0x00000054   Code   RO         3007    i.Comm_CanTxDataSend  comm.o
    0x08000ef0   0x0000001c   Code   RO         3010    i.Comm_Init         comm.o
    0x08000f0c   0x0000000c   Code   RO         3011    i.Comm_Process      comm.o
    0x08000f18   0x000000d4   Code   RO         2385    i.Common_EXTI_Init  common.o
    0x08000fec   0x00000006   Code   RO         2386    i.Common_HiByte     common.o
    0x08000ff2   0x00000006   Code   RO         2387    i.Common_LoByte     common.o
    0x08000ff8   0x0000006a   Code   RO         2519    i.DIAP_PUMP_CLOSED  devices.o
    0x08001062   0x00000002   PAD
    0x08001064   0x000000c8   Code   RO         2520    i.DIAP_PUMP_Control  devices.o
    0x0800112c   0x000001bc   Code   RO         2521    i.DIAP_PUMP_Init    devices.o
    0x080012e8   0x0000006a   Code   RO         2522    i.DIAP_PUMP_OPEN    devices.o
    0x08001352   0x00000020   Code   RO         2523    i.DIAP_PUMP_Set     devices.o
    0x08001372   0x00000002   Code   RO         2046    i.DebugMon_Handler  stm32f10x_it.o
    0x08001374   0x0000001e   Code   RO         2389    i.Delay_ms_SW       common.o
    0x08001392   0x0000001c   Code   RO         2524    i.Devices_Init      devices.o
    0x080013ae   0x00000002   PAD
    0x080013b0   0x00000030   Code   RO         2047    i.EXTI0_IRQHandler  stm32f10x_it.o
    0x080013e0   0x000000a4   Code   RO         2048    i.EXTI15_10_IRQHandler  stm32f10x_it.o
    0x08001484   0x00000028   Code   RO         2049    i.EXTI1_IRQHandler  stm32f10x_it.o
    0x080014ac   0x00000012   Code   RO         2050    i.EXTI2_IRQHandler  stm32f10x_it.o
    0x080014be   0x00000002   PAD
    0x080014c0   0x00000030   Code   RO         2051    i.EXTI3_IRQHandler  stm32f10x_it.o
    0x080014f0   0x00000028   Code   RO         2052    i.EXTI4_IRQHandler  stm32f10x_it.o
    0x08001518   0x000000b8   Code   RO         2053    i.EXTI9_5_IRQHandler  stm32f10x_it.o
    0x080015d0   0x0000000c   Code   RO          561    i.EXTI_ClearITPendingBit  stm32f10x_exti.o
    0x080015dc   0x00000028   Code   RO          565    i.EXTI_GetITStatus  stm32f10x_exti.o
    0x08001604   0x00000094   Code   RO          566    i.EXTI_Init         stm32f10x_exti.o
    0x08001698   0x00000050   Code   RO         3186    i.Filling_Act       device_action.o
    0x080016e8   0x00000040   Code   RO          617    i.GPIO_EXTILineConfig  stm32f10x_gpio.o
    0x08001728   0x00000116   Code   RO          620    i.GPIO_Init         stm32f10x_gpio.o
    0x0800183e   0x00000002   PAD
    0x08001840   0x00000090   Code   RO          622    i.GPIO_PinRemapConfig  stm32f10x_gpio.o
    0x080018d0   0x00000012   Code   RO          624    i.GPIO_ReadInputDataBit  stm32f10x_gpio.o
    0x080018e2   0x00000004   Code   RO          627    i.GPIO_ResetBits    stm32f10x_gpio.o
    0x080018e6   0x00000004   Code   RO          628    i.GPIO_SetBits      stm32f10x_gpio.o
    0x080018ea   0x00000004   Code   RO         2054    i.HardFault_Handler  stm32f10x_it.o
    0x080018ee   0x00000002   PAD
    0x080018f0   0x000000a4   Code   RO         2964    i.HostComm_Cmd_Process  hostprocess.o
    0x08001994   0x0000006c   Code   RO         2965    i.HostComm_Cmd_Respond_Common  hostprocess.o
    0x08001a00   0x00000040   Code   RO         2966    i.HostComm_Cmd_Send_RawData  hostprocess.o
    0x08001a40   0x0000004c   Code   RO         2901    i.HostComm_Config   hostcomm.o
    0x08001a8c   0x0000003c   Code   RO         2902    i.HostComm_GPIO_Init  hostcomm.o
    0x08001ac8   0x0000002c   Code   RO         2903    i.HostComm_Init     hostcomm.o
    0x08001af4   0x00000020   Code   RO         2904    i.HostComm_NVIC_Configuration  hostcomm.o
    0x08001b14   0x00000018   Code   RO         2967    i.HostComm_Process  hostprocess.o
    0x08001b2c   0x00000034   Code   RO         2905    i.HostComm_SendCommand  hostcomm.o
    0x08001b60   0x00000054   Code   RO         2906    i.HostComm_TimeOut_Init  hostcomm.o
    0x08001bb4   0x00000084   Code   RO         2736    i.Infusion_Air_50ul  movement.o
    0x08001c38   0x0000005c   Code   RO         2737    i.Inject_Achieve    movement.o
    0x08001c94   0x0000003c   Code   RO         3187    i.Injucet_Volume1   device_action.o
    0x08001cd0   0x0000003c   Code   RO         3188    i.Injucet_Volume2   device_action.o
    0x08001d0c   0x0000003c   Code   RO         3189    i.Injucet_Volume3   device_action.o
    0x08001d48   0x0000003c   Code   RO         3190    i.Injucet_Volume4   device_action.o
    0x08001d84   0x0000003c   Code   RO         3191    i.Injucet_Volume5   device_action.o
    0x08001dc0   0x0000003c   Code   RO         3192    i.Injucet_Volume6   device_action.o
    0x08001dfc   0x0000003c   Code   RO         3193    i.Injucet_Volume7   device_action.o
    0x08001e38   0x00000004   Code   RO         2055    i.MemManage_Handler  stm32f10x_it.o
    0x08001e3c   0x00000008   Code   RO         3248    i.Motor_Init        motor.o
    0x08001e44   0x00000124   Code   RO         3249    i.Motor_TIMER1_M10_Init  motor.o
    0x08001f68   0x0000015c   Code   RO         3250    i.Motor_TIMER2_M3_Init  motor.o
    0x080020c4   0x00000218   Code   RO         3251    i.Motor_TIMER3_M6_Init  motor.o
    0x080022dc   0x00000164   Code   RO         3252    i.Motor_TIMER4_M4_Init  motor.o
    0x08002440   0x000000f8   Code   RO         3253    i.Motor_TIMER5_M1_Init  motor.o
    0x08002538   0x00000108   Code   RO         2738    i.Movement_GotoInitialPosition  movement.o
    0x08002640   0x00000030   Code   RO         2739    i.Movement_M10_GotoTarget  movement.o
    0x08002670   0x00000024   Code   RO         3254    i.Movement_M10_MotorDriver_DIR  motor.o
    0x08002694   0x00000024   Code   RO         3255    i.Movement_M10_MotorDriver_EN  motor.o
    0x080026b8   0x0000001c   Code   RO         3256    i.Movement_M10_MotorDriver_PWM  motor.o
    0x080026d4   0x0000002c   Code   RO         3257    i.Movement_M10_Start  motor.o
    0x08002700   0x0000001c   Code   RO         3258    i.Movement_M10_Stop  motor.o
    0x0800271c   0x00000030   Code   RO         2740    i.Movement_M1_GotoTarget  movement.o
    0x0800274c   0x00000024   Code   RO         3259    i.Movement_M1_MotorDriver_DIR  motor.o
    0x08002770   0x00000020   Code   RO         3260    i.Movement_M1_MotorDriver_EN  motor.o
    0x08002790   0x0000001c   Code   RO         3261    i.Movement_M1_MotorDriver_PWM  motor.o
    0x080027ac   0x0000002c   Code   RO         3262    i.Movement_M1_Start  motor.o
    0x080027d8   0x0000001c   Code   RO         3263    i.Movement_M1_Stop  motor.o
    0x080027f4   0x00000024   Code   RO         3264    i.Movement_M2_MotorDriver_DIR  motor.o
    0x08002818   0x00000020   Code   RO         3265    i.Movement_M2_MotorDriver_EN  motor.o
    0x08002838   0x0000001a   Code   RO         3266    i.Movement_M2_MotorDriver_PWM  motor.o
    0x08002852   0x00000002   PAD
    0x08002854   0x00000030   Code   RO         2742    i.Movement_M3_GotoTarget  movement.o
    0x08002884   0x00000024   Code   RO         3269    i.Movement_M3_MotorDriver_DIR  motor.o
    0x080028a8   0x00000020   Code   RO         3270    i.Movement_M3_MotorDriver_EN  motor.o
    0x080028c8   0x0000001a   Code   RO         3271    i.Movement_M3_MotorDriver_PWM  motor.o
    0x080028e2   0x00000026   Code   RO         3272    i.Movement_M3_Start  motor.o
    0x08002908   0x00000018   Code   RO         3273    i.Movement_M3_Stop  motor.o
    0x08002920   0x00000030   Code   RO         2743    i.Movement_M4_GotoTarget  movement.o
    0x08002950   0x00000024   Code   RO         3274    i.Movement_M4_MotorDriver_DIR  motor.o
    0x08002974   0x00000020   Code   RO         3275    i.Movement_M4_MotorDriver_EN  motor.o
    0x08002994   0x0000001c   Code   RO         3276    i.Movement_M4_MotorDriver_PWM  motor.o
    0x080029b0   0x0000002c   Code   RO         3277    i.Movement_M4_Start  motor.o
    0x080029dc   0x0000001c   Code   RO         3278    i.Movement_M4_Stop  motor.o
    0x080029f8   0x00000024   Code   RO         3279    i.Movement_M5_MotorDriver_DIR  motor.o
    0x08002a1c   0x00000024   Code   RO         3280    i.Movement_M5_MotorDriver_EN  motor.o
    0x08002a40   0x0000001c   Code   RO         3281    i.Movement_M5_MotorDriver_PWM  motor.o
    0x08002a5c   0x0000001c   Code   RO         3283    i.Movement_M5_Stop  motor.o
    0x08002a78   0x00000030   Code   RO         2745    i.Movement_M6_GotoTarget  movement.o
    0x08002aa8   0x00000024   Code   RO         3284    i.Movement_M6_MotorDriver_DIR  motor.o
    0x08002acc   0x00000024   Code   RO         3285    i.Movement_M6_MotorDriver_EN  motor.o
    0x08002af0   0x0000001c   Code   RO         3286    i.Movement_M6_MotorDriver_PWM  motor.o
    0x08002b0c   0x0000002c   Code   RO         3287    i.Movement_M6_Start  motor.o
    0x08002b38   0x0000001c   Code   RO         3288    i.Movement_M6_Stop  motor.o
    0x08002b54   0x00000024   Code   RO         3289    i.Movement_M7_MotorDriver_DIR  motor.o
    0x08002b78   0x00000024   Code   RO         3290    i.Movement_M7_MotorDriver_EN  motor.o
    0x08002b9c   0x0000001c   Code   RO         3291    i.Movement_M7_MotorDriver_PWM  motor.o
    0x08002bb8   0x0000001c   Code   RO         3293    i.Movement_M7_Stop  motor.o
    0x08002bd4   0x00000024   Code   RO         3294    i.Movement_M8_MotorDriver_DIR  motor.o
    0x08002bf8   0x00000024   Code   RO         3295    i.Movement_M8_MotorDriver_EN  motor.o
    0x08002c1c   0x0000001c   Code   RO         3296    i.Movement_M8_MotorDriver_PWM  motor.o
    0x08002c38   0x0000001c   Code   RO         3298    i.Movement_M8_Stop  motor.o
    0x08002c54   0x00000024   Code   RO         3299    i.Movement_M9_MotorDriver_DIR  motor.o
    0x08002c78   0x00000024   Code   RO         3300    i.Movement_M9_MotorDriver_EN  motor.o
    0x08002c9c   0x0000001c   Code   RO         3301    i.Movement_M9_MotorDriver_PWM  motor.o
    0x08002cb8   0x0000001c   Code   RO         3303    i.Movement_M9_Stop  motor.o
    0x08002cd4   0x00000002   Code   RO         2056    i.NMI_Handler       stm32f10x_it.o
    0x08002cd6   0x00000002   PAD
    0x08002cd8   0x00000070   Code   RO           24    i.NVIC_Init         misc.o
    0x08002d48   0x00000014   Code   RO           25    i.NVIC_PriorityGroupConfig  misc.o
    0x08002d5c   0x00000002   Code   RO         2057    i.PendSV_Handler    stm32f10x_it.o
    0x08002d5e   0x00000002   PAD
    0x08002d60   0x000000c0   Code   RO         2651    i.PosSensor_Init    sensor.o
    0x08002e20   0x0000002c   Code   RO         2652    i.PosSensor_M10_DISABLE  sensor.o
    0x08002e4c   0x00000030   Code   RO         2653    i.PosSensor_M10_ENABLE  sensor.o
    0x08002e7c   0x0000002c   Code   RO         2654    i.PosSensor_M1_DISABLE  sensor.o
    0x08002ea8   0x0000002c   Code   RO         2655    i.PosSensor_M1_ENABLE  sensor.o
    0x08002ed4   0x0000002c   Code   RO         2656    i.PosSensor_M3_DISABLE  sensor.o
    0x08002f00   0x00000030   Code   RO         2657    i.PosSensor_M3_ENABLE  sensor.o
    0x08002f30   0x0000002c   Code   RO         2658    i.PosSensor_M4_DISABLE  sensor.o
    0x08002f5c   0x00000030   Code   RO         2659    i.PosSensor_M4_ENABLE  sensor.o
    0x08002f8c   0x0000002c   Code   RO         2660    i.PosSensor_M6_DISABLE  sensor.o
    0x08002fb8   0x00000030   Code   RO         2661    i.PosSensor_M6_ENABLE  sensor.o
    0x08002fe8   0x000000ec   Code   RO         2662    i.Pos_Read_Sensor   sensor.o
    0x080030d4   0x00000098   Code   RO         2749    i.ProcessCMD_Extract  movement.o
    0x0800316c   0x0000000a   Code   RO         2750    i.ProcessCMD_Inject  movement.o
    0x08003176   0x00000018   Code   RO         3304    i.RAM_PUMP_Init     motor.o
    0x0800318e   0x00000002   PAD
    0x08003190   0x00000020   Code   RO          790    i.RCC_APB1PeriphClockCmd  stm32f10x_rcc.o
    0x080031b0   0x00000020   Code   RO          792    i.RCC_APB2PeriphClockCmd  stm32f10x_rcc.o
    0x080031d0   0x0000000c   Code   RO         2294    i.RCC_Configuration  main.o
    0x080031dc   0x000000d4   Code   RO          800    i.RCC_GetClocksFreq  stm32f10x_rcc.o
    0x080032b0   0x00000002   Code   RO         2058    i.SVC_Handler       stm32f10x_it.o
    0x080032b2   0x00000008   Code   RO         2234    i.SetSysClock       system_stm32f10x.o
    0x080032ba   0x00000002   PAD
    0x080032bc   0x000000e0   Code   RO         2235    i.SetSysClockTo72   system_stm32f10x.o
    0x0800339c   0x000000d4   Code   RO         2525    i.Set_Initialize_Parameter  devices.o
    0x08003470   0x00000008   Code   RO         2059    i.SysTick_Handler   stm32f10x_it.o
    0x08003478   0x00000060   Code   RO         2392    i.SysTick_Init      common.o
    0x080034d8   0x00000060   Code   RO         2237    i.SystemInit        system_stm32f10x.o
    0x08003538   0x00000050   Code   RO         3305    i.TIM1_UP_IRQHandler  motor.o
    0x08003588   0x0000004c   Code   RO         3306    i.TIM2_IRQHandler   motor.o
    0x080035d4   0x00000050   Code   RO         3307    i.TIM3_IRQHandler   motor.o
    0x08003624   0x00000050   Code   RO         3308    i.TIM4_IRQHandler   motor.o
    0x08003674   0x00000050   Code   RO         3309    i.TIM5_IRQHandler   motor.o
    0x080036c4   0x0000004c   Code   RO         2060    i.TIM6_IRQHandler   stm32f10x_it.o
    0x08003710   0x00000060   Code   RO         3629    i.TIM6_Int_Init     timer5.o
    0x08003770   0x00000006   Code   RO          998    i.TIM_ClearFlag     stm32f10x_tim.o
    0x08003776   0x00000018   Code   RO         1004    i.TIM_Cmd           stm32f10x_tim.o
    0x0800378e   0x0000001e   Code   RO         1006    i.TIM_CtrlPWMOutputs  stm32f10x_tim.o
    0x080037ac   0x00000022   Code   RO         1025    i.TIM_GetITStatus   stm32f10x_tim.o
    0x080037ce   0x00000012   Code   RO         1029    i.TIM_ITConfig      stm32f10x_tim.o
    0x080037e0   0x00000098   Code   RO         1033    i.TIM_OC1Init       stm32f10x_tim.o
    0x08003878   0x00000012   Code   RO         1036    i.TIM_OC1PreloadConfig  stm32f10x_tim.o
    0x0800388a   0x00000002   PAD
    0x0800388c   0x000000a4   Code   RO         1038    i.TIM_OC2Init       stm32f10x_tim.o
    0x08003930   0x0000001a   Code   RO         1041    i.TIM_OC2PreloadConfig  stm32f10x_tim.o
    0x0800394a   0x00000002   PAD
    0x0800394c   0x000000a0   Code   RO         1043    i.TIM_OC3Init       stm32f10x_tim.o
    0x080039ec   0x00000012   Code   RO         1046    i.TIM_OC3PreloadConfig  stm32f10x_tim.o
    0x080039fe   0x00000002   PAD
    0x08003a00   0x0000007c   Code   RO         1048    i.TIM_OC4Init       stm32f10x_tim.o
    0x08003a7c   0x0000001a   Code   RO         1050    i.TIM_OC4PreloadConfig  stm32f10x_tim.o
    0x08003a96   0x00000002   PAD
    0x08003a98   0x000000a4   Code   RO         1075    i.TIM_TimeBaseInit  stm32f10x_tim.o
    0x08003b3c   0x00000018   Code   RO         2393    i.TimingDelay_Decrement  common.o
    0x08003b54   0x000000e8   Code   RO         2908    i.USART1_IRQHandler  hostcomm.o
    0x08003c3c   0x00000012   Code   RO         1536    i.USART_ClearFlag   stm32f10x_usart.o
    0x08003c4e   0x0000001e   Code   RO         1537    i.USART_ClearITPendingBit  stm32f10x_usart.o
    0x08003c6c   0x00000018   Code   RO         1540    i.USART_Cmd         stm32f10x_usart.o
    0x08003c84   0x0000001a   Code   RO         1543    i.USART_GetFlagStatus  stm32f10x_usart.o
    0x08003c9e   0x00000054   Code   RO         1544    i.USART_GetITStatus  stm32f10x_usart.o
    0x08003cf2   0x0000004a   Code   RO         1546    i.USART_ITConfig    stm32f10x_usart.o
    0x08003d3c   0x000000d8   Code   RO         1547    i.USART_Init        stm32f10x_usart.o
    0x08003e14   0x0000000a   Code   RO         1554    i.USART_ReceiveData  stm32f10x_usart.o
    0x08003e1e   0x00000008   Code   RO         1557    i.USART_SendData    stm32f10x_usart.o
    0x08003e26   0x00000002   PAD
    0x08003e28   0x00000040   Code   RO         3089    i.USB_LP_CAN1_RX0_IRQHandler  comm_can.o
    0x08003e68   0x00000004   Code   RO         2061    i.UsageFault_Handler  stm32f10x_it.o
    0x08003e6c   0x00000046   Code   RO         2526    i.VAVLE_CLOSED      devices.o
    0x08003eb2   0x00000002   PAD
    0x08003eb4   0x000000d0   Code   RO         2527    i.VAVLE_Init        devices.o
    0x08003f84   0x00000046   Code   RO         2528    i.VAVLE_OPEN        devices.o
    0x08003fca   0x00000002   PAD
    0x08003fcc   0x00000020   Code   RO         2529    i.Valve10_Control   devices.o
    0x08003fec   0x00000024   Code   RO         2530    i.Valve1_Control    devices.o
    0x08004010   0x00000024   Code   RO         2531    i.Valve2_Control    devices.o
    0x08004034   0x00000024   Code   RO         2532    i.Valve3_Control    devices.o
    0x08004058   0x00000024   Code   RO         2533    i.Valve4_Control    devices.o
    0x0800407c   0x00000024   Code   RO         2534    i.Valve5_Control    devices.o
    0x080040a0   0x00000024   Code   RO         2535    i.Valve6_Control    devices.o
    0x080040c4   0x00000020   Code   RO         2536    i.Valve7_Control    devices.o
    0x080040e4   0x00000020   Code   RO         2537    i.Valve8_Control    devices.o
    0x08004104   0x00000020   Code   RO         2538    i.Valve9_Control    devices.o
    0x08004124   0x0000000e   Code   RO         3676    i.__scatterload_copy  mc_w.l(handlers.o)
    0x08004132   0x00000002   Code   RO         3677    i.__scatterload_null  mc_w.l(handlers.o)
    0x08004134   0x0000000e   Code   RO         3678    i.__scatterload_zeroinit  mc_w.l(handlers.o)
    0x08004142   0x00000030   Code   RO         2295    i.main              main.o
    0x08004172   0x00000020   Data   RO         2880    .constdata          crc16.o
    0x08004192   0x00000002   PAD
    0x08004194   0x00000002   Data   RO         2969    .constdata          hostprocess.o
    0x08004196   0x00000002   PAD
    0x08004198   0x00000020   Data   RO         3674    Region$$Table       anon$$obj.o


    Execution Region RW_IRAM1 (Base: 0x20000000, Size: 0x00000648, Max: 0x00010000, ABSOLUTE)

    Base Addr    Size         Type   Attr      Idx    E Section Name        Object

    0x20000000   0x00000014   Data   RW          820    .data               stm32f10x_rcc.o
    0x20000014   0x00000001   Data   RW         2062    .data               stm32f10x_it.o
    0x20000015   0x00000003   PAD
    0x20000018   0x000000a1   Data   RW         2357    .data               global_variable.o
    0x200000b9   0x00000003   PAD
    0x200000bc   0x00000005   Data   RW         2394    .data               common.o
    0x200000c1   0x00000005   Data   RW         2751    .data               movement.o
    0x200000c6   0x00000002   PAD
    0x200000c8   0x0000005a   Zero   RW         2356    .bss                global_variable.o
    0x20000122   0x00000121   Zero   RW         3132    .bss                comm_can_fifo.o
    0x20000243   0x00000005   PAD
    0x20000248   0x00000400   Zero   RW           17    STACK               startup_stm32f10x_hd.o


==============================================================================

Image component sizes


      Code (inc. data)   RO Data    RW Data    ZI Data      Debug   Object Name

       540         32          0          0          0       6148   comm.o
       488         18          0          0          0       2313   comm_can.o
       378          0          0          0        289       4701   comm_can_fifo.o
       374         40          0          5          0      19699   common.o
         0          0          0          0          0       4536   core_cm3.o
        86          6         32          0          0       1861   crc16.o
       596         90          0          0          0       4532   device_action.o
      1820        180          0          0          0      12499   devices.o
         0          0          0        161         90       3857   global_variable.o
       580         48          0          0          0       3827   hostcomm.o
       360         46          2          0          0       3896   hostprocess.o
        60          0          0          0          0        863   main.o
       132         22          0          0          0     260587   misc.o
      3650        438          0          0          0      28684   motor.o
       890        162          0          5          0       6250   movement.o
       884         92          0          0          0       6582   sensor.o
        36          8        304          0       1024        772   startup_stm32f10x_hd.o
      1726         38          0          0          0       6559   stm32f10x_can.o
       200         18          0          0          0       1908   stm32f10x_exti.o
       512         10          0          0          0       4748   stm32f10x_gpio.o
       650        122          0          1          0       7622   stm32f10x_it.o
       276         32          0         20          0       4206   stm32f10x_rcc.o
       964         92          0          0          0       8563   stm32f10x_tim.o
       490          6          0          0          0       6837   stm32f10x_usart.o
       328         28          0          0          0       2481   system_stm32f10x.o
        96          6          0          0          0        616   timer5.o

    ----------------------------------------------------------------------
     16152       1534        374        200       1408     415147   Object Totals
         0          0         32          0          0          0   (incl. Generated)
        36          0          4          8          5          0   (incl. Padding)

    ----------------------------------------------------------------------

      Code (inc. data)   RO Data    RW Data    ZI Data      Debug   Library Member Name

         0          0          0          0          0          0   entry.o
         0          0          0          0          0          0   entry10a.o
         0          0          0          0          0          0   entry11a.o
         8          4          0          0          0          0   entry2.o
         4          0          0          0          0          0   entry5.o
         0          0          0          0          0          0   entry7b.o
         0          0          0          0          0          0   entry8b.o
         8          4          0          0          0          0   entry9a.o
        30          0          0          0          0          0   handlers.o
        36          8          0          0          0         68   init.o
         0          0          0          0          0          0   iusefp.o
        36          0          0          0          0         68   memcpya.o
        36          0          0          0          0        108   memseta.o
        40          0          0          0          0         68   ffixui.o
       100          0          0          0          0         76   fmul.o

    ----------------------------------------------------------------------
       298         16          0          0          0        388   Library Totals
         0          0          0          0          0          0   (incl. Padding)

    ----------------------------------------------------------------------

      Code (inc. data)   RO Data    RW Data    ZI Data      Debug   Library Name

       158         16          0          0          0        244   mc_w.l
       140          0          0          0          0        144   mf_w.l

    ----------------------------------------------------------------------
       298         16          0          0          0        388   Library Totals

    ----------------------------------------------------------------------

==============================================================================


      Code (inc. data)   RO Data    RW Data    ZI Data      Debug   

     16450       1550        374        200       1408     404923   Grand Totals
     16450       1550        374        200       1408     404923   ELF Image Totals
     16450       1550        374        200          0          0   ROM Totals

==============================================================================

    Total RO  Size (Code + RO Data)                16824 (  16.43kB)
    Total RW  Size (RW Data + ZI Data)              1608 (   1.57kB)
    Total ROM Size (Code + RO Data + RW Data)      17024 (  16.63kB)

==============================================================================

